Archive member included to satisfy reference by file (symbol)

G:/devkitPro/libctru/lib\libcitro2d.a(base.o)
                              main.o (C2D_Init)
G:/devkitPro/libctru/lib\libcitro2d.a(text.o)
                              gui.o (C2D_TextBufNew)
G:/devkitPro/libctru/lib\libcitro2d.a(spritesheet.o)
                              main.o (C2D_SpriteSheetLoad)
G:/devkitPro/libctru/lib\libcitro2d.a(font.o)
                              G:/devkitPro/libctru/lib\libcitro2d.a(text.o) (C2D_FontGlyphIndexFromCodePoint)
G:/devkitPro/libctru/lib\libcitro2d.a(render2d.shbin.o)
                              G:/devkitPro/libctru/lib\libcitro2d.a(base.o) (render2d_shbin)
G:/devkitPro/libctru/lib\libcitro3d.a(base.o)
                              main.o (C3D_Init)
G:/devkitPro/libctru/lib\libcitro3d.a(renderqueue.o)
                              G:/devkitPro/libctru/lib\libcitro3d.a(base.o) (C3Di_RenderQueueEnableVBlank)
G:/devkitPro/libctru/lib\libcitro3d.a(texture.o)
                              G:/devkitPro/libctru/lib\libcitro2d.a(base.o) (C3D_TexBind)
G:/devkitPro/libctru/lib\libcitro3d.a(tex3ds.o)
                              G:/devkitPro/libctru/lib\libcitro2d.a(spritesheet.o) (Tex3DS_TextureImport)
G:/devkitPro/libctru/lib\libcitro3d.a(framebuffer.o)
                              G:/devkitPro/libctru/lib\libcitro3d.a(renderqueue.o) (C3D_CalcColorBufSize)
G:/devkitPro/libctru/lib\libcitro3d.a(texenv.o)
                              G:/devkitPro/libctru/lib\libcitro2d.a(base.o) (C3D_GetTexEnv)
G:/devkitPro/libctru/lib\libcitro3d.a(proctex.o)
                              G:/devkitPro/libctru/lib\libcitro2d.a(base.o) (C3D_ProcTexInit)
G:/devkitPro/libctru/lib\libcitro3d.a(buffers.o)
                              G:/devkitPro/libctru/lib\libcitro2d.a(base.o) (BufInfo_Init)
G:/devkitPro/libctru/lib\libcitro3d.a(drawArrays.o)
                              G:/devkitPro/libctru/lib\libcitro2d.a(base.o) (C3D_DrawArrays)
G:/devkitPro/libctru/lib\libcitro3d.a(effect.o)
                              G:/devkitPro/libctru/lib\libcitro3d.a(base.o) (C3D_DepthMap)
G:/devkitPro/libctru/lib\libcitro3d.a(attribs.o)
                              G:/devkitPro/libctru/lib\libcitro2d.a(base.o) (AttrInfo_Init)
G:/devkitPro/libctru/lib\libcitro3d.a(immediate.o)
                              G:/devkitPro/libctru/lib\libcitro3d.a(base.o) (C3D_ImmSendAttrib)
G:/devkitPro/libctru/lib\libcitro3d.a(uniforms.o)
                              G:/devkitPro/libctru/lib\libcitro3d.a(base.o) (C3D_UpdateUniforms)
G:/devkitPro/libctru/lib\libcitro3d.a(mtx_ortho.o)
                              G:/devkitPro/libctru/lib\libcitro2d.a(base.o) (Mtx_Ortho)
G:/devkitPro/libctru/lib\libcitro3d.a(mtx_scale.o)
                              G:/devkitPro/libctru/lib\libcitro2d.a(base.o) (Mtx_Scale)
G:/devkitPro/libctru/lib\libcitro3d.a(mtx_multiply.o)
                              G:/devkitPro/libctru/lib\libcitro2d.a(base.o) (Mtx_Multiply)
G:/devkitPro/libctru/lib\libcitro3d.a(mtx_orthotilt.o)
                              G:/devkitPro/libctru/lib\libcitro2d.a(base.o) (Mtx_OrthoTilt)
G:/devkitPro/libctru/lib\libcitro3d.a(mtx_translate.o)
                              G:/devkitPro/libctru/lib\libcitro2d.a(base.o) (Mtx_Translate)
G:/devkitPro/libctru/lib\libcitro3d.a(mtx_rotatez.o)
                              G:/devkitPro/libctru/lib\libcitro2d.a(base.o) (Mtx_RotateZ)
G:/devkitPro/libctru/lib\libctru.a(vram.o)
                              G:/devkitPro/libctru/lib\libcitro3d.a(renderqueue.o) (vramAlloc)
G:/devkitPro/libctru/lib\libctru.a(linear.o)
                              G:/devkitPro/libctru/lib\libcitro2d.a(base.o) (linearAlloc)
G:/devkitPro/libctru/lib\libctru.a(mem_pool.o)
                              G:/devkitPro/libctru/lib\libctru.a(vram.o) (MemPool::Allocate(MemChunk&, unsigned long, int))
G:/devkitPro/libctru/lib\libctru.a(romfs_dev.o)
                              main.o (romfsMountSelf)
G:/devkitPro/libctru/lib\libctru.a(os.o)
                              G:/devkitPro/libctru/lib\libcitro3d.a(texture.o) (osConvertVirtToPhys)
G:/devkitPro/libctru/lib\libctru.a(path_buf.o)
                              G:/devkitPro/libctru/lib\libctru.a(romfs_dev.o) (__ctru_dev_utf16_buf)
G:/devkitPro/libctru/lib\libctru.a(font.o)
                              G:/devkitPro/libctru/lib\libcitro2d.a(text.o) (fontEnsureMapped)
G:/devkitPro/libctru/lib\libctru.a(gfx.o)
                              G:/devkitPro/libctru/lib\libcitro2d.a(base.o) (gfxIsWide)
G:/devkitPro/libctru/lib\libctru.a(shaderProgram.o)
                              G:/devkitPro/libctru/lib\libcitro2d.a(base.o) (shaderInstanceGetUniformLocation)
G:/devkitPro/libctru/lib\libctru.a(shbin.o)
                              G:/devkitPro/libctru/lib\libcitro2d.a(base.o) (DVLB_ParseFile)
G:/devkitPro/libctru/lib\libctru.a(gx.o)
                              G:/devkitPro/libctru/lib\libcitro3d.a(renderqueue.o) (GX_BindQueue)
G:/devkitPro/libctru/lib\libctru.a(gxqueue.o)
[...]
Memory Configuration

Name             Origin             Length             Attributes
*default*        0x0000000000000000 0xffffffffffffffff

Linker script and memory map

                0x0000000000100000                PROVIDE (__start__ = 0x100000)
                0x0000000000100000                . = __start__

.text           0x0000000000100000    0x22914
 *(.crt0)
 .crt0          0x0000000000100000       0x94 g:/devkitpro/devkitarm/bin/../lib/gcc/arm-none-eabi/11.1.0/../../../../arm-none-eabi/lib/armv6k/fpu/3dsx_crt0.o
                0x0000000000100000                _start
                0x0000000000100008                __service_ptr
                0x000000000010000c                __apt_appid
                0x0000000000100010                __heap_size
                0x0000000000100014                __linear_heap_size
                0x0000000000100018                __system_arglist
                0x000000000010001c                __system_runflags
 *(.init)
 .init          0x0000000000100094        0xc g:/devkitpro/devkitarm/bin/../lib/gcc/arm-none-eabi/11.1.0/armv6k/fpu/crti.o
                0x0000000000100094                _init
 .init          0x00000000001000a0        0xc g:/devkitpro/devkitarm/bin/../lib/gcc/arm-none-eabi/11.1.0/armv6k/fpu/crtn.o
                0x00000000001000ac                . = ALIGN (0x4)
 *(.text)
 .text          0x00000000001000ac      0x20c g:/devkitpro/devkitarm/bin/../lib/gcc/arm-none-eabi/11.1.0/armv6k/fpu\libgcc.a(_udivsi3.o)
                0x00000000001000ac                __aeabi_uidiv
                0x00000000001000ac                __udivsi3
                0x0000000000100298                __aeabi_uidivmod
 .text          0x00000000001002b8      0x240 g:/devkitpro/devkitarm/bin/../lib/gcc/arm-none-eabi/11.1.0/armv6k/fpu\libgcc.a(_divsi3.o)
                0x00000000001002b8                __divsi3
                0x00000000001002b8                __aeabi_idiv
                0x00000000001004d8                __aeabi_idivmod
 .text          0x00000000001004f8        0x4 g:/devkitpro/devkitarm/bin/../lib/gcc/arm-none-eabi/11.1.0/armv6k/fpu\libgcc.a(_dvmd_tls.o)
                0x00000000001004f8                __aeabi_idiv0
                0x00000000001004f8                __aeabi_ldiv0
 .text          0x00000000001004fc      0x3c0 g:/devkitpro/devkitarm/bin/../lib/gcc/arm-none-eabi/11.1.0/armv6k/fpu\libgcc.a(_arm_addsubdf3.o)
                0x00000000001004fc                __aeabi_drsub
                0x0000000000100504                __aeabi_dsub
                0x0000000000100504                __subdf3
                0x0000000000100508                __aeabi_dadd
                0x0000000000100508                __adddf3
                0x00000000001007b4                __floatunsidf
                0x00000000001007b4                __aeabi_ui2d
                0x00000000001007d8                __floatsidf
                0x00000000001007d8                __aeabi_i2d
                0x0000000000100800                __aeabi_f2d
                0x0000000000100800                __extendsfdf2
                0x0000000000100848                __floatundidf
                0x0000000000100848                __aeabi_ul2d
                0x000000000010085c                __floatdidf
                0x000000000010085c                __aeabi_l2d
 .text          0x00000000001008bc       0xd4 g:/devkitpro/devkitarm/bin/../lib/gcc/arm-none-eabi/11.1.0/armv6k/fpu\libgcc.a(_aeabi_ldivmod.o)
                0x00000000001008bc                __aeabi_ldivmod
 .text          0x0000000000100990       0x3c g:/devkitpro/devkitarm/bin/../lib/gcc/arm-none-eabi/11.1.0/armv6k/fpu\libgcc.a(_aeabi_uldivmod.o)
                0x0000000000100990                __aeabi_uldivmod
 *fill*         0x00000000001009cc       0x14 
 .text          0x00000000001009e0      0x390 g:/devkitpro/devkitarm/bin/../lib/gcc/arm-none-eabi/11.1.0/../../../../arm-none-eabi/lib/armv6k/fpu\libg.a(lib_a-strcmp.o)
                0x00000000001009e8                strcmp
 *(.text.*)
 .text.__do_global_dtors_aux
                0x0000000000100d70       0x40 g:/devkitpro/devkitarm/bin/../lib/gcc/arm-none-eabi/11.1.0/armv6k/fpu/crtbegin.o
 .text.frame_dummy
                0x0000000000100db0       0x2c g:/devkitpro/devkitarm/bin/../lib/gcc/arm-none-eabi/11.1.0/armv6k/fpu/crtbegin.o
 .text.app      0x0000000000100ddc      0x108 control.o
                0x0000000000100ddc                app
 .text.initBuffer
                0x0000000000100ee4       0x2c gui.o
                0x0000000000100ee4                initBuffer
 .text.initMainScreen
                0x0000000000100f10       0x2c gui.o
                0x0000000000100f10                initMainScreen
 .text.renderMainScreen_Top
                0x0000000000100f3c      0x170 gui.o
                0x0000000000100f3c                renderMainScreen_Top
 .text.renderMainScreen_Bottom
                0x00000000001010ac      0x110 gui.o
                0x00000000001010ac                renderMainScreen_Bottom
 .text.renderShopScreen_Bottom
                0x00000000001011bc      0x1a4 gui.o
                0x00000000001011bc                renderShopScreen_Bottom
 .text.exitScene
                0x0000000000101360       0x20 gui.o
                0x0000000000101360                exitScene
 .text.getInput
                0x0000000000101380       0x3c input.o
                0x0000000000101380                getInput
 .text.ButtonClick
                0x00000000001013bc       0x4c input.o
                0x00000000001013bc                ButtonClick
 .text.C2D_SpriteFromSheet
                0x0000000000101408       0x64 main.o
 .text.startup.main
                0x000000000010146c      0x230 main.o
                0x000000000010146c                main
 .text.C2Di_FrameEndHook
                0x000000000010169c       0x34 G:/devkitPro/libctru/lib\libcitro2d.a(base.o)
 .text.C2D_Init
                0x00000000001016d0      0x330 G:/devkitPro/libctru/lib\libcitro2d.a(base.o)
                0x00000000001016d0                C2D_Init
 .text.C2D_Fini
                0x0000000000101a00       0x44 G:/devkitPro/libctru/lib\libcitro2d.a(base.o)
                0x0000000000101a00                C2D_Fini
 .text.C2D_Prepare
                0x0000000000101a44       0xd0 G:/devkitPro/libctru/lib\libcitro2d.a(base.o)
                0x0000000000101a44                C2D_Prepare
 .text.C2D_Flush
                0x0000000000101b14       0x3c G:/devkitPro/libctru/lib\libcitro2d.a(base.o)
                0x0000000000101b14                C2D_Flush
 .text.C2D_SceneSize
                0x0000000000101b50      0x108 G:/devkitPro/libctru/lib\libcitro2d.a(base.o)
                0x0000000000101b50                C2D_SceneSize
 .text.C2D_CreateScreenTarget
                0x0000000000101c58       0x58 G:/devkitPro/libctru/lib\libcitro2d.a(base.o)
                0x0000000000101c58                C2D_CreateScreenTarget
 .text.C2D_TargetClear
                0x0000000000101cb0       0x58 G:/devkitPro/libctru/lib\libcitro2d.a(base.o)
                0x0000000000101cb0                C2D_TargetClear
 .text.C2Di_CalcQuad
                0x0000000000101d08      0x13c G:/devkitPro/libctru/lib\libcitro2d.a(base.o)
                0x0000000000101d08                C2Di_CalcQuad
 .text.C2Di_AppendVtx
                0x0000000000101e44       0x40 G:/devkitPro/libctru/lib\libcitro2d.a(base.o)
                0x0000000000101e44                C2Di_AppendVtx
 .text.C2Di_Update
                0x0000000000101e84      0x22c G:/devkitPro/libctru/lib\libcitro2d.a(base.o)
                0x0000000000101e84                C2Di_Update
 .text.C2D_DrawImage
                0x00000000001020b0      0x2f8 G:/devkitPro/libctru/lib\libcitro2d.a(base.o)
                0x00000000001020b0                C2D_DrawImage
 .text.C2D_DrawRectangle
                0x00000000001023a8      0x1b0 G:/devkitPro/libctru/lib\libcitro2d.a(base.o)
                0x00000000001023a8                C2D_DrawRectangle
 .text.C2Di_GlyphComp
                0x0000000000102558       0x18 G:/devkitPro/libctru/lib\libcitro2d.a(text.o)
 .text.C2Di_CalcLineWidths
                0x0000000000102570      0x140 G:/devkitPro/libctru/lib\libcitro2d.a(text.o)
 .text.C2D_TextBufNew
                0x00000000001026b0      0x1d0 G:/devkitPro/libctru/lib\libcitro2d.a(text.o)
                0x00000000001026b0                C2D_TextBufNew
 .text.C2D_TextBufDelete
                0x0000000000102880        0x4 G:/devkitPro/libctru/lib\libcitro2d.a(text.o)
                0x0000000000102880                C2D_TextBufDelete
 .text.C2D_TextBufClear
                0x0000000000102884        0xc G:/devkitPro/libctru/lib\libcitro2d.a(text.o)
                0x0000000000102884                C2D_TextBufClear
 .text.C2D_TextFontParseLine
                0x0000000000102890      0x1c8 G:/devkitPro/libctru/lib\libcitro2d.a(text.o)
                0x0000000000102890                C2D_TextFontParseLine
 .text.C2D_TextFontParse
                0x0000000000102a58       0xa8 G:/devkitPro/libctru/lib\libcitro2d.a(text.o)
                0x0000000000102a58                C2D_TextFontParse
 .text.C2D_TextParse
                0x0000000000102b00       0x14 G:/devkitPro/libctru/lib\libcitro2d.a(text.o)
                0x0000000000102b00                C2D_TextParse
 .text.C2D_TextOptimize
                0x0000000000102b14       0x30 G:/devkitPro/libctru/lib\libcitro2d.a(text.o)
                0x0000000000102b14                C2D_TextOptimize
 .text.C2D_DrawText
                0x0000000000102b44     0x10d4 G:/devkitPro/libctru/lib\libcitro2d.a(text.o)
                0x0000000000102b44                C2D_DrawText
 .text.C2D_SpriteSheetLoadFromHandle
                0x0000000000103c18       0x6c G:/devkitPro/libctru/lib\libcitro2d.a(spritesheet.o)
                0x0000000000103c18                C2D_SpriteSheetLoadFromHandle
 .text.C2D_SpriteSheetLoad
                0x0000000000103c84       0x48 G:/devkitPro/libctru/lib\libcitro2d.a(spritesheet.o)
                0x0000000000103c84                C2D_SpriteSheetLoad
 .text.C2D_SpriteSheetFree
                0x0000000000103ccc       0x28 G:/devkitPro/libctru/lib\libcitro2d.a(spritesheet.o)
                0x0000000000103ccc                C2D_SpriteSheetFree
 .text.C2D_SpriteSheetGetImage
                0x0000000000103cf4       0x2c G:/devkitPro/libctru/lib\libcitro2d.a(spritesheet.o)
                0x0000000000103cf4                C2D_SpriteSheetGetImage
 .text.C2D_FontGlyphIndexFromCodePoint
                0x0000000000103d20       0x44 G:/devkitPro/libctru/lib\libcitro2d.a(font.o)
                0x0000000000103d20                C2D_FontGlyphIndexFromCodePoint
 .text.C2D_FontCalcGlyphPos
                0x0000000000103d64       0x78 G:/devkitPro/libctru/lib\libcitro2d.a(font.o)
                0x0000000000103d64                C2D_FontCalcGlyphPos
 .text.C3Di_LightEnvUpdate
                0x0000000000103ddc        0x4 G:/devkitPro/libctru/lib\libcitro3d.a(base.o)
                0x0000000000103ddc                C3Di_LightEnvUpdate
 .text.C3Di_LightEnvDirty
                0x0000000000103de0        0x4 G:/devkitPro/libctru/lib\libcitro3d.a(base.o)
                0x0000000000103de0                C3Di_LightEnvDirty
 .text.C3Di_AptEventHook
                0x0000000000103de4       0xb4 G:/devkitPro/libctru/lib\libcitro3d.a(base.o)
 .text.C3Di_GasUpdate
                0x0000000000103e98        0x4 G:/devkitPro/libctru/lib\libcitro3d.a(base.o)
                0x0000000000103e98                C3Di_GasUpdate
 .text.C3D_Init
                0x0000000000103e9c      0x1e0 G:/devkitPro/libctru/lib\libcitro3d.a(base.o)
                0x0000000000103e9c                C3D_Init
 .text.C3D_SetViewport
                0x000000000010407c       0x98 G:/devkitPro/libctru/lib\libcitro3d.a(base.o)
                0x000000000010407c                C3D_SetViewport
 .text.C3Di_UpdateContext
                0x0000000000104114      0x4ec G:/devkitPro/libctru/lib\libcitro3d.a(base.o)
                0x0000000000104114                C3Di_UpdateContext
 .text.C3Di_SplitFrame
                0x0000000000104600       0xe0 G:/devkitPro/libctru/lib\libcitro3d.a(base.o)
                0x0000000000104600                C3Di_SplitFrame
 .text.C3D_Fini
                0x00000000001046e0       0x44 G:/devkitPro/libctru/lib\libcitro3d.a(base.o)
                0x00000000001046e0                C3D_Fini
 .text.C3D_BindProgram
                0x0000000000104724      0x108 G:/devkitPro/libctru/lib\libcitro3d.a(base.o)
                0x0000000000104724                C3D_BindProgram
 .text.onVBlank0
                0x000000000010482c       0x4c G:/devkitPro/libctru/lib\libcitro3d.a(renderqueue.o)
 .text.onVBlank1
                0x0000000000104878       0x4c G:/devkitPro/libctru/lib\libcitro3d.a(renderqueue.o)
 .text.C3Di_RenderTargetDestroy
                0x00000000001048c4       0x80 G:/devkitPro/libctru/lib\libcitro3d.a(renderqueue.o)
 .text.onQueueFinish
                0x0000000000104944       0xf4 G:/devkitPro/libctru/lib\libcitro3d.a(renderqueue.o)
 .text.C3Di_RenderQueueEnableVBlank
                0x0000000000104a38       0x38 G:/devkitPro/libctru/lib\libcitro3d.a(renderqueue.o)
                0x0000000000104a38                C3Di_RenderQueueEnableVBlank
 .text.C3Di_RenderQueueDisableVBlank
                0x0000000000104a70       0x30 G:/devkitPro/libctru/lib\libcitro3d.a(renderqueue.o)
                0x0000000000104a70                C3Di_RenderQueueDisableVBlank
 .text.C3Di_RenderQueueInit
                0x0000000000104aa0       0x60 G:/devkitPro/libctru/lib\libcitro3d.a(renderqueue.o)
                0x0000000000104aa0                C3Di_RenderQueueInit
 .text.C3Di_RenderQueueExit
                0x0000000000104b00       0xb0 G:/devkitPro/libctru/lib\libcitro3d.a(renderqueue.o)
                0x0000000000104b00                C3Di_RenderQueueExit
 .text.C3Di_RenderQueueWaitDone
                0x0000000000104bb0       0x34 G:/devkitPro/libctru/lib\libcitro3d.a(renderqueue.o)
                0x0000000000104bb0                C3Di_RenderQueueWaitDone
 .text.C3D_FrameBegin
                0x0000000000104be4       0xe4 G:/devkitPro/libctru/lib\libcitro3d.a(renderqueue.o)
                0x0000000000104be4                C3D_FrameBegin
 .text.C3D_FrameDrawOn
                0x0000000000104cc8       0x48 G:/devkitPro/libctru/lib\libcitro3d.a(renderqueue.o)
                0x0000000000104cc8                C3D_FrameDrawOn
 .text.C3D_FrameSplit
                0x0000000000104d10       0x58 G:/devkitPro/libctru/lib\libcitro3d.a(renderqueue.o)
                0x0000000000104d10                C3D_FrameSplit
 .text.C3D_FrameEnd
                0x0000000000104d68      0x1d8 G:/devkitPro/libctru/lib\libcitro3d.a(renderqueue.o)
                0x0000000000104d68                C3D_FrameEnd
 .text.C3D_FrameEndHook
                0x0000000000104f40       0x1c G:/devkitPro/libctru/lib\libcitro3d.a(renderqueue.o)
                0x0000000000104f40                C3D_FrameEndHook
 .text.C3D_RenderTargetCreate
                0x0000000000104f5c      0x128 G:/devkitPro/libctru/lib\libcitro3d.a(renderqueue.o)
                0x0000000000104f5c                C3D_RenderTargetCreate
 .text.C3D_RenderTargetSetOutput
                0x0000000000105084       0xa8 G:/devkitPro/libctru/lib\libcitro3d.a(renderqueue.o)
                0x0000000000105084                C3D_RenderTargetSetOutput
 .text.C3D_SyncTextureCopy
                0x000000000010512c       0xfc G:/devkitPro/libctru/lib\libcitro3d.a(renderqueue.o)
                0x000000000010512c                C3D_SyncTextureCopy
 .text.C3D_TexInitWithParams
                0x0000000000105228      0x2a0 G:/devkitPro/libctru/lib\libcitro3d.a(texture.o)
                0x0000000000105228                C3D_TexInitWithParams
 .text.C3D_TexLoadImage
                0x00000000001054c8       0xc8 G:/devkitPro/libctru/lib\libcitro3d.a(texture.o)
                0x00000000001054c8                C3D_TexLoadImage
 .text.C3D_TexBind
                0x0000000000105590       0x44 G:/devkitPro/libctru/lib\libcitro3d.a(texture.o)
                0x0000000000105590                C3D_TexBind
 .text.C3D_TexDelete
                0x00000000001055d4       0x74 G:/devkitPro/libctru/lib\libcitro3d.a(texture.o)
                0x00000000001055d4                C3D_TexDelete
 .text.C3Di_SetTex
                0x0000000000105648      0x16c G:/devkitPro/libctru/lib\libcitro3d.a(texture.o)
                0x0000000000105648                C3Di_SetTex
 .text.Tex3DSi_ImportCommon
                0x00000000001057b4      0x3f4 G:/devkitPro/libctru/lib\libcitro3d.a(tex3ds.o)
 .text.Tex3DS_TextureImportStdio
                0x0000000000105ba8       0x38 G:/devkitPro/libctru/lib\libcitro3d.a(tex3ds.o)
                0x0000000000105ba8                Tex3DS_TextureImportStdio
 .text.Tex3DS_GetSubTexture
                0x0000000000105be0       0x1c G:/devkitPro/libctru/lib\libcitro3d.a(tex3ds.o)
                0x0000000000105be0                Tex3DS_GetSubTexture
 .text.Tex3DS_TextureFree
                0x0000000000105bfc        0x4 G:/devkitPro/libctru/lib\libcitro3d.a(tex3ds.o)
                0x0000000000105bfc                Tex3DS_TextureFree
 .text.C3D_CalcColorBufSize
                0x0000000000105c00       0x1c G:/devkitPro/libctru/lib\libcitro3d.a(framebuffer.o)
                0x0000000000105c00                C3D_CalcColorBufSize
 .text.C3D_CalcDepthBufSize
                0x0000000000105c1c       0x1c G:/devkitPro/libctru/lib\libcitro3d.a(framebuffer.o)
                0x0000000000105c1c                C3D_CalcDepthBufSize
 .text.C3D_SetFrameBuf
                0x0000000000105c38       0x44 G:/devkitPro/libctru/lib\libcitro3d.a(framebuffer.o)
                0x0000000000105c38                C3D_SetFrameBuf
 .text.C3Di_FrameBufBind
                0x0000000000105c7c      0x16c G:/devkitPro/libctru/lib\libcitro3d.a(framebuffer.o)
                0x0000000000105c7c                C3Di_FrameBufBind
 .text.C3D_FrameBufClear
                0x0000000000105de8       0xcc G:/devkitPro/libctru/lib\libcitro3d.a(framebuffer.o)
                0x0000000000105de8                C3D_FrameBufClear
 .text.C3D_FrameBufTransfer
                0x0000000000105eb4       0x44 G:/devkitPro/libctru/lib\libcitro3d.a(framebuffer.o)
                0x0000000000105eb4                C3D_FrameBufTransfer
 .text.C3D_GetTexEnv
                0x0000000000105ef8       0x34 G:/devkitPro/libctru/lib\libcitro3d.a(texenv.o)
                0x0000000000105ef8                C3D_GetTexEnv
 .text.C3Di_TexEnvBind
                0x0000000000105f2c       0x24 G:/devkitPro/libctru/lib\libcitro3d.a(texenv.o)
                0x0000000000105f2c                C3Di_TexEnvBind
 .text.C3D_ProcTexInit
                0x0000000000105f50       0x70 G:/devkitPro/libctru/lib\libcitro3d.a(proctex.o)
                0x0000000000105f50                C3D_ProcTexInit
 .text.C3D_ProcTexBind
                0x0000000000105fc0       0x54 G:/devkitPro/libctru/lib\libcitro3d.a(proctex.o)
                0x0000000000105fc0                C3D_ProcTexBind
 .text.C3D_ProcTexLutBind
                0x0000000000106014       0x5c G:/devkitPro/libctru/lib\libcitro3d.a(proctex.o)
                0x0000000000106014                C3D_ProcTexLutBind
 .text.ProcTexLut_FromArray
                0x0000000000106070       0xa4 G:/devkitPro/libctru/lib\libcitro3d.a(proctex.o)
                0x0000000000106070                ProcTexLut_FromArray
 .text.C3Di_ProcTexUpdate
                0x0000000000106114      0x17c G:/devkitPro/libctru/lib\libcitro3d.a(proctex.o)
                0x0000000000106114                C3Di_ProcTexUpdate
 .text.C3Di_ProcTexDirty
                0x0000000000106290       0x68 G:/devkitPro/libctru/lib\libcitro3d.a(proctex.o)
                0x0000000000106290                C3Di_ProcTexDirty
 .text.BufInfo_Init
                0x00000000001062f8       0x24 G:/devkitPro/libctru/lib\libcitro3d.a(buffers.o)
                0x00000000001062f8                BufInfo_Init
 .text.BufInfo_Add
                0x000000000010631c       0x80 G:/devkitPro/libctru/lib\libcitro3d.a(buffers.o)
                0x000000000010631c                BufInfo_Add
 .text.C3D_SetBufInfo
                0x000000000010639c       0x40 G:/devkitPro/libctru/lib\libcitro3d.a(buffers.o)
                0x000000000010639c                C3D_SetBufInfo
 .text.C3Di_BufInfoBind
                0x00000000001063dc       0x48 G:/devkitPro/libctru/lib\libcitro3d.a(buffers.o)
                0x00000000001063dc                C3Di_BufInfoBind
 .text.C3D_DrawArrays
                0x0000000000106424      0x148 G:/devkitPro/libctru/lib\libcitro3d.a(drawArrays.o)
                0x0000000000106424                C3D_DrawArrays
 .text.C3D_DepthMap
                0x000000000010656c       0x40 G:/devkitPro/libctru/lib\libcitro3d.a(effect.o)
                0x000000000010656c                C3D_DepthMap
 .text.C3D_CullFace
                0x00000000001065ac       0x1c G:/devkitPro/libctru/lib\libcitro3d.a(effect.o)
                0x00000000001065ac                C3D_CullFace
 .text.C3D_StencilTest
                0x00000000001065c8       0x40 G:/devkitPro/libctru/lib\libcitro3d.a(effect.o)
                0x00000000001065c8                C3D_StencilTest
 .text.C3D_StencilOp
                0x0000000000106608       0x24 G:/devkitPro/libctru/lib\libcitro3d.a(effect.o)
                0x0000000000106608                C3D_StencilOp
 .text.C3D_BlendingColor
                0x000000000010662c       0x1c G:/devkitPro/libctru/lib\libcitro3d.a(effect.o)
                0x000000000010662c                C3D_BlendingColor
 .text.C3D_EarlyDepthTest
                0x0000000000106648       0x24 G:/devkitPro/libctru/lib\libcitro3d.a(effect.o)
                0x0000000000106648                C3D_EarlyDepthTest
 .text.C3D_DepthTest
                0x000000000010666c       0x2c G:/devkitPro/libctru/lib\libcitro3d.a(effect.o)
                0x000000000010666c                C3D_DepthTest
 .text.C3D_AlphaTest
                0x0000000000106698       0x2c G:/devkitPro/libctru/lib\libcitro3d.a(effect.o)
                0x0000000000106698                C3D_AlphaTest
 .text.C3D_AlphaBlend
                0x00000000001066c4       0x50 G:/devkitPro/libctru/lib\libcitro3d.a(effect.o)
                0x00000000001066c4                C3D_AlphaBlend
 .text.C3D_FragOpMode
                0x0000000000106714       0x30 G:/devkitPro/libctru/lib\libcitro3d.a(effect.o)
                0x0000000000106714                C3D_FragOpMode
 .text.C3D_FragOpShadow
                0x0000000000106744       0x44 G:/devkitPro/libctru/lib\libcitro3d.a(effect.o)
                0x0000000000106744                C3D_FragOpShadow
 .text.C3Di_EffectBind
                0x0000000000106788      0x1ac G:/devkitPro/libctru/lib\libcitro3d.a(effect.o)
                0x0000000000106788                C3Di_EffectBind
 .text.AttrInfo_Init
                0x0000000000106934       0x28 G:/devkitPro/libctru/lib\libcitro3d.a(attribs.o)
                0x0000000000106934                AttrInfo_Init
 .text.AttrInfo_AddLoader
                0x000000000010695c       0x98 G:/devkitPro/libctru/lib\libcitro3d.a(attribs.o)
                0x000000000010695c                AttrInfo_AddLoader
 .text.C3D_SetAttrInfo
                0x00000000001069f4       0x54 G:/devkitPro/libctru/lib\libcitro3d.a(attribs.o)
                0x00000000001069f4                C3D_SetAttrInfo
 .text.C3Di_AttrInfoBind
                0x0000000000106a48       0x80 G:/devkitPro/libctru/lib\libcitro3d.a(attribs.o)
                0x0000000000106a48                C3Di_AttrInfoBind
 .text.C3D_ImmSendAttrib
                0x0000000000106ac8       0xa8 G:/devkitPro/libctru/lib\libcitro3d.a(immediate.o)
                0x0000000000106ac8                C3D_ImmSendAttrib
 .text.C3D_UpdateUniforms
                0x0000000000106b70      0x29c G:/devkitPro/libctru/lib\libcitro3d.a(uniforms.o)
                0x0000000000106b70                C3D_UpdateUniforms
 .text.C3Di_DirtyUniforms
                0x0000000000106e0c       0xc0 G:/devkitPro/libctru/lib\libcitro3d.a(uniforms.o)
                0x0000000000106e0c                C3Di_DirtyUniforms
 .text.C3Di_LoadShaderUniforms
                0x0000000000106ecc       0xd8 G:/devkitPro/libctru/lib\libcitro3d.a(uniforms.o)
                0x0000000000106ecc                C3Di_LoadShaderUniforms
 .text.C3Di_ClearShaderUniforms
                0x0000000000106fa4       0x28 G:/devkitPro/libctru/lib\libcitro3d.a(uniforms.o)
                0x0000000000106fa4                C3Di_ClearShaderUniforms
 .text.Mtx_Ortho
                0x0000000000106fcc       0xcc G:/devkitPro/libctru/lib\libcitro3d.a(mtx_ortho.o)
                0x0000000000106fcc                Mtx_Ortho
 .text.Mtx_OrthoTilt
                0x0000000000107098       0xcc G:/devkitPro/libctru/lib\libcitro3d.a(mtx_orthotilt.o)
                0x0000000000107098                Mtx_OrthoTilt
 .text._ZL21addrMapNodeComparatorPK11rbtree_nodeS1_
                0x0000000000107164       0x24 G:/devkitPro/libctru/lib\libctru.a(vram.o)
 .text._ZL21addrMapNodeDestructorP11rbtree_node
                0x0000000000107188        0x4 G:/devkitPro/libctru/lib\libctru.a(vram.o)
 .text.vramMemAlign
                0x000000000010718c      0x114 G:/devkitPro/libctru/lib\libctru.a(vram.o)
                0x000000000010718c                vramMemAlign
 .text.vramAlloc
                0x00000000001072a0        0x8 G:/devkitPro/libctru/lib\libctru.a(vram.o)
                0x00000000001072a0                vramAlloc
 .text.vramFree
                0x00000000001072a8       0x5c G:/devkitPro/libctru/lib\libctru.a(vram.o)
                0x00000000001072a8                vramFree
 .text._ZL21addrMapNodeComparatorPK11rbtree_nodeS1_
                0x0000000000107304       0x24 G:/devkitPro/libctru/lib\libctru.a(linear.o)
 .text._ZL21addrMapNodeDestructorP11rbtree_node
                0x0000000000107328        0x4 G:/devkitPro/libctru/lib\libctru.a(linear.o)
 .text.linearMemAlign
                0x000000000010732c      0x120 G:/devkitPro/libctru/lib\libctru.a(linear.o)
                0x000000000010732c                linearMemAlign
 .text.linearAlloc
                0x000000000010744c        0x8 G:/devkitPro/libctru/lib\libctru.a(linear.o)
                0x000000000010744c                linearAlloc
 .text.linearFree
                0x0000000000107454       0x5c G:/devkitPro/libctru/lib\libctru.a(linear.o)
                0x0000000000107454                linearFree
 .text._ZN7MemPool13CoalesceRightEP8MemBlock
                0x00000000001074b0       0x84 G:/devkitPro/libctru/lib\libctru.a(mem_pool.o)
                0x00000000001074b0                MemPool::CoalesceRight(MemBlock*)
 .text._ZN7MemPool8AllocateER8MemChunkmi
                0x0000000000107534      0x170 G:/devkitPro/libctru/lib\libctru.a(mem_pool.o)
                0x0000000000107534                MemPool::Allocate(MemChunk&, unsigned long, int)
 .text._ZN7MemPool10DeallocateERK8MemChunk
                0x00000000001076a4       0xfc G:/devkitPro/libctru/lib\libctru.a(mem_pool.o)
                0x00000000001076a4                MemPool::Deallocate(MemChunk const&)
 .text.romfs_close
                0x00000000001077a0        0x8 G:/devkitPro/libctru/lib\libctru.a(romfs_dev.o)
 .text.romfs_seek
                0x00000000001077a8       0xc8 G:/devkitPro/libctru/lib\libctru.a(romfs_dev.o)
 .text.romfs_dirreset
                0x0000000000107870       0x24 G:/devkitPro/libctru/lib\libctru.a(romfs_dev.o)
 .text.fill_dir
                0x0000000000107894       0xc8 G:/devkitPro/libctru/lib\libctru.a(romfs_dev.o)
 .text.romfs_dirnext
                0x000000000010795c      0x2b0 G:/devkitPro/libctru/lib\libctru.a(romfs_dev.o)
 .text.romfs_free
                0x0000000000107c0c       0x84 G:/devkitPro/libctru/lib\libctru.a(romfs_dev.o)
 .text.searchForFile.constprop.0
                0x0000000000107c90       0xd4 G:/devkitPro/libctru/lib\libctru.a(romfs_dev.o)
 .text.searchForDir.constprop.0
                0x0000000000107d64       0xd8 G:/devkitPro/libctru/lib\libctru.a(romfs_dev.o)
 .text.navigateToDir.constprop.0
                0x0000000000107e3c      0x1c0 G:/devkitPro/libctru/lib\libctru.a(romfs_dev.o)
 .text.romfs_open
                0x0000000000107ffc      0x128 G:/devkitPro/libctru/lib\libctru.a(romfs_dev.o)
 .text.romfs_chdir
                0x0000000000108124       0x4c G:/devkitPro/libctru/lib\libctru.a(romfs_dev.o)
 .text.romfs_diropen
                0x0000000000108170       0x70 G:/devkitPro/libctru/lib\libctru.a(romfs_dev.o)
 .text.romfs_stat
                0x00000000001081e0      0x17c G:/devkitPro/libctru/lib\libctru.a(romfs_dev.o)
 .text.romfs_dirclose
                0x000000000010835c        0x8 G:/devkitPro/libctru/lib\libctru.a(romfs_dev.o)
 .text.romfs_fstat
                0x0000000000108364       0x7c G:/devkitPro/libctru/lib\libctru.a(romfs_dev.o)
 .text.romfs_read
                0x00000000001083e0       0xd4 G:/devkitPro/libctru/lib\libctru.a(romfs_dev.o)
 .text.romfsMountFromFile
                0x00000000001084b4      0x290 G:/devkitPro/libctru/lib\libctru.a(romfs_dev.o)
                0x00000000001084b4                romfsMountFromFile
 .text.romfsMountFromCurrentProcess
                0x0000000000108744       0x98 G:/devkitPro/libctru/lib\libctru.a(romfs_dev.o)
                0x0000000000108744                romfsMountFromCurrentProcess
 .text.romfsMountSelf
                0x00000000001087dc      0x25c G:/devkitPro/libctru/lib\libctru.a(romfs_dev.o)
                0x00000000001087dc                romfsMountSelf
 .text.osConvertVirtToPhys
                0x0000000000108a38       0x74 G:/devkitPro/libctru/lib\libctru.a(os.o)
                0x0000000000108a38                osConvertVirtToPhys
 .text.osGetTimeRef
                0x0000000000108aac       0x54 G:/devkitPro/libctru/lib\libctru.a(os.o)
                0x0000000000108aac                osGetTimeRef
 .text.osGetTime
                0x0000000000108b00       0xe4 G:/devkitPro/libctru/lib\libctru.a(os.o)
                0x0000000000108b00                osGetTime
 .text.__libctru_gtod
                0x0000000000108be4       0x74 G:/devkitPro/libctru/lib\libctru.a(os.o)
                0x0000000000108be4                __libctru_gtod
 .text.__ctru_speedup_config
                0x0000000000108c58       0x34 G:/devkitPro/libctru/lib\libctru.a(os.o)
                0x0000000000108c58                __ctru_speedup_config
 .text.fontEnsureMapped
                0x0000000000108c8c       0x9c G:/devkitPro/libctru/lib\libctru.a(font.o)
                0x0000000000108c8c                fontEnsureMapped
 .text.fontGlyphIndexFromCodePoint
                0x0000000000108d28       0xfc G:/devkitPro/libctru/lib\libctru.a(font.o)
                0x0000000000108d28                fontGlyphIndexFromCodePoint
 .text.fontGetCharWidthInfo
                0x0000000000108e24       0x6c G:/devkitPro/libctru/lib\libctru.a(font.o)
                0x0000000000108e24                fontGetCharWidthInfo
 .text.fontCalcGlyphPos
                0x0000000000108e90      0x1c0 G:/devkitPro/libctru/lib\libctru.a(font.o)
                0x0000000000108e90                fontCalcGlyphPos
 .text.gfxPresentFramebuffer
                0x0000000000109050       0xd0 G:/devkitPro/libctru/lib\libctru.a(gfx.o)
 .text.gfxIsWide
                0x0000000000109120       0x1c G:/devkitPro/libctru/lib\libctru.a(gfx.o)
                0x0000000000109120                gfxIsWide
 .text.gfxSetScreenFormat
                0x000000000010913c       0xec G:/devkitPro/libctru/lib\libctru.a(gfx.o)
                0x000000000010913c                gfxSetScreenFormat
 .text.gfxInit  0x0000000000109228      0x108 G:/devkitPro/libctru/lib\libctru.a(gfx.o)
                0x0000000000109228                gfxInit
 .text.gfxInitDefault
                0x0000000000109330       0x10 G:/devkitPro/libctru/lib\libctru.a(gfx.o)
                0x0000000000109330                gfxInitDefault
 .text.gfxExit  0x0000000000109340       0xb4 G:/devkitPro/libctru/lib\libctru.a(gfx.o)
                0x0000000000109340                gfxExit
 .text.gfxGetFramebuffer
                0x00000000001093f4       0xa0 G:/devkitPro/libctru/lib\libctru.a(gfx.o)
                0x00000000001093f4                gfxGetFramebuffer
 .text.gfxFlushBuffers
                0x0000000000109494      0x10c G:/devkitPro/libctru/lib\libctru.a(gfx.o)
                0x0000000000109494                gfxFlushBuffers
 .text.gfxScreenSwapBuffers
                0x00000000001095a0       0x30 G:/devkitPro/libctru/lib\libctru.a(gfx.o)
                0x00000000001095a0                gfxScreenSwapBuffers
 .text.shaderInstanceInit
                0x00000000001095d0      0x1e0 G:/devkitPro/libctru/lib\libctru.a(shaderProgram.o)
                0x00000000001095d0                shaderInstanceInit
 .text.shaderInstanceGetUniformLocation
                0x00000000001097b0       0x18 G:/devkitPro/libctru/lib\libctru.a(shaderProgram.o)
                0x00000000001097b0                shaderInstanceGetUniformLocation
 .text.shaderProgramInit
                0x00000000001097c8       0x1c G:/devkitPro/libctru/lib\libctru.a(shaderProgram.o)
                0x00000000001097c8                shaderProgramInit
 .text.shaderProgramFree
                0x00000000001097e4       0x64 G:/devkitPro/libctru/lib\libctru.a(shaderProgram.o)
                0x00000000001097e4                shaderProgramFree
 .text.shaderProgramSetVsh
                0x0000000000109848       0x80 G:/devkitPro/libctru/lib\libctru.a(shaderProgram.o)
                0x0000000000109848                shaderProgramSetVsh
 .text.shaderProgramConfigure
                0x00000000001098c8      0x8c0 G:/devkitPro/libctru/lib\libctru.a(shaderProgram.o)
                0x00000000001098c8                shaderProgramConfigure
 .text.DVLE_GenerateOutmap.part.0
                0x000000000010a188      0x1f8 G:/devkitPro/libctru/lib\libctru.a(shbin.o)
 .text.DVLB_ParseFile
                0x000000000010a380      0x1cc G:/devkitPro/libctru/lib\libctru.a(shbin.o)
                0x000000000010a380                DVLB_ParseFile
 .text.DVLB_Free
                0x000000000010a54c       0x38 G:/devkitPro/libctru/lib\libctru.a(shbin.o)
                0x000000000010a54c                DVLB_Free
 .text.DVLE_GetUniformRegister
                0x000000000010a584       0x74 G:/devkitPro/libctru/lib\libctru.a(shbin.o)
                0x000000000010a584                DVLE_GetUniformRegister
 .text.GX_BindQueue
                0x000000000010a5f8       0x10 G:/devkitPro/libctru/lib\libctru.a(gx.o)
                0x000000000010a5f8                GX_BindQueue
 .text.GX_ProcessCommandList
                0x000000000010a608       0x78 G:/devkitPro/libctru/lib\libctru.a(gx.o)
                0x000000000010a608                GX_ProcessCommandList
 .text.GX_MemoryFill
                0x000000000010a680       0x74 G:/devkitPro/libctru/lib\libctru.a(gx.o)
                0x000000000010a680                GX_MemoryFill
 .text.GX_DisplayTransfer
                0x000000000010a6f4       0x70 G:/devkitPro/libctru/lib\libctru.a(gx.o)
                0x000000000010a6f4                GX_DisplayTransfer
 .text.GX_TextureCopy
                0x000000000010a764       0x74 G:/devkitPro/libctru/lib\libctru.a(gx.o)
                0x000000000010a764                GX_TextureCopy
 .text.gxCmdQueueDoCommands.part.0
                0x000000000010a7d8       0x68 G:/devkitPro/libctru/lib\libctru.a(gxqueue.o)
 .text.gxCmdQueueInterrupt
                0x000000000010a840       0xc8 G:/devkitPro/libctru/lib\libctru.a(gxqueue.o)
                0x000000000010a840                gxCmdQueueInterrupt
 .text.gxCmdQueueClear
                0x000000000010a908       0x4c G:/devkitPro/libctru/lib\libctru.a(gxqueue.o)
                0x000000000010a908                gxCmdQueueClear
 .text.gxCmdQueueAdd
                0x000000000010a954       0xf8 G:/devkitPro/libctru/lib\libctru.a(gxqueue.o)
                0x000000000010a954                gxCmdQueueAdd
 .text.gxCmdQueueRun
                0x000000000010aa4c       0x80 G:/devkitPro/libctru/lib\libctru.a(gxqueue.o)
                0x000000000010aa4c                gxCmdQueueRun
 .text.gxCmdQueueStop
                0x000000000010aacc       0x60 G:/devkitPro/libctru/lib\libctru.a(gxqueue.o)
                0x000000000010aacc                gxCmdQueueStop
 .text.gxCmdQueueWait
                0x000000000010ab2c       0x74 G:/devkitPro/libctru/lib\libctru.a(gxqueue.o)
                0x000000000010ab2c                gxCmdQueueWait
 .text.GPUCMD_Add
                0x000000000010aba0      0x13c G:/devkitPro/libctru/lib\libctru.a(gpu.o)
                0x000000000010aba0                GPUCMD_Add
 .text.GPUCMD_Split
                0x000000000010acdc       0xac G:/devkitPro/libctru/lib\libctru.a(gpu.o)
                0x000000000010acdc                GPUCMD_Split
 .text.f32tof16
                0x000000000010ad88       0x40 G:/devkitPro/libctru/lib\libctru.a(gpu.o)
                0x000000000010ad88                f32tof16
 .text.f32tof24
                0x000000000010adc8       0x40 G:/devkitPro/libctru/lib\libctru.a(gpu.o)
                0x000000000010adc8                f32tof24
 .text.f32tof31
                0x000000000010ae08       0x44 G:/devkitPro/libctru/lib\libctru.a(gpu.o)
                0x000000000010ae08                f32tof31
 .text.gspHardwareInit
                0x000000000010ae4c      0xc58 G:/devkitPro/libctru/lib\libctru.a(gspgpu.o)
 .text.gspInit  0x000000000010baa4      0x254 G:/devkitPro/libctru/lib\libctru.a(gspgpu.o)
                0x000000000010baa4                gspInit
 .text.gspExit  0x000000000010bcf8       0xf0 G:/devkitPro/libctru/lib\libctru.a(gspgpu.o)
                0x000000000010bcf8                gspExit
 .text.gspHasGpuRight
                0x000000000010bde8       0x10 G:/devkitPro/libctru/lib\libctru.a(gspgpu.o)
                0x000000000010bde8                gspHasGpuRight
 .text.gspPresentBuffer
                0x000000000010bdf8       0x98 G:/devkitPro/libctru/lib\libctru.a(gspgpu.o)
                0x000000000010bdf8                gspPresentBuffer
 .text.gspSetEventCallback
                0x000000000010be90       0x30 G:/devkitPro/libctru/lib\libctru.a(gspgpu.o)
                0x000000000010be90                gspSetEventCallback
 .text.gspWaitForEvent
                0x000000000010bec0       0x50 G:/devkitPro/libctru/lib\libctru.a(gspgpu.o)
                0x000000000010bec0                gspWaitForEvent
 .text.gspWaitForAnyEvent
                0x000000000010bf10       0x4c G:/devkitPro/libctru/lib\libctru.a(gspgpu.o)
                0x000000000010bf10                gspWaitForAnyEvent
 .text.gspEventThreadMain
                0x000000000010bf5c      0x160 G:/devkitPro/libctru/lib\libctru.a(gspgpu.o)
 .text.gspSubmitGxCommand
                0x000000000010c0bc      0x130 G:/devkitPro/libctru/lib\libctru.a(gspgpu.o)
                0x000000000010c0bc                gspSubmitGxCommand
 .text.GSPGPU_FlushDataCache
                0x000000000010c1ec       0x50 G:/devkitPro/libctru/lib\libctru.a(gspgpu.o)
                0x000000000010c1ec                GSPGPU_FlushDataCache
 .text.GSPGPU_SetLcdForceBlack
                0x000000000010c23c       0x34 G:/devkitPro/libctru/lib\libctru.a(gspgpu.o)
                0x000000000010c23c                GSPGPU_SetLcdForceBlack
 .text.GSPGPU_AcquireRight
                0x000000000010c270       0x68 G:/devkitPro/libctru/lib\libctru.a(gspgpu.o)
                0x000000000010c270                GSPGPU_AcquireRight
 .text.GSPGPU_ReleaseRight
                0x000000000010c2d8       0x48 G:/devkitPro/libctru/lib\libctru.a(gspgpu.o)
                0x000000000010c2d8                GSPGPU_ReleaseRight
 .text.GSPGPU_ImportDisplayCaptureInfo
                0x000000000010c320       0x7c G:/devkitPro/libctru/lib\libctru.a(gspgpu.o)
                0x000000000010c320                GSPGPU_ImportDisplayCaptureInfo
 .text.GSPGPU_SaveVramSysArea
                0x000000000010c39c       0x2c G:/devkitPro/libctru/lib\libctru.a(gspgpu.o)
                0x000000000010c39c                GSPGPU_SaveVramSysArea
 .text.GSPGPU_RestoreVramSysArea
                0x000000000010c3c8       0x2c G:/devkitPro/libctru/lib\libctru.a(gspgpu.o)
                0x000000000010c3c8                GSPGPU_RestoreVramSysArea
 .text.aptConvertScreenForCapture
                0x000000000010c3f4      0x1b0 G:/devkitPro/libctru/lib\libctru.a(apt.o)
 .text.aptDspSleep
                0x000000000010c5a4        0x8 G:/devkitPro/libctru/lib\libctru.a(apt.o)
                0x000000000010c5a4                aptDspSleep
 .text.aptDspWakeup
                0x000000000010c5ac        0x4 G:/devkitPro/libctru/lib\libctru.a(apt.o)
                0x000000000010c5ac                aptDspWakeup
 .text.aptDspCancel
                0x000000000010c5b0        0x4 G:/devkitPro/libctru/lib\libctru.a(apt.o)
                0x000000000010c5b0                aptDspCancel
 .text.aptSendCommand
                0x000000000010c5b4      0x15c G:/devkitPro/libctru/lib\libctru.a(apt.o)
                0x000000000010c5b4                aptSendCommand
 .text.aptExitProcess
                0x000000000010c710       0x38 G:/devkitPro/libctru/lib\libctru.a(apt.o)
 .text.aptExit  0x000000000010c748      0x2f0 G:/devkitPro/libctru/lib\libctru.a(apt.o)
                0x000000000010c748                aptExit
 .text.aptHandleSleep
                0x000000000010ca38       0xd8 G:/devkitPro/libctru/lib\libctru.a(apt.o)
                0x000000000010ca38                aptHandleSleep
 .text.aptHook  0x000000000010cb10       0x30 G:/devkitPro/libctru/lib\libctru.a(apt.o)
                0x000000000010cb10                aptHook
 .text.aptUnhook
                0x000000000010cb40       0x30 G:/devkitPro/libctru/lib\libctru.a(apt.o)
                0x000000000010cb40                aptUnhook
 .text.APT_SleepIfShellClosed
                0x000000000010cb70       0x84 G:/devkitPro/libctru/lib\libctru.a(apt.o)
                0x000000000010cb70                APT_SleepIfShellClosed
 .text.aptSetSleepAllowed
                0x000000000010cbf4       0x84 G:/devkitPro/libctru/lib\libctru.a(apt.o)
                0x000000000010cbf4                aptSetSleepAllowed
 .text.APT_UnlockTransition
                0x000000000010cc78       0x84 G:/devkitPro/libctru/lib\libctru.a(apt.o)
                0x000000000010cc78                APT_UnlockTransition
 *fill*         0x000000000010ccfc        0x4 
 .text.aptEventHandler
                0x000000000010cd00      0x484 G:/devkitPro/libctru/lib\libctru.a(apt.o)
 .text.APT_ReceiveParameter
                0x000000000010d184       0xb0 G:/devkitPro/libctru/lib\libctru.a(apt.o)
                0x000000000010d184                APT_ReceiveParameter
 .text.aptReceiveParameter.constprop.0
                0x000000000010d234       0xb0 G:/devkitPro/libctru/lib\libctru.a(apt.o)
 *fill*         0x000000000010d2e4        0x4 
 .text.aptScreenTransfer
                0x000000000010d2e8      0x2bc G:/devkitPro/libctru/lib\libctru.a(apt.o)
 .text.aptWaitForWakeUp.isra.0
                0x000000000010d5a4      0x2d0 G:/devkitPro/libctru/lib\libctru.a(apt.o)
 .text.aptJumpToHomeMenu
                0x000000000010d874       0xf8 G:/devkitPro/libctru/lib\libctru.a(apt.o)
                0x000000000010d874                aptJumpToHomeMenu
 .text.aptMainLoop
                0x000000000010d96c       0x4c G:/devkitPro/libctru/lib\libctru.a(apt.o)
                0x000000000010d96c                aptMainLoop
 .text.aptInit  0x000000000010d9b8      0x234 G:/devkitPro/libctru/lib\libctru.a(apt.o)
                0x000000000010d9b8                aptInit
 .text.APT_CheckNew3DS
                0x000000000010dbec       0x7c G:/devkitPro/libctru/lib\libctru.a(apt.o)
                0x000000000010dbec                APT_CheckNew3DS
 .text.APT_GetSharedFont
                0x000000000010dc68       0x48 G:/devkitPro/libctru/lib\libctru.a(apt.o)
                0x000000000010dc68                APT_GetSharedFont
 .text.hidShouldUseIrrst
                0x000000000010dcb0       0x24 G:/devkitPro/libctru/lib\libctru.a(hid.o)
                0x000000000010dcb0                hidShouldUseIrrst
 .text.hidInit  0x000000000010dcd4      0x18c G:/devkitPro/libctru/lib\libctru.a(hid.o)
                0x000000000010dcd4                hidInit
 .text.hidExit  0x000000000010de60       0xe8 G:/devkitPro/libctru/lib\libctru.a(hid.o)
                0x000000000010de60                hidExit
 .text.hidScanInput
                0x000000000010df48      0x294 G:/devkitPro/libctru/lib\libctru.a(hid.o)
                0x000000000010df48                hidScanInput
 .text.hidKeysHeld
                0x000000000010e1dc       0x10 G:/devkitPro/libctru/lib\libctru.a(hid.o)
                0x000000000010e1dc                hidKeysHeld
 .text.hidKeysDown
                0x000000000010e1ec       0x10 G:/devkitPro/libctru/lib\libctru.a(hid.o)
                0x000000000010e1ec                hidKeysDown
 .text.hidKeysUp
                0x000000000010e1fc       0x10 G:/devkitPro/libctru/lib\libctru.a(hid.o)
                0x000000000010e1fc                hidKeysUp
 .text.hidTouchRead
                0x000000000010e20c       0x18 G:/devkitPro/libctru/lib\libctru.a(hid.o)
                0x000000000010e20c                hidTouchRead
 .text.ptmSysmInit
                0x000000000010e224       0x74 G:/devkitPro/libctru/lib\libctru.a(ptmsysm.o)
                0x000000000010e224                ptmSysmInit
 .text.ptmSysmExit
                0x000000000010e298       0x3c G:/devkitPro/libctru/lib\libctru.a(ptmsysm.o)
                0x000000000010e298                ptmSysmExit
 .text.PTMSYSM_ConfigureNew3DSCPU
                0x000000000010e2d4       0x34 G:/devkitPro/libctru/lib\libctru.a(ptmsysm.o)
                0x000000000010e2d4                PTMSYSM_ConfigureNew3DSCPU
 .text.fsInit   0x000000000010e308       0xc8 G:/devkitPro/libctru/lib\libctru.a(fs.o)
                0x000000000010e308                fsInit
 .text.fsExit   0x000000000010e3d0       0x3c G:/devkitPro/libctru/lib\libctru.a(fs.o)
                0x000000000010e3d0                fsExit
 .text.fsExemptFromSession
                0x000000000010e40c       0x60 G:/devkitPro/libctru/lib\libctru.a(fs.o)
                0x000000000010e40c                fsExemptFromSession
 .text.fsUnexemptFromSession
                0x000000000010e46c       0x50 G:/devkitPro/libctru/lib\libctru.a(fs.o)
                0x000000000010e46c                fsUnexemptFromSession
 .text.FSUSER_OpenFile
                0x000000000010e4bc       0xcc G:/devkitPro/libctru/lib\libctru.a(fs.o)
                0x000000000010e4bc                FSUSER_OpenFile
 .text.FSUSER_OpenFileDirectly
                0x000000000010e588       0xd4 G:/devkitPro/libctru/lib\libctru.a(fs.o)
                0x000000000010e588                FSUSER_OpenFileDirectly
 .text.FSUSER_DeleteFile
                0x000000000010e65c       0xbc G:/devkitPro/libctru/lib\libctru.a(fs.o)
                0x000000000010e65c                FSUSER_DeleteFile
 .text.FSUSER_RenameFile
                0x000000000010e718       0xf8 G:/devkitPro/libctru/lib\libctru.a(fs.o)
                0x000000000010e718                FSUSER_RenameFile
 .text.FSUSER_DeleteDirectory
                0x000000000010e810       0xbc G:/devkitPro/libctru/lib\libctru.a(fs.o)
                0x000000000010e810                FSUSER_DeleteDirectory
 .text.FSUSER_CreateFile
                0x000000000010e8cc       0xd4 G:/devkitPro/libctru/lib\libctru.a(fs.o)
                0x000000000010e8cc                FSUSER_CreateFile
 .text.FSUSER_CreateDirectory
                0x000000000010e9a0       0xc4 G:/devkitPro/libctru/lib\libctru.a(fs.o)
                0x000000000010e9a0                FSUSER_CreateDirectory
 .text.FSUSER_RenameDirectory
                0x000000000010ea64       0xf8 G:/devkitPro/libctru/lib\libctru.a(fs.o)
                0x000000000010ea64                FSUSER_RenameDirectory
 .text.FSUSER_OpenDirectory
                0x000000000010eb5c       0xb4 G:/devkitPro/libctru/lib\libctru.a(fs.o)
                0x000000000010eb5c                FSUSER_OpenDirectory
 .text.FSUSER_OpenArchive
                0x000000000010ec10       0x94 G:/devkitPro/libctru/lib\libctru.a(fs.o)
                0x000000000010ec10                FSUSER_OpenArchive
 .text.FSUSER_CloseArchive
                0x000000000010eca4       0x8c G:/devkitPro/libctru/lib\libctru.a(fs.o)
                0x000000000010eca4                FSUSER_CloseArchive
 .text.FSUSER_GetSdmcArchiveResource
                0x000000000010ed30       0x74 G:/devkitPro/libctru/lib\libctru.a(fs.o)
                0x000000000010ed30                FSUSER_GetSdmcArchiveResource
 .text.FSUSER_IsSdmcWritable
                0x000000000010eda4       0x64 G:/devkitPro/libctru/lib\libctru.a(fs.o)
                0x000000000010eda4                FSUSER_IsSdmcWritable
 .text.FSFILE_Read
                0x000000000010ee08       0x58 G:/devkitPro/libctru/lib\libctru.a(fs.o)
                0x000000000010ee08                FSFILE_Read
 .text.FSFILE_Write
                0x000000000010ee60       0x60 G:/devkitPro/libctru/lib\libctru.a(fs.o)
                0x000000000010ee60                FSFILE_Write
 .text.FSFILE_GetSize
                0x000000000010eec0       0x38 G:/devkitPro/libctru/lib\libctru.a(fs.o)
                0x000000000010eec0                FSFILE_GetSize
 .text.FSFILE_SetSize
                0x000000000010eef8       0x28 G:/devkitPro/libctru/lib\libctru.a(fs.o)
                0x000000000010eef8                FSFILE_SetSize
 .text.FSFILE_Close
                0x000000000010ef20       0x3c G:/devkitPro/libctru/lib\libctru.a(fs.o)
                0x000000000010ef20                FSFILE_Close
 .text.FSFILE_Flush
                0x000000000010ef5c       0x24 G:/devkitPro/libctru/lib\libctru.a(fs.o)
                0x000000000010ef5c                FSFILE_Flush
 .text.FSDIR_Read
                0x000000000010ef80       0x50 G:/devkitPro/libctru/lib\libctru.a(fs.o)
                0x000000000010ef80                FSDIR_Read
 .text.FSDIR_Close
                0x000000000010efd0       0x3c G:/devkitPro/libctru/lib\libctru.a(fs.o)
                0x000000000010efd0                FSDIR_Close
 .text.buffer_read
                0x000000000010f00c       0xcc G:/devkitPro/libctru/lib\libctru.a(decompress.o)
 .text.iov_read
                0x000000000010f0d8       0xd0 G:/devkitPro/libctru/lib\libctru.a(decompress.o)
 .text.iov_memmove
                0x000000000010f1a8      0x128 G:/devkitPro/libctru/lib\libctru.a(decompress.o)
 .text.decompress_rle
                0x000000000010f2d0      0x1d8 G:/devkitPro/libctru/lib\libctru.a(decompress.o)
 .text.decompress_lzss
                0x000000000010f4a8      0x258 G:/devkitPro/libctru/lib\libctru.a(decompress.o)
 .text.decompress_huff.part.0
                0x000000000010f700      0x2ec G:/devkitPro/libctru/lib\libctru.a(decompress.o)
 .text.decompress_lz11
                0x000000000010f9ec      0x440 G:/devkitPro/libctru/lib\libctru.a(decompress.o)
 .text.decompressCallback_Stdio
                0x000000000010fe2c       0x10 G:/devkitPro/libctru/lib\libctru.a(decompress.o)
                0x000000000010fe2c                decompressCallback_Stdio
 .text.decompressHeader
                0x000000000010fe3c       0xe4 G:/devkitPro/libctru/lib\libctru.a(decompress.o)
                0x000000000010fe3c                decompressHeader
 .text.decompressV
                0x000000000010ff20      0x250 G:/devkitPro/libctru/lib\libctru.a(decompress.o)
                0x000000000010ff20                decompressV
 .text.rbtree_init
                0x0000000000110170       0x10 G:/devkitPro/libctru/lib\libctru.a(rbtree_init.o)
                0x0000000000110170                rbtree_init
 .text.do_insert
                0x0000000000110180      0x1a0 G:/devkitPro/libctru/lib\libctru.a(rbtree_insert.o)
 .text.rbtree_insert
                0x0000000000110320        0x8 G:/devkitPro/libctru/lib\libctru.a(rbtree_insert.o)
                0x0000000000110320                rbtree_insert
 .text.rbtree_rotate
                0x0000000000110328       0x90 G:/devkitPro/libctru/lib\libctru.a(rbtree_rotate.o)
                0x0000000000110328                rbtree_rotate
 .text.rbtree_remove
                0x00000000001103b8      0x338 G:/devkitPro/libctru/lib\libctru.a(rbtree_remove.o)
                0x00000000001103b8                rbtree_remove
 .text.rbtree_find
                0x00000000001106f0       0x74 G:/devkitPro/libctru/lib\libctru.a(rbtree_find.o)
                0x00000000001106f0                rbtree_find
 .text.utf16_to_utf8
                0x0000000000110764       0xe8 G:/devkitPro/libctru/lib\libctru.a(utf16_to_utf8.o)
                0x0000000000110764                utf16_to_utf8
 .text.decode_utf16
                0x000000000011084c       0x64 G:/devkitPro/libctru/lib\libctru.a(decode_utf16.o)
                0x000000000011084c                decode_utf16
 .text.decode_utf8
                0x00000000001108b0      0x13c G:/devkitPro/libctru/lib\libctru.a(decode_utf8.o)
                0x00000000001108b0                decode_utf8
 .text.utf8_to_utf16
                0x00000000001109ec       0xc0 G:/devkitPro/libctru/lib\libctru.a(utf8_to_utf16.o)
                0x00000000001109ec                utf8_to_utf16
 *fill*         0x0000000000110aac        0x4 
 .text.__system_allocateHeaps
                0x0000000000110ab0      0x1e0 G:/devkitPro/libctru/lib\libctru.a(allocateHeaps.o)
                0x0000000000110ab0                __system_allocateHeaps
 .text.__libctru_init
                0x0000000000110c90       0x38 G:/devkitPro/libctru/lib\libctru.a(ctru_init.o)
                0x0000000000110c90                __libctru_init
 .text.__system_initArgv
                0x0000000000110cc8       0xf0 G:/devkitPro/libctru/lib\libctru.a(initArgv.o)
                0x0000000000110cc8                __system_initArgv
 .text.svcControlMemory
                0x0000000000110db8       0x20 G:/devkitPro/libctru/lib\libctru.a(svc.o)
                0x0000000000110db8                svcControlMemory
 .text.svcQueryMemory
                0x0000000000110dd8       0x30 G:/devkitPro/libctru/lib\libctru.a(svc.o)
                0x0000000000110dd8                svcQueryMemory
 .text.svcExitProcess
                0x0000000000110e08        0x8 G:/devkitPro/libctru/lib\libctru.a(svc.o)
                0x0000000000110e08                svcExitProcess
 .text.svcCreateThread
                0x0000000000110e10       0x20 G:/devkitPro/libctru/lib\libctru.a(svc.o)
                0x0000000000110e10                svcCreateThread
 .text.svcExitThread
                0x0000000000110e30        0x8 G:/devkitPro/libctru/lib\libctru.a(svc.o)
                0x0000000000110e30                svcExitThread
 .text.svcSleepThread
                0x0000000000110e38        0x8 G:/devkitPro/libctru/lib\libctru.a(svc.o)
                0x0000000000110e38                svcSleepThread
 .text.svcReleaseMutex
                0x0000000000110e40        0x8 G:/devkitPro/libctru/lib\libctru.a(svc.o)
                0x0000000000110e40                svcReleaseMutex
 .text.svcCreateEvent
                0x0000000000110e48       0x14 G:/devkitPro/libctru/lib\libctru.a(svc.o)
                0x0000000000110e48                svcCreateEvent
 .text.svcSignalEvent
                0x0000000000110e5c        0x8 G:/devkitPro/libctru/lib\libctru.a(svc.o)
                0x0000000000110e5c                svcSignalEvent
 .text.svcClearEvent
                0x0000000000110e64        0x8 G:/devkitPro/libctru/lib\libctru.a(svc.o)
                0x0000000000110e64                svcClearEvent
 .text.svcMapMemoryBlock
                0x0000000000110e6c        0x8 G:/devkitPro/libctru/lib\libctru.a(svc.o)
                0x0000000000110e6c                svcMapMemoryBlock
 .text.svcUnmapMemoryBlock
                0x0000000000110e74        0x8 G:/devkitPro/libctru/lib\libctru.a(svc.o)
                0x0000000000110e74                svcUnmapMemoryBlock
 .text.svcCreateAddressArbiter
                0x0000000000110e7c       0x14 G:/devkitPro/libctru/lib\libctru.a(svc.o)
                0x0000000000110e7c                svcCreateAddressArbiter
 .text.svcArbitrateAddressNoTimeout
                0x0000000000110e90        0x8 G:/devkitPro/libctru/lib\libctru.a(svc.o)
                0x0000000000110e90                svcArbitrateAddressNoTimeout
 .text.svcCloseHandle
                0x0000000000110e98        0x8 G:/devkitPro/libctru/lib\libctru.a(svc.o)
                0x0000000000110e98                svcCloseHandle
 .text.svcWaitSynchronization
                0x0000000000110ea0        0x8 G:/devkitPro/libctru/lib\libctru.a(svc.o)
                0x0000000000110ea0                svcWaitSynchronization
 .text.svcWaitSynchronizationN
                0x0000000000110ea8       0x28 G:/devkitPro/libctru/lib\libctru.a(svc.o)
                0x0000000000110ea8                svcWaitSynchronizationN
 .text.svcDuplicateHandle
                0x0000000000110ed0       0x14 G:/devkitPro/libctru/lib\libctru.a(svc.o)
                0x0000000000110ed0                svcDuplicateHandle
 .text.svcGetSystemTick
                0x0000000000110ee4        0x8 G:/devkitPro/libctru/lib\libctru.a(svc.o)
                0x0000000000110ee4                svcGetSystemTick
 .text.svcConnectToPort
                0x0000000000110eec       0x14 G:/devkitPro/libctru/lib\libctru.a(svc.o)
                0x0000000000110eec                svcConnectToPort
 .text.svcSendSyncRequest
                0x0000000000110f00        0x8 G:/devkitPro/libctru/lib\libctru.a(svc.o)
                0x0000000000110f00                svcSendSyncRequest
 .text.svcGetResourceLimit
                0x0000000000110f08       0x14 G:/devkitPro/libctru/lib\libctru.a(svc.o)
                0x0000000000110f08                svcGetResourceLimit
 .text.svcGetResourceLimitLimitValues
                0x0000000000110f1c        0x8 G:/devkitPro/libctru/lib\libctru.a(svc.o)
                0x0000000000110f1c                svcGetResourceLimitLimitValues
 .text.svcGetResourceLimitCurrentValues
                0x0000000000110f24        0x8 G:/devkitPro/libctru/lib\libctru.a(svc.o)
                0x0000000000110f24                svcGetResourceLimitCurrentValues
 .text.svcBreak
                0x0000000000110f2c        0x8 G:/devkitPro/libctru/lib\libctru.a(svc.o)
                0x0000000000110f2c                svcBreak
 .text.initSystem
                0x0000000000110f34       0x50 G:/devkitPro/libctru/lib\libctru.a(stack_adjust.o)
                0x0000000000110f34                initSystem
 .text.__ctru_exit
                0x0000000000110f84       0x18 G:/devkitPro/libctru/lib\libctru.a(stack_adjust.o)
                0x0000000000110f84                __ctru_exit
 .text.__aeabi_read_tp
                0x0000000000110f9c        0xc G:/devkitPro/libctru/lib\libctru.a(readtp.o)
                0x0000000000110f9c                __aeabi_read_tp
 .text.__sync_init
                0x0000000000110fa8        0xc G:/devkitPro/libctru/lib\libctru.a(synchronization.o)
                0x0000000000110fa8                __sync_init
 .text.__sync_fini
                0x0000000000110fb4       0x18 G:/devkitPro/libctru/lib\libctru.a(synchronization.o)
                0x0000000000110fb4                __sync_fini
 .text.syncArbitrateAddress
                0x0000000000110fcc       0x2c G:/devkitPro/libctru/lib\libctru.a(synchronization.o)
                0x0000000000110fcc                syncArbitrateAddress
 .text.LightLock_Init
                0x0000000000110ff8       0x1c G:/devkitPro/libctru/lib\libctru.a(synchronization.o)
                0x0000000000110ff8                LightLock_Init
 .text.LightLock_Lock
                0x0000000000111014       0x94 G:/devkitPro/libctru/lib\libctru.a(synchronization.o)
                0x0000000000111014                LightLock_Lock
 .text.LightLock_TryLock
                0x00000000001110a8       0x44 G:/devkitPro/libctru/lib\libctru.a(synchronization.o)
                0x00000000001110a8                LightLock_TryLock
 .text.LightLock_Unlock
                0x00000000001110ec       0x40 G:/devkitPro/libctru/lib\libctru.a(synchronization.o)
                0x00000000001110ec                LightLock_Unlock
 .text.RecursiveLock_Init
                0x000000000011112c       0x24 G:/devkitPro/libctru/lib\libctru.a(synchronization.o)
                0x000000000011112c                RecursiveLock_Init
 .text.RecursiveLock_Lock
                0x0000000000111150       0x30 G:/devkitPro/libctru/lib\libctru.a(synchronization.o)
                0x0000000000111150                RecursiveLock_Lock
 .text.RecursiveLock_TryLock
                0x0000000000111180       0x78 G:/devkitPro/libctru/lib\libctru.a(synchronization.o)
                0x0000000000111180                RecursiveLock_TryLock
 .text.RecursiveLock_Unlock
                0x00000000001111f8       0x54 G:/devkitPro/libctru/lib\libctru.a(synchronization.o)
                0x00000000001111f8                RecursiveLock_Unlock
 .text.LightEvent_Init
                0x000000000011124c       0x40 G:/devkitPro/libctru/lib\libctru.a(synchronization.o)
                0x000000000011124c                LightEvent_Init
 .text.LightEvent_Clear
                0x000000000011128c       0xa4 G:/devkitPro/libctru/lib\libctru.a(synchronization.o)
                0x000000000011128c                LightEvent_Clear
 .text.LightEvent_Signal
                0x0000000000111330       0xc8 G:/devkitPro/libctru/lib\libctru.a(synchronization.o)
                0x0000000000111330                LightEvent_Signal
 .text.LightEvent_TryWait
                0x00000000001113f8       0x58 G:/devkitPro/libctru/lib\libctru.a(synchronization.o)
                0x00000000001113f8                LightEvent_TryWait
 .text.LightEvent_Wait
                0x0000000000111450       0xb0 G:/devkitPro/libctru/lib\libctru.a(synchronization.o)
                0x0000000000111450                LightEvent_Wait
 .text.envGetHandle
                0x0000000000111500       0x84 G:/devkitPro/libctru/lib\libctru.a(env.o)
                0x0000000000111500                envGetHandle
 .text.envDestroyHandles
                0x0000000000111584       0x50 G:/devkitPro/libctru/lib\libctru.a(env.o)
                0x0000000000111584                envDestroyHandles
 .text.srvInit  0x00000000001115d4      0x124 G:/devkitPro/libctru/lib\libctru.a(srv.o)
                0x00000000001115d4                srvInit
 .text.srvExit  0x00000000001116f8       0x58 G:/devkitPro/libctru/lib\libctru.a(srv.o)
                0x00000000001116f8                srvExit
 .text.srvGetServiceHandleDirect
                0x0000000000111750       0x80 G:/devkitPro/libctru/lib\libctru.a(srv.o)
                0x0000000000111750                srvGetServiceHandleDirect
 .text.srvGetServiceHandle
                0x00000000001117d0       0x48 G:/devkitPro/libctru/lib\libctru.a(srv.o)
                0x00000000001117d0                srvGetServiceHandle
 .text.srvPublishToSubscriber
                0x0000000000111818       0x38 G:/devkitPro/libctru/lib\libctru.a(srv.o)
                0x0000000000111818                srvPublishToSubscriber
 .text.threadCreate
                0x0000000000111850      0x188 G:/devkitPro/libctru/lib\libctru.a(thread.o)
                0x0000000000111850                threadCreate
 .text.threadFree
                0x00000000001119d8       0x2c G:/devkitPro/libctru/lib\libctru.a(thread.o)
                0x00000000001119d8                threadFree
 .text.threadJoin
                0x0000000000111a04       0x24 G:/devkitPro/libctru/lib\libctru.a(thread.o)
                0x0000000000111a04                threadJoin
 .text.threadGetCurrent
                0x0000000000111a28       0x30 G:/devkitPro/libctru/lib\libctru.a(thread.o)
                0x0000000000111a28                threadGetCurrent
 .text.threadExit
                0x0000000000111a58       0x40 G:/devkitPro/libctru/lib\libctru.a(thread.o)
                0x0000000000111a58                threadExit
 .text._thread_begin
                0x0000000000111a98       0x44 G:/devkitPro/libctru/lib\libctru.a(thread.o)
 .text.mappableFindAddressWithin
                0x0000000000111adc       0x94 G:/devkitPro/libctru/lib\libctru.a(mappable.o)
 .text.mappableInit
                0x0000000000111b70       0x28 G:/devkitPro/libctru/lib\libctru.a(mappable.o)
                0x0000000000111b70                mappableInit
 .text.mappableAlloc
                0x0000000000111b98       0x80 G:/devkitPro/libctru/lib\libctru.a(mappable.o)
                0x0000000000111b98                mappableAlloc
 .text.mappableFree
                0x0000000000111c18        0x4 G:/devkitPro/libctru/lib\libctru.a(mappable.o)
                0x0000000000111c18                mappableFree
 .text.irrstInit
                0x0000000000111c1c      0x160 G:/devkitPro/libctru/lib\libctru.a(irrst.o)
                0x0000000000111c1c                irrstInit
 .text.irrstExit
                0x0000000000111d7c       0xcc G:/devkitPro/libctru/lib\libctru.a(irrst.o)
                0x0000000000111d7c                irrstExit
 .text.irrstScanInput
                0x0000000000111e48       0xb0 G:/devkitPro/libctru/lib\libctru.a(irrst.o)
                0x0000000000111e48                irrstScanInput
 .text.irrstKeysHeld
                0x0000000000111ef8       0x24 G:/devkitPro/libctru/lib\libctru.a(irrst.o)
                0x0000000000111ef8                irrstKeysHeld
 .text.srvPmGetSessionHandle
                0x0000000000111f1c        0xc G:/devkitPro/libctru/lib\libctru.a(srvpm.o)
                0x0000000000111f1c                srvPmGetSessionHandle
 .text.rbtree_node_next
                0x0000000000111f28       0x50 G:/devkitPro/libctru/lib\libctru.a(rbtree_iterator.o)
                0x0000000000111f28                rbtree_node_next
 .text.encode_utf16
                0x0000000000111f78       0x60 G:/devkitPro/libctru/lib\libctru.a(encode_utf16.o)
                0x0000000000111f78                encode_utf16
 .text.encode_utf8
                0x0000000000111fd8       0xfc G:/devkitPro/libctru/lib\libctru.a(encode_utf8.o)
                0x0000000000111fd8                encode_utf8
 .text.__appInit
                0x00000000001120d4       0x30 G:/devkitPro/libctru/lib\libctru.a(appInit.o)
                0x00000000001120d4                __appInit
 .text.__libctru_nanosleep
                0x0000000000112104       0x30 G:/devkitPro/libctru/lib\libctru.a(syscalls.o)
 .text.__libctru_get_reent
                0x0000000000112134       0x30 G:/devkitPro/libctru/lib\libctru.a(syscalls.o)
 .text.__system_initSyscalls
                0x0000000000112164       0xf8 G:/devkitPro/libctru/lib\libctru.a(syscalls.o)
                0x0000000000112164                __system_initSyscalls
 .text.__appExit
                0x000000000011225c       0x30 G:/devkitPro/libctru/lib\libctru.a(appExit.o)
                0x000000000011225c                __appExit
 .text.__libctru_exit
                0x000000000011228c       0x90 G:/devkitPro/libctru/lib\libctru.a(ctru_exit.o)
                0x000000000011228c                __libctru_exit
 .text.archive_link
                0x000000000011231c       0x14 G:/devkitPro/libctru/lib\libctru.a(archive_dev.o)
 .text.archive_dirreset
                0x0000000000112330       0x14 G:/devkitPro/libctru/lib\libctru.a(archive_dev.o)
 .text.archive_chmod
                0x0000000000112344       0x14 G:/devkitPro/libctru/lib\libctru.a(archive_dev.o)
 .text.error_cmp
                0x0000000000112358       0x24 G:/devkitPro/libctru/lib\libctru.a(archive_dev.o)
 .text.archive_translate_error
                0x000000000011237c       0x50 G:/devkitPro/libctru/lib\libctru.a(archive_dev.o)
 .text.archive_seek
                0x00000000001123cc       0xd4 G:/devkitPro/libctru/lib\libctru.a(archive_dev.o)
 .text._archiveInit.part.0
                0x00000000001124a0       0x7c G:/devkitPro/libctru/lib\libctru.a(archive_dev.o)
 .text.archiveFindDevice.part.0
                0x000000000011251c       0x8c G:/devkitPro/libctru/lib\libctru.a(archive_dev.o)
 .text.archive_utf16path
                0x00000000001125a8      0x294 G:/devkitPro/libctru/lib\libctru.a(archive_dev.o)
 .text._archiveUnmountDeviceStruct.part.0
                0x000000000011283c       0xa0 G:/devkitPro/libctru/lib\libctru.a(archive_dev.o)
 .text.archive_fchmod
                0x00000000001128dc       0x14 G:/devkitPro/libctru/lib\libctru.a(archive_dev.o)
 .text.archive_statvfs
                0x00000000001128f0       0x14 G:/devkitPro/libctru/lib\libctru.a(archive_dev.o)
 .text._archiveMountDevice
                0x0000000000112904      0x158 G:/devkitPro/libctru/lib\libctru.a(archive_dev.o)
 .text.archive_diropen
                0x0000000000112a5c       0xe8 G:/devkitPro/libctru/lib\libctru.a(archive_dev.o)
 .text.archive_fstat
                0x0000000000112b44       0xa4 G:/devkitPro/libctru/lib\libctru.a(archive_dev.o)
 .text.archive_close
                0x0000000000112be8       0x6c G:/devkitPro/libctru/lib\libctru.a(archive_dev.o)
 .text.archive_fsync
                0x0000000000112c54       0x6c G:/devkitPro/libctru/lib\libctru.a(archive_dev.o)
 .text.archive_dirclose
                0x0000000000112cc0       0x70 G:/devkitPro/libctru/lib\libctru.a(archive_dev.o)
 .text.sdmc_statvfs
                0x0000000000112d30       0xe8 G:/devkitPro/libctru/lib\libctru.a(archive_dev.o)
 .text.archive_ftruncate
                0x0000000000112e18       0x80 G:/devkitPro/libctru/lib\libctru.a(archive_dev.o)
 .text.archive_chdir
                0x0000000000112e98       0xfc G:/devkitPro/libctru/lib\libctru.a(archive_dev.o)
 .text.archive_read
                0x0000000000112f94       0xb0 G:/devkitPro/libctru/lib\libctru.a(archive_dev.o)
 .text.archive_unlink
                0x0000000000113044       0xac G:/devkitPro/libctru/lib\libctru.a(archive_dev.o)
 .text.archive_rmdir
                0x00000000001130f0       0xc8 G:/devkitPro/libctru/lib\libctru.a(archive_dev.o)
 .text.archive_mkdir
                0x00000000001131b8       0xec G:/devkitPro/libctru/lib\libctru.a(archive_dev.o)
 .text.archive_stat
                0x00000000001132a4      0x1a8 G:/devkitPro/libctru/lib\libctru.a(archive_dev.o)
 .text.archive_rename
                0x000000000011344c      0x184 G:/devkitPro/libctru/lib\libctru.a(archive_dev.o)
 .text.archive_dirnext
                0x00000000001135d0      0x168 G:/devkitPro/libctru/lib\libctru.a(archive_dev.o)
 .text.archive_write
                0x0000000000113738      0x12c G:/devkitPro/libctru/lib\libctru.a(archive_dev.o)
 .text.archive_open
                0x0000000000113864      0x1f0 G:/devkitPro/libctru/lib\libctru.a(archive_dev.o)
 .text.archiveMountSdmc
                0x0000000000113a54      0x1a4 G:/devkitPro/libctru/lib\libctru.a(archive_dev.o)
                0x0000000000113a54                archiveMountSdmc
 .text.archiveUnmountAll
                0x0000000000113bf8       0x54 G:/devkitPro/libctru/lib\libctru.a(archive_dev.o)
                0x0000000000113bf8                archiveUnmountAll
 *fill*         0x0000000000113c4c        0x4 
 .text.cosf     0x0000000000113c50      0x22c g:/devkitpro/devkitarm/bin/../lib/gcc/arm-none-eabi/11.1.0/../../../../arm-none-eabi/lib/armv6k/fpu\libm.a(lib_a-cosf.o)
                0x0000000000113c50                cosf
 .text.with_errnof
                0x0000000000113e7c       0x24 g:/devkitpro/devkitarm/bin/../lib/gcc/arm-none-eabi/11.1.0/../../../../arm-none-eabi/lib/armv6k/fpu\libm.a(lib_a-math_errf.o)
 .text.__math_invalidf
                0x0000000000113ea0       0x1c g:/devkitpro/devkitarm/bin/../lib/gcc/arm-none-eabi/11.1.0/../../../../arm-none-eabi/lib/armv6k/fpu\libm.a(lib_a-math_errf.o)
                0x0000000000113ea0                __math_invalidf
 .text.ceilf    0x0000000000113ebc       0xb8 g:/devkitpro/devkitarm/bin/../lib/gcc/arm-none-eabi/11.1.0/../../../../arm-none-eabi/lib/armv6k/fpu\libm.a(lib_a-sf_ceil.o)
                0x0000000000113ebc                ceilf
 *fill*         0x0000000000113f74        0x4 
 .text.sinf     0x0000000000113f78      0x26c g:/devkitpro/devkitarm/bin/../lib/gcc/arm-none-eabi/11.1.0/../../../../arm-none-eabi/lib/armv6k/fpu\libm.a(lib_a-sinf.o)
                0x0000000000113f78                sinf
 .text.__udivmoddi4
                0x00000000001141e4      0x120 g:/devkitpro/devkitarm/bin/../lib/gcc/arm-none-eabi/11.1.0/armv6k/fpu\libgcc.a(_udivmoddi4.o)
                0x00000000001141e4                __udivmoddi4
 .text.bsearch  0x0000000000114304       0x78 g:/devkitpro/devkitarm/bin/../lib/gcc/arm-none-eabi/11.1.0/../../../../arm-none-eabi/lib/armv6k/fpu\libg.a(lib_a-bsearch.o)
                0x0000000000114304                bsearch
 .text.calloc   0x000000000011437c       0x28 g:/devkitpro/devkitarm/bin/../lib/gcc/arm-none-eabi/11.1.0/../../../../arm-none-eabi/lib/armv6k/fpu\libg.a(lib_a-calloc.o)
                0x000000000011437c                calloc
 .text._calloc_r
                0x00000000001143a4       0xbc g:/devkitpro/devkitarm/bin/../lib/gcc/arm-none-eabi/11.1.0/../../../../arm-none-eabi/lib/armv6k/fpu\libg.a(lib_a-callocr.o)
                0x00000000001143a4                _calloc_r
 .text.__errno  0x0000000000114460        0xc g:/devkitpro/devkitarm/bin/../lib/gcc/arm-none-eabi/11.1.0/../../../../arm-none-eabi/lib/armv6k/fpu\libg.a(lib_a-errno.o)
                0x0000000000114460                __errno
 .text.exit     0x000000000011446c       0x34 g:/devkitpro/devkitarm/bin/../lib/gcc/arm-none-eabi/11.1.0/../../../../arm-none-eabi/lib/armv6k/fpu\libg.a(lib_a-exit.o)
                0x000000000011446c                exit
 .text._fclose_r
                0x00000000001144a0      0x160 g:/devkitpro/devkitarm/bin/../lib/gcc/arm-none-eabi/11.1.0/../../../../arm-none-eabi/lib/armv6k/fpu\libg.a(lib_a-fclose.o)
                0x00000000001144a0                _fclose_r
 .text.fclose   0x0000000000114600       0x20 g:/devkitpro/devkitarm/bin/../lib/gcc/arm-none-eabi/11.1.0/../../../../arm-none-eabi/lib/armv6k/fpu\libg.a(lib_a-fclose.o)
                0x0000000000114600                fclose
 .text.__sflush_r
                0x0000000000114620      0x258 g:/devkitpro/devkitarm/bin/../lib/gcc/arm-none-eabi/11.1.0/../../../../arm-none-eabi/lib/armv6k/fpu\libg.a(lib_a-fflush.o)
                0x0000000000114620                __sflush_r
 .text._fflush_r
                0x0000000000114878       0x94 g:/devkitpro/devkitarm/bin/../lib/gcc/arm-none-eabi/11.1.0/../../../../arm-none-eabi/lib/armv6k/fpu\libg.a(lib_a-fflush.o)
                0x0000000000114878                _fflush_r
 .text.fflush   0x000000000011490c       0x38 g:/devkitpro/devkitarm/bin/../lib/gcc/arm-none-eabi/11.1.0/../../../../arm-none-eabi/lib/armv6k/fpu\libg.a(lib_a-fflush.o)
                0x000000000011490c                fflush
 .text._cleanup_r
                0x0000000000114944        0xc g:/devkitpro/devkitarm/bin/../lib/gcc/arm-none-eabi/11.1.0/../../../../arm-none-eabi/lib/armv6k/fpu\libg.a(lib_a-findfp.o)
                0x0000000000114944                _cleanup_r
 .text.__sinit  0x0000000000114950      0x184 g:/devkitpro/devkitarm/bin/../lib/gcc/arm-none-eabi/11.1.0/../../../../arm-none-eabi/lib/armv6k/fpu\libg.a(lib_a-findfp.o)
                0x0000000000114950                __sinit
 .text.__sfp    0x0000000000114ad4      0x134 g:/devkitpro/devkitarm/bin/../lib/gcc/arm-none-eabi/11.1.0/../../../../arm-none-eabi/lib/armv6k/fpu\libg.a(lib_a-findfp.o)
                0x0000000000114ad4                __sfp
 .text.__sfp_lock_acquire
                0x0000000000114c08        0xc g:/devkitpro/devkitarm/bin/../lib/gcc/arm-none-eabi/11.1.0/../../../../arm-none-eabi/lib/armv6k/fpu\libg.a(lib_a-findfp.o)
                0x0000000000114c08                __sfp_lock_acquire
 .text.__sfp_lock_release
                0x0000000000114c14        0xc g:/devkitpro/devkitarm/bin/../lib/gcc/arm-none-eabi/11.1.0/../../../../arm-none-eabi/lib/armv6k/fpu\libg.a(lib_a-findfp.o)
                0x0000000000114c14                __sfp_lock_release
 .text.__libc_fini_array
                0x0000000000114c20       0x3c g:/devkitpro/devkitarm/bin/../lib/gcc/arm-none-eabi/11.1.0/../../../../arm-none-eabi/lib/armv6k/fpu\libg.a(lib_a-fini.o)
                0x0000000000114c20                __libc_fini_array
 .text._fopen_r
                0x0000000000114c5c      0x140 g:/devkitpro/devkitarm/bin/../lib/gcc/arm-none-eabi/11.1.0/../../../../arm-none-eabi/lib/armv6k/fpu\libg.a(lib_a-fopen.o)
                0x0000000000114c5c                _fopen_r
 .text.fopen    0x0000000000114d9c       0x28 g:/devkitpro/devkitarm/bin/../lib/gcc/arm-none-eabi/11.1.0/../../../../arm-none-eabi/lib/armv6k/fpu\libg.a(lib_a-fopen.o)
                0x0000000000114d9c                fopen
 .text._fread_r
                0x0000000000114dc4      0x2d4 g:/devkitpro/devkitarm/bin/../lib/gcc/arm-none-eabi/11.1.0/../../../../arm-none-eabi/lib/armv6k/fpu\libg.a(lib_a-fread.o)
                0x0000000000114dc4                _fread_r
 .text.fread    0x0000000000115098       0x38 g:/devkitpro/devkitarm/bin/../lib/gcc/arm-none-eabi/11.1.0/../../../../arm-none-eabi/lib/armv6k/fpu\libg.a(lib_a-fread.o)
                0x0000000000115098                fread
 .text._malloc_trim_r
                0x00000000001150d0       0xf8 g:/devkitpro/devkitarm/bin/../lib/gcc/arm-none-eabi/11.1.0/../../../../arm-none-eabi/lib/armv6k/fpu\libg.a(lib_a-freer.o)
                0x00000000001150d0                _malloc_trim_r
 .text._free_r  0x00000000001151c8      0x2e4 g:/devkitpro/devkitarm/bin/../lib/gcc/arm-none-eabi/11.1.0/../../../../arm-none-eabi/lib/armv6k/fpu\libg.a(lib_a-freer.o)
                0x00000000001151c8                _free_r
 .text._fseek_r
                0x00000000001154ac       0x1c g:/devkitpro/devkitarm/bin/../lib/gcc/arm-none-eabi/11.1.0/../../../../arm-none-eabi/lib/armv6k/fpu\libg.a(lib_a-fseek.o)
                0x00000000001154ac                _fseek_r
 .text._fseeko_r
                0x00000000001154c8      0x598 g:/devkitpro/devkitarm/bin/../lib/gcc/arm-none-eabi/11.1.0/../../../../arm-none-eabi/lib/armv6k/fpu\libg.a(lib_a-fseeko.o)
                0x00000000001154c8                _fseeko_r
 .text._fwalk   0x0000000000115a60       0x68 g:/devkitpro/devkitarm/bin/../lib/gcc/arm-none-eabi/11.1.0/../../../../arm-none-eabi/lib/armv6k/fpu\libg.a(lib_a-fwalk.o)
                0x0000000000115a60                _fwalk
 .text._fwalk_reent
                0x0000000000115ac8       0x70 g:/devkitpro/devkitarm/bin/../lib/gcc/arm-none-eabi/11.1.0/../../../../arm-none-eabi/lib/armv6k/fpu\libg.a(lib_a-fwalk.o)
                0x0000000000115ac8                _fwalk_reent
 .text.__libc_init_array
                0x0000000000115b38       0x7c g:/devkitpro/devkitarm/bin/../lib/gcc/arm-none-eabi/11.1.0/../../../../arm-none-eabi/lib/armv6k/fpu\libg.a(lib_a-init.o)
                0x0000000000115b38                __libc_init_array
 .text.__smakebuf_r
                0x0000000000115bb4      0x138 g:/devkitpro/devkitarm/bin/../lib/gcc/arm-none-eabi/11.1.0/../../../../arm-none-eabi/lib/armv6k/fpu\libg.a(lib_a-makebuf.o)
                0x0000000000115bb4                __smakebuf_r
 .text.__swhatbuf_r
                0x0000000000115cec       0x8c g:/devkitpro/devkitarm/bin/../lib/gcc/arm-none-eabi/11.1.0/../../../../arm-none-eabi/lib/armv6k/fpu\libg.a(lib_a-makebuf.o)
                0x0000000000115cec                __swhatbuf_r
 .text.memalign
                0x0000000000115d78       0x28 g:/devkitpro/devkitarm/bin/../lib/gcc/arm-none-eabi/11.1.0/../../../../arm-none-eabi/lib/armv6k/fpu\libg.a(lib_a-malign.o)
                0x0000000000115d78                memalign
 .text._memalign_r
                0x0000000000115da0      0x150 g:/devkitpro/devkitarm/bin/../lib/gcc/arm-none-eabi/11.1.0/../../../../arm-none-eabi/lib/armv6k/fpu\libg.a(lib_a-malignr.o)
                0x0000000000115da0                _memalign_r
 .text.malloc   0x0000000000115ef0       0x20 g:/devkitpro/devkitarm/bin/../lib/gcc/arm-none-eabi/11.1.0/../../../../arm-none-eabi/lib/armv6k/fpu\libg.a(lib_a-malloc.o)
                0x0000000000115ef0                malloc
 .text.free     0x0000000000115f10       0x20 g:/devkitpro/devkitarm/bin/../lib/gcc/arm-none-eabi/11.1.0/../../../../arm-none-eabi/lib/armv6k/fpu\libg.a(lib_a-malloc.o)
                0x0000000000115f10                free
 .text._malloc_r
                0x0000000000115f30      0x7e0 g:/devkitpro/devkitarm/bin/../lib/gcc/arm-none-eabi/11.1.0/../../../../arm-none-eabi/lib/armv6k/fpu\libg.a(lib_a-mallocr.o)
                0x0000000000115f30                _malloc_r
 .text.memcmp   0x0000000000116710       0xa8 g:/devkitpro/devkitarm/bin/../lib/gcc/arm-none-eabi/11.1.0/../../../../arm-none-eabi/lib/armv6k/fpu\libg.a(lib_a-memcmp.o)
                0x0000000000116710                memcmp
 .text.memcpy   0x00000000001167b8      0x11c g:/devkitpro/devkitarm/bin/../lib/gcc/arm-none-eabi/11.1.0/../../../../arm-none-eabi/lib/armv6k/fpu\libg.a(lib_a-memcpy-stub.o)
                0x00000000001167b8                memcpy
 .text.memset   0x00000000001168d4      0x118 g:/devkitpro/devkitarm/bin/../lib/gcc/arm-none-eabi/11.1.0/../../../../arm-none-eabi/lib/armv6k/fpu\libg.a(lib_a-memset.o)
                0x00000000001168d4                memset
 .text.__malloc_lock
                0x00000000001169ec        0xc g:/devkitpro/devkitarm/bin/../lib/gcc/arm-none-eabi/11.1.0/../../../../arm-none-eabi/lib/armv6k/fpu\libg.a(lib_a-mlock.o)
                0x00000000001169ec                __malloc_lock
 .text.__malloc_unlock
                0x00000000001169f8        0xc g:/devkitpro/devkitarm/bin/../lib/gcc/arm-none-eabi/11.1.0/../../../../arm-none-eabi/lib/armv6k/fpu\libg.a(lib_a-mlock.o)
                0x00000000001169f8                __malloc_unlock
 .text.qsort    0x0000000000116a04      0x958 g:/devkitpro/devkitarm/bin/../lib/gcc/arm-none-eabi/11.1.0/../../../../arm-none-eabi/lib/armv6k/fpu\libg.a(lib_a-qsort.o)
                0x0000000000116a04                qsort
 .text._realloc_r
                0x000000000011735c      0x558 g:/devkitpro/devkitarm/bin/../lib/gcc/arm-none-eabi/11.1.0/../../../../arm-none-eabi/lib/armv6k/fpu\libg.a(lib_a-reallocr.o)
                0x000000000011735c                _realloc_r
 .text.lflush   0x00000000001178b4       0x1c g:/devkitpro/devkitarm/bin/../lib/gcc/arm-none-eabi/11.1.0/../../../../arm-none-eabi/lib/armv6k/fpu\libg.a(lib_a-refill.o)
 .text.__srefill_r
                0x00000000001178d0      0x1ac g:/devkitpro/devkitarm/bin/../lib/gcc/arm-none-eabi/11.1.0/../../../../arm-none-eabi/lib/armv6k/fpu\libg.a(lib_a-refill.o)
                0x00000000001178d0                __srefill_r
 .text.setvbuf  0x0000000000117a7c      0x260 g:/devkitpro/devkitarm/bin/../lib/gcc/arm-none-eabi/11.1.0/../../../../arm-none-eabi/lib/armv6k/fpu\libg.a(lib_a-setvbuf.o)
                0x0000000000117a7c                setvbuf
 .text.snprintf
                0x0000000000117cdc       0xcc g:/devkitpro/devkitarm/bin/../lib/gcc/arm-none-eabi/11.1.0/../../../../arm-none-eabi/lib/armv6k/fpu\libg.a(lib_a-snprintf.o)
                0x0000000000117cdc                snprintf
 .text.__sread  0x0000000000117da8       0x44 g:/devkitpro/devkitarm/bin/../lib/gcc/arm-none-eabi/11.1.0/../../../../arm-none-eabi/lib/armv6k/fpu\libg.a(lib_a-stdio.o)
                0x0000000000117da8                __sread
 .text.__swrite
                0x0000000000117dec       0x68 g:/devkitpro/devkitarm/bin/../lib/gcc/arm-none-eabi/11.1.0/../../../../arm-none-eabi/lib/armv6k/fpu\libg.a(lib_a-stdio.o)
                0x0000000000117dec                __swrite
 .text.__sseek  0x0000000000117e54       0x48 g:/devkitpro/devkitarm/bin/../lib/gcc/arm-none-eabi/11.1.0/../../../../arm-none-eabi/lib/armv6k/fpu\libg.a(lib_a-stdio.o)
                0x0000000000117e54                __sseek
 .text.__sclose
                0x0000000000117e9c        0x8 g:/devkitpro/devkitarm/bin/../lib/gcc/arm-none-eabi/11.1.0/../../../../arm-none-eabi/lib/armv6k/fpu\libg.a(lib_a-stdio.o)
                0x0000000000117e9c                __sclose
 .text.strchr   0x0000000000117ea4      0x12c g:/devkitpro/devkitarm/bin/../lib/gcc/arm-none-eabi/11.1.0/../../../../arm-none-eabi/lib/armv6k/fpu\libg.a(lib_a-strchr.o)
                0x0000000000117ea4                strchr
 .text.strlen   0x0000000000117fd0       0x5c g:/devkitpro/devkitarm/bin/../lib/gcc/arm-none-eabi/11.1.0/../../../../arm-none-eabi/lib/armv6k/fpu\libg.a(lib_a-strlen-stub.o)
                0x0000000000117fd0                strlen
 .text.strncat  0x000000000011802c       0xec g:/devkitpro/devkitarm/bin/../lib/gcc/arm-none-eabi/11.1.0/../../../../arm-none-eabi/lib/armv6k/fpu\libg.a(lib_a-strncat.o)
                0x000000000011802c                strncat
 .text.strncmp  0x0000000000118118       0xdc g:/devkitpro/devkitarm/bin/../lib/gcc/arm-none-eabi/11.1.0/../../../../arm-none-eabi/lib/armv6k/fpu\libg.a(lib_a-strncmp.o)
                0x0000000000118118                strncmp
 .text.strncpy  0x00000000001181f4       0xc0 g:/devkitpro/devkitarm/bin/../lib/gcc/arm-none-eabi/11.1.0/../../../../arm-none-eabi/lib/armv6k/fpu\libg.a(lib_a-strncpy.o)
                0x00000000001181f4                strncpy
 .text.strnlen  0x00000000001182b4       0x48 g:/devkitpro/devkitarm/bin/../lib/gcc/arm-none-eabi/11.1.0/../../../../arm-none-eabi/lib/armv6k/fpu\libg.a(lib_a-strnlen.o)
                0x00000000001182b4                strnlen
 .text.get_arg  0x00000000001182fc      0x628 g:/devkitpro/devkitarm/bin/../lib/gcc/arm-none-eabi/11.1.0/../../../../arm-none-eabi/lib/armv6k/fpu\libg.a(lib_a-svfprintf.o)
 *fill*         0x0000000000118924        0x4 
 .text._svfprintf_r
                0x0000000000118928     0x35b8 g:/devkitpro/devkitarm/bin/../lib/gcc/arm-none-eabi/11.1.0/../../../../arm-none-eabi/lib/armv6k/fpu\libg.a(lib_a-svfprintf.o)
                0x0000000000118928                _svfprintf_r
 .text.time     0x000000000011bee0       0x3c g:/devkitpro/devkitarm/bin/../lib/gcc/arm-none-eabi/11.1.0/../../../../arm-none-eabi/lib/armv6k/fpu\libg.a(lib_a-time.o)
                0x000000000011bee0                time
 .text._wcrtomb_r
                0x000000000011bf1c       0x54 g:/devkitpro/devkitarm/bin/../lib/gcc/arm-none-eabi/11.1.0/../../../../arm-none-eabi/lib/armv6k/fpu\libg.a(lib_a-wcrtomb.o)
                0x000000000011bf1c                _wcrtomb_r
 .text._wcsrtombs_r
                0x000000000011bf70       0x28 g:/devkitpro/devkitarm/bin/../lib/gcc/arm-none-eabi/11.1.0/../../../../arm-none-eabi/lib/armv6k/fpu\libg.a(lib_a-wcsrtombs.o)
                0x000000000011bf70                _wcsrtombs_r
 .text.__call_exitprocs
                0x000000000011bf98      0x114 g:/devkitpro/devkitarm/bin/../lib/gcc/arm-none-eabi/11.1.0/../../../../arm-none-eabi/lib/armv6k/fpu\libg.a(lib_a-__call_atexit.o)
                0x000000000011bf98                __call_exitprocs
 .text.quorem   0x000000000011c0ac      0x1ac g:/devkitpro/devkitarm/bin/../lib/gcc/arm-none-eabi/11.1.0/../../../../arm-none-eabi/lib/armv6k/fpu\libg.a(lib_a-dtoa.o)
 .text._dtoa_r  0x000000000011c258     0x12cc g:/devkitpro/devkitarm/bin/../lib/gcc/arm-none-eabi/11.1.0/../../../../arm-none-eabi/lib/armv6k/fpu\libg.a(lib_a-dtoa.o)
                0x000000000011c258                _dtoa_r
 .text.__sflags
                0x000000000011d524       0xcc g:/devkitpro/devkitarm/bin/../lib/gcc/arm-none-eabi/11.1.0/../../../../arm-none-eabi/lib/armv6k/fpu\libg.a(lib_a-flags.o)
                0x000000000011d524                __sflags
 .text._localeconv_r
                0x000000000011d5f0        0xc g:/devkitpro/devkitarm/bin/../lib/gcc/arm-none-eabi/11.1.0/../../../../arm-none-eabi/lib/armv6k/fpu\libg.a(lib_a-localeconv.o)
                0x000000000011d5f0                _localeconv_r
 .text.__locale_mb_cur_max
                0x000000000011d5fc       0x10 g:/devkitpro/devkitarm/bin/../lib/gcc/arm-none-eabi/11.1.0/../../../../arm-none-eabi/lib/armv6k/fpu\libg.a(lib_a-locale.o)
                0x000000000011d5fc                __locale_mb_cur_max
 .text.__utf8_mbtowc
                0x000000000011d60c      0x2e4 g:/devkitpro/devkitarm/bin/../lib/gcc/arm-none-eabi/11.1.0/../../../../arm-none-eabi/lib/armv6k/fpu\libg.a(lib_a-mbtowc_r.o)
                0x000000000011d60c                __utf8_mbtowc
 .text.memchr   0x000000000011d8f0       0xe0 g:/devkitpro/devkitarm/bin/../lib/gcc/arm-none-eabi/11.1.0/../../../../arm-none-eabi/lib/armv6k/fpu\libg.a(lib_a-memchr-stub.o)
                0x000000000011d8f0                memchr
 .text.memmove  0x000000000011d9d0      0x154 g:/devkitpro/devkitarm/bin/../lib/gcc/arm-none-eabi/11.1.0/../../../../arm-none-eabi/lib/armv6k/fpu\libg.a(lib_a-memmove.o)
                0x000000000011d9d0                memmove
 .text._Balloc  0x000000000011db24       0x88 g:/devkitpro/devkitarm/bin/../lib/gcc/arm-none-eabi/11.1.0/../../../../arm-none-eabi/lib/armv6k/fpu\libg.a(lib_a-mprec.o)
                0x000000000011db24                _Balloc
 .text._Bfree   0x000000000011dbac       0x1c g:/devkitpro/devkitarm/bin/../lib/gcc/arm-none-eabi/11.1.0/../../../../arm-none-eabi/lib/armv6k/fpu\libg.a(lib_a-mprec.o)
                0x000000000011dbac                _Bfree
 .text.__multadd
                0x000000000011dbc8       0xf4 g:/devkitpro/devkitarm/bin/../lib/gcc/arm-none-eabi/11.1.0/../../../../arm-none-eabi/lib/armv6k/fpu\libg.a(lib_a-mprec.o)
                0x000000000011dbc8                __multadd
 .text.__hi0bits
                0x000000000011dcbc       0x58 g:/devkitpro/devkitarm/bin/../lib/gcc/arm-none-eabi/11.1.0/../../../../arm-none-eabi/lib/armv6k/fpu\libg.a(lib_a-mprec.o)
                0x000000000011dcbc                __hi0bits
 .text.__lo0bits
                0x000000000011dd14       0x94 g:/devkitpro/devkitarm/bin/../lib/gcc/arm-none-eabi/11.1.0/../../../../arm-none-eabi/lib/armv6k/fpu\libg.a(lib_a-mprec.o)
                0x000000000011dd14                __lo0bits
 .text.__i2b    0x000000000011dda8       0xa4 g:/devkitpro/devkitarm/bin/../lib/gcc/arm-none-eabi/11.1.0/../../../../arm-none-eabi/lib/armv6k/fpu\libg.a(lib_a-mprec.o)
                0x000000000011dda8                __i2b
 .text.__multiply
                0x000000000011de4c      0x204 g:/devkitpro/devkitarm/bin/../lib/gcc/arm-none-eabi/11.1.0/../../../../arm-none-eabi/lib/armv6k/fpu\libg.a(lib_a-mprec.o)
                0x000000000011de4c                __multiply
 .text.__pow5mult
                0x000000000011e050      0x120 g:/devkitpro/devkitarm/bin/../lib/gcc/arm-none-eabi/11.1.0/../../../../arm-none-eabi/lib/armv6k/fpu\libg.a(lib_a-mprec.o)
                0x000000000011e050                __pow5mult
 .text.__lshift
                0x000000000011e170      0x13c g:/devkitpro/devkitarm/bin/../lib/gcc/arm-none-eabi/11.1.0/../../../../arm-none-eabi/lib/armv6k/fpu\libg.a(lib_a-mprec.o)
                0x000000000011e170                __lshift
 .text.__mcmp   0x000000000011e2ac       0x58 g:/devkitpro/devkitarm/bin/../lib/gcc/arm-none-eabi/11.1.0/../../../../arm-none-eabi/lib/armv6k/fpu\libg.a(lib_a-mprec.o)
                0x000000000011e2ac                __mcmp
 .text.__mdiff  0x000000000011e304      0x1cc g:/devkitpro/devkitarm/bin/../lib/gcc/arm-none-eabi/11.1.0/../../../../arm-none-eabi/lib/armv6k/fpu\libg.a(lib_a-mprec.o)
                0x000000000011e304                __mdiff
 .text.__d2b    0x000000000011e4d0      0x124 g:/devkitpro/devkitarm/bin/../lib/gcc/arm-none-eabi/11.1.0/../../../../arm-none-eabi/lib/armv6k/fpu\libg.a(lib_a-mprec.o)
                0x000000000011e4d0                __d2b
 *fill*         0x000000000011e5f4        0x4 
 .text.frexp    0x000000000011e5f8       0xa8 g:/devkitpro/devkitarm/bin/../lib/gcc/arm-none-eabi/11.1.0/../../../../arm-none-eabi/lib/armv6k/fpu\libg.a(lib_a-s_frexp.o)
                0x000000000011e5f8                frexp
 .text.__ssprint_r
                0x000000000011e6a0      0x190 g:/devkitpro/devkitarm/bin/../lib/gcc/arm-none-eabi/11.1.0/../../../../arm-none-eabi/lib/armv6k/fpu\libg.a(lib_a-svfiprintf.o)
                0x000000000011e6a0                __ssprint_r
 .text._wcsnrtombs_l
                0x000000000011e830      0x190 g:/devkitpro/devkitarm/bin/../lib/gcc/arm-none-eabi/11.1.0/../../../../arm-none-eabi/lib/armv6k/fpu\libg.a(lib_a-wcsnrtombs.o)
                0x000000000011e830                _wcsnrtombs_l
 .text._wcsnrtombs_r
                0x000000000011e9c0       0x4c g:/devkitpro/devkitarm/bin/../lib/gcc/arm-none-eabi/11.1.0/../../../../arm-none-eabi/lib/armv6k/fpu\libg.a(lib_a-wcsnrtombs.o)
                0x000000000011e9c0                _wcsnrtombs_r
 .text.__utf8_wctomb
                0x000000000011ea0c       0xf0 g:/devkitpro/devkitarm/bin/../lib/gcc/arm-none-eabi/11.1.0/../../../../arm-none-eabi/lib/armv6k/fpu\libg.a(lib_a-wctomb_r.o)
                0x000000000011ea0c                __utf8_wctomb
 .text.__assert_func
                0x000000000011eafc       0x54 g:/devkitpro/devkitarm/bin/../lib/gcc/arm-none-eabi/11.1.0/../../../../arm-none-eabi/lib/armv6k/fpu\libg.a(lib_a-assert.o)
                0x000000000011eafc                __assert_func
 .text.fiprintf
                0x000000000011eb50       0x3c g:/devkitpro/devkitarm/bin/../lib/gcc/arm-none-eabi/11.1.0/../../../../arm-none-eabi/lib/armv6k/fpu\libg.a(lib_a-fiprintf.o)
                0x000000000011eb50                fiprintf
 .text.get_arg  0x000000000011eb8c      0x628 g:/devkitpro/devkitarm/bin/../lib/gcc/arm-none-eabi/11.1.0/../../../../arm-none-eabi/lib/armv6k/fpu\libg.a(lib_a-vfiprintf.o)
 .text.__sprint_r
                0x000000000011f1b4       0x30 g:/devkitpro/devkitarm/bin/../lib/gcc/arm-none-eabi/11.1.0/../../../../arm-none-eabi/lib/armv6k/fpu\libg.a(lib_a-vfiprintf.o)
                0x000000000011f1b4                __sprint_r
 .text._vfiprintf_r
                0x000000000011f1e4     0x233c g:/devkitpro/devkitarm/bin/../lib/gcc/arm-none-eabi/11.1.0/../../../../arm-none-eabi/lib/armv6k/fpu\libg.a(lib_a-vfiprintf.o)
                0x000000000011f1e4                _vfiprintf_r