Archive member included to satisfy reference by file (symbol)

C:/devkitPro/libctru/lib\libcitro2d.a(base.o)
                              main.o (C2D_Init)
C:/devkitPro/libctru/lib\libcitro2d.a(text.o)
                              gui.o (C2D_TextBufNew)
C:/devkitPro/libctru/lib\libcitro2d.a(spritesheet.o)
                              main.o (C2D_SpriteSheetLoad)
C:/devkitPro/libctru/lib\libcitro2d.a(font.o)
                              C:/devkitPro/libctru/lib\libcitro2d.a(text.o) (C2D_FontGlyphIndexFromCodePoint)
C:/devkitPro/libctru/lib\libcitro2d.a(render2d.shbin.o)
                              C:/devkitPro/libctru/lib\libcitro2d.a(base.o) (render2d_shbin)
C:/devkitPro/libctru/lib\libcitro3d.a(base.o)
                              main.o (C3D_Init)
C:/devkitPro/libctru/lib\libcitro3d.a(renderqueue.o)
                              C:/devkitPro/libctru/lib\libcitro3d.a(base.o) (C3Di_RenderQueueEnableVBlank)
C:/devkitPro/libctru/lib\libcitro3d.a(texture.o)
                              C:/devkitPro/libctru/lib\libcitro2d.a(base.o) (C3D_TexBind)
C:/devkitPro/libctru/lib\libcitro3d.a(tex3ds.o)
                              C:/devkitPro/libctru/lib\libcitro2d.a(spritesheet.o) (Tex3DS_TextureImport)
C:/devkitPro/libctru/lib\libcitro3d.a(framebuffer.o)
                              C:/devkitPro/libctru/lib\libcitro3d.a(renderqueue.o) (C3D_CalcColorBufSize)
C:/devkitPro/libctru/lib\libcitro3d.a(texenv.o)
                              C:/devkitPro/libctru/lib\libcitro2d.a(base.o) (C3D_GetTexEnv)
C:/devkitPro/libctru/lib\libcitro3d.a(drawElements.o)
                              C:/devkitPro/libctru/lib\libcitro2d.a(base.o) (C3D_DrawElements)
C:/devkitPro/libctru/lib\libcitro3d.a(proctex.o)
                              C:/devkitPro/libctru/lib\libcitro2d.a(base.o) (C3D_ProcTexInit)
C:/devkitPro/libctru/lib\libcitro3d.a(buffers.o)
                              gui.o (BufInfo_Init)
C:/devkitPro/libctru/lib\libcitro3d.a(effect.o)
                              C:/devkitPro/libctru/lib\libcitro3d.a(base.o) (C3D_DepthMap)
C:/devkitPro/libctru/lib\libcitro3d.a(attribs.o)
                              C:/devkitPro/libctru/lib\libcitro2d.a(base.o) (AttrInfo_Init)
C:/devkitPro/libctru/lib\libcitro3d.a(immediate.o)
                              C:/devkitPro/libctru/lib\libcitro3d.a(base.o) (C3D_ImmSendAttrib)
C:/devkitPro/libctru/lib\libcitro3d.a(uniforms.o)
                              C:/devkitPro/libctru/lib\libcitro3d.a(base.o) (C3D_UpdateUniforms)
C:/devkitPro/libctru/lib\libcitro3d.a(mtx_ortho.o)
                              C:/devkitPro/libctru/lib\libcitro2d.a(base.o) (Mtx_Ortho)
C:/devkitPro/libctru/lib\libcitro3d.a(mtx_scale.o)
                              C:/devkitPro/libctru/lib\libcitro2d.a(base.o) (Mtx_Scale)
C:/devkitPro/libctru/lib\libcitro3d.a(mtx_multiply.o)
                              C:/devkitPro/libctru/lib\libcitro2d.a(base.o) (Mtx_Multiply)
C:/devkitPro/libctru/lib\libcitro3d.a(mtx_orthotilt.o)
                              C:/devkitPro/libctru/lib\libcitro2d.a(base.o) (Mtx_OrthoTilt)
C:/devkitPro/libctru/lib\libcitro3d.a(mtx_translate.o)
                              C:/devkitPro/libctru/lib\libcitro2d.a(base.o) (Mtx_Translate)
C:/devkitPro/libctru/lib\libcitro3d.a(mtx_rotatez.o)
                              C:/devkitPro/libctru/lib\libcitro2d.a(base.o) (Mtx_RotateZ)
C:/devkitPro/libctru/lib\libctru.a(vram.o)
                              C:/devkitPro/libctru/lib\libcitro3d.a(renderqueue.o) (vramAlloc)
C:/devkitPro/libctru/lib\libctru.a(linear.o)
                              gui.o (linearAlloc)
C:/devkitPro/libctru/lib\libctru.a(mem_pool.o)
                              C:/devkitPro/libctru/lib\libctru.a(vram.o) (MemPool::Allocate(MemChunk&, unsigned long, int))
C:/devkitPro/libctru/lib\libctru.a(romfs_dev.o)
                              main.o (romfsMountSelf)
C:/devkitPro/libctru/lib\libctru.a(os.o)
                              C:/devkitPro/libctru/lib\libcitro3d.a(texture.o) (osConvertVirtToPhys)
C:/devkitPro/libctru/lib\libctru.a(path_buf.o)
                              C:/devkitPro/libctru/lib\libctru.a(romfs_dev.o) (__ctru_dev_utf16_buf)
C:/devkitPro/libctru/lib\libctru.a(font.o)
                              C:/devkitPro/libctru/lib\libcitro2d.a(text.o) (fontEnsureMapped)
C:/devkitPro/libctru/lib\libctru.a(gfx.o)
                              main.o (gfxSet3D)
C:/devkitPro/libctru/lib\libctru.a(shaderProgram.o)
                              C:/devkitPro/libctru/lib\libcitro2d.a(base.o) (shaderInstanceGetUniformLocation)
C:/devkitPro/libctru/lib\libctru.a(shbin.o)
                              C:/devkitPro/libctru/lib\libcitro2d.a(base.o) (DVLB_ParseFile)
C:/devkitPro/libctru/lib\libctru.a(gx.o)
                              C:/devkitPro/libctru/lib\libcitro3d.a(renderqueue.o) (GX_BindQueue)
C:/devkitPro/libctru/lib\libctru.a(gxqueue.o)
[...]
Memory Configuration

Name             Origin             Length             Attributes
*default*        0x00000000         0xffffffff

Linker script and memory map

                0x00100000                        PROVIDE (__start__ = 0x100000)
                0x00100000                        . = __start__

.text           0x00100000    0x23cf4
 *(.crt0)
 .crt0          0x00100000       0x94 c:/devkitpro/devkitarm/bin/../lib/gcc/arm-none-eabi/12.2.0/../../../../arm-none-eabi/lib/armv6k/fpu/3dsx_crt0.o
                0x00100000                _start
                0x00100008                __service_ptr
                0x0010000c                __apt_appid
                0x00100010                __heap_size
                0x00100014                __linear_heap_size
                0x00100018                __system_arglist
                0x0010001c                __system_runflags
 *(.init)
 .init          0x00100094        0xc c:/devkitpro/devkitarm/bin/../lib/gcc/arm-none-eabi/12.2.0/armv6k/fpu/crti.o
                0x00100094                _init
 .init          0x001000a0        0xc c:/devkitpro/devkitarm/bin/../lib/gcc/arm-none-eabi/12.2.0/armv6k/fpu/crtn.o
                0x001000ac                        . = ALIGN (0x4)
 *(.text)
 .text          0x001000ac      0x20c c:/devkitpro/devkitarm/bin/../lib/gcc/arm-none-eabi/12.2.0/armv6k/fpu\libgcc.a(_udivsi3.o)
                0x001000ac                __aeabi_uidiv
                0x001000ac                __udivsi3
                0x00100298                __aeabi_uidivmod
 .text          0x001002b8      0x240 c:/devkitpro/devkitarm/bin/../lib/gcc/arm-none-eabi/12.2.0/armv6k/fpu\libgcc.a(_divsi3.o)
                0x001002b8                __divsi3
                0x001002b8                __aeabi_idiv
                0x001004d8                __aeabi_idivmod
 .text          0x001004f8        0x4 c:/devkitpro/devkitarm/bin/../lib/gcc/arm-none-eabi/12.2.0/armv6k/fpu\libgcc.a(_dvmd_tls.o)
                0x001004f8                __aeabi_idiv0
                0x001004f8                __aeabi_ldiv0
 .text          0x001004fc      0x3c0 c:/devkitpro/devkitarm/bin/../lib/gcc/arm-none-eabi/12.2.0/armv6k/fpu\libgcc.a(_arm_addsubdf3.o)
                0x001004fc                __aeabi_drsub
                0x00100504                __aeabi_dsub
                0x00100504                __subdf3
                0x00100508                __aeabi_dadd
                0x00100508                __adddf3
                0x001007b4                __floatunsidf
                0x001007b4                __aeabi_ui2d
                0x001007d8                __floatsidf
                0x001007d8                __aeabi_i2d
                0x00100800                __aeabi_f2d
                0x00100800                __extendsfdf2
                0x00100848                __floatundidf
                0x00100848                __aeabi_ul2d
                0x0010085c                __floatdidf
                0x0010085c                __aeabi_l2d
 .text          0x001008bc       0xd4 c:/devkitpro/devkitarm/bin/../lib/gcc/arm-none-eabi/12.2.0/armv6k/fpu\libgcc.a(_aeabi_ldivmod.o)
                0x001008bc                __aeabi_ldivmod
 .text          0x00100990       0x3c c:/devkitpro/devkitarm/bin/../lib/gcc/arm-none-eabi/12.2.0/armv6k/fpu\libgcc.a(_aeabi_uldivmod.o)
                0x00100990                __aeabi_uldivmod
 *fill*         0x001009cc       0x14 
 .text          0x001009e0      0x390 c:/devkitpro/devkitarm/bin/../lib/gcc/arm-none-eabi/12.2.0/../../../../arm-none-eabi/lib/armv6k/fpu\libc.a(libc_a-strcmp.o)
                0x001009e8                strcmp
 *(.text.*)
 .text.__do_global_dtors_aux
                0x00100d70       0x40 c:/devkitpro/devkitarm/bin/../lib/gcc/arm-none-eabi/12.2.0/armv6k/fpu/crtbegin.o
 .text.frame_dummy
                0x00100db0       0x2c c:/devkitpro/devkitarm/bin/../lib/gcc/arm-none-eabi/12.2.0/armv6k/fpu/crtbegin.o
 .text.app      0x00100ddc      0x3b8 control.o
                0x00100ddc                app
 .text.RandomNumber
                0x00101194       0x3c control.o
                0x00101194                RandomNumber
 .text.initBuffer
                0x001011d0       0xa0 gui.o
                0x001011d0                initBuffer
 .text.initMainScreen
                0x00101270       0x34 gui.o
                0x00101270                initMainScreen
 .text.renderMainScreen_Top
                0x001012a4      0x1a4 gui.o
                0x001012a4                renderMainScreen_Top
 .text.renderMainScreen_Bottom
                0x00101448      0x118 gui.o
                0x00101448                renderMainScreen_Bottom
 .text.renderShopScreen_Bottom
                0x00101560      0x300 gui.o
                0x00101560                renderShopScreen_Bottom
 .text.MessageBox
                0x00101860      0x294 gui.o
                0x00101860                MessageBox
 .text.exitScene
                0x00101af4       0x28 gui.o
                0x00101af4                exitScene
 .text.getInput
                0x00101b1c       0x4c input.o
                0x00101b1c                getInput
 .text.ButtonClick
                0x00101b68       0x58 input.o
                0x00101b68                ButtonClick
 .text.C2D_SpriteFromSheet
                0x00101bc0       0x64 main.o
 .text.C2D_SpriteSetScale.constprop.0
                0x00101c24       0x68 main.o
 *fill*         0x00101c8c        0x4 
 .text.startup.main
                0x00101c90      0x684 main.o
                0x00101c90                main
 .text.prepMsgBox
                0x00102314       0x64 main.o
                0x00102314                prepMsgBox
 .text.C2Di_FrameEndHook
                0x00102378       0x44 C:/devkitPro/libctru/lib\libcitro2d.a(base.o)
 *fill*         0x001023bc        0x4 
 .text.C2D_Init
                0x001023c0      0x36c C:/devkitPro/libctru/lib\libcitro2d.a(base.o)
                0x001023c0                C2D_Init
 .text.C2D_Fini
                0x0010272c       0x4c C:/devkitPro/libctru/lib\libcitro2d.a(base.o)
                0x0010272c                C2D_Fini
 .text.C2D_Prepare
                0x00102778       0xb8 C:/devkitPro/libctru/lib\libcitro2d.a(base.o)
                0x00102778                C2D_Prepare
 .text.C2D_Flush
                0x00102830       0x48 C:/devkitPro/libctru/lib\libcitro2d.a(base.o)
                0x00102830                C2D_Flush
 .text.C2D_SceneSize
                0x00102878      0x104 C:/devkitPro/libctru/lib\libcitro2d.a(base.o)
                0x00102878                C2D_SceneSize
 .text.C2D_CreateScreenTarget
                0x0010297c       0x58 C:/devkitPro/libctru/lib\libcitro2d.a(base.o)
                0x0010297c                C2D_CreateScreenTarget
 .text.C2D_TargetClear
                0x001029d4       0x64 C:/devkitPro/libctru/lib\libcitro2d.a(base.o)
                0x001029d4                C2D_TargetClear
 .text.C2Di_CalcQuad
                0x00102a38      0x13c C:/devkitPro/libctru/lib\libcitro2d.a(base.o)
                0x00102a38                C2Di_CalcQuad
 .text.C2Di_AppendQuad
                0x00102b74       0x58 C:/devkitPro/libctru/lib\libcitro2d.a(base.o)
                0x00102b74                C2Di_AppendQuad
 .text.C2Di_AppendVtx
                0x00102bcc       0x40 C:/devkitPro/libctru/lib\libcitro2d.a(base.o)
                0x00102bcc                C2Di_AppendVtx
 .text.C2Di_Update
                0x00102c0c      0x550 C:/devkitPro/libctru/lib\libcitro2d.a(base.o)
                0x00102c0c                C2Di_Update
 .text.C2D_DrawImage
                0x0010315c      0x2b0 C:/devkitPro/libctru/lib\libcitro2d.a(base.o)
                0x0010315c                C2D_DrawImage
 .text.C2D_DrawRectangle
                0x0010340c      0x158 C:/devkitPro/libctru/lib\libcitro2d.a(base.o)
                0x0010340c                C2D_DrawRectangle
 .text.C2Di_GlyphComp
                0x00103564       0x18 C:/devkitPro/libctru/lib\libcitro2d.a(text.o)
 .text.C2Di_CalcLineWidths
                0x0010357c      0x140 C:/devkitPro/libctru/lib\libcitro2d.a(text.o)
 .text.C2D_TextBufNew
                0x001036bc      0x1dc C:/devkitPro/libctru/lib\libcitro2d.a(text.o)
                0x001036bc                C2D_TextBufNew
 .text.C2D_TextBufDelete
                0x00103898        0x4 C:/devkitPro/libctru/lib\libcitro2d.a(text.o)
                0x00103898                C2D_TextBufDelete
 .text.C2D_TextBufClear
                0x0010389c        0xc C:/devkitPro/libctru/lib\libcitro2d.a(text.o)
                0x0010389c                C2D_TextBufClear
 .text.C2D_TextFontParseLine
                0x001038a8      0x1c8 C:/devkitPro/libctru/lib\libcitro2d.a(text.o)
                0x001038a8                C2D_TextFontParseLine
 .text.C2D_TextFontParse
                0x00103a70       0xa8 C:/devkitPro/libctru/lib\libcitro2d.a(text.o)
                0x00103a70                C2D_TextFontParse
 .text.C2D_TextParse
                0x00103b18       0x14 C:/devkitPro/libctru/lib\libcitro2d.a(text.o)
                0x00103b18                C2D_TextParse
 .text.C2D_TextOptimize
                0x00103b2c       0x30 C:/devkitPro/libctru/lib\libcitro2d.a(text.o)
                0x00103b2c                C2D_TextOptimize
 .text.C2D_DrawText
                0x00103b5c      0xf6c C:/devkitPro/libctru/lib\libcitro2d.a(text.o)
                0x00103b5c                C2D_DrawText
 .text.C2D_SpriteSheetLoadFromHandle
                0x00104ac8       0x6c C:/devkitPro/libctru/lib\libcitro2d.a(spritesheet.o)
                0x00104ac8                C2D_SpriteSheetLoadFromHandle
 .text.C2D_SpriteSheetLoad
                0x00104b34       0x48 C:/devkitPro/libctru/lib\libcitro2d.a(spritesheet.o)
                0x00104b34                C2D_SpriteSheetLoad
 .text.C2D_SpriteSheetFree
                0x00104b7c       0x28 C:/devkitPro/libctru/lib\libcitro2d.a(spritesheet.o)
                0x00104b7c                C2D_SpriteSheetFree
 .text.C2D_SpriteSheetGetImage
                0x00104ba4       0x2c C:/devkitPro/libctru/lib\libcitro2d.a(spritesheet.o)
                0x00104ba4                C2D_SpriteSheetGetImage
 .text.C2D_FontGlyphIndexFromCodePoint
                0x00104bd0       0x44 C:/devkitPro/libctru/lib\libcitro2d.a(font.o)
                0x00104bd0                C2D_FontGlyphIndexFromCodePoint
 .text.C2D_FontCalcGlyphPos
                0x00104c14       0x78 C:/devkitPro/libctru/lib\libcitro2d.a(font.o)
                0x00104c14                C2D_FontCalcGlyphPos
 .text.C3Di_LightEnvUpdate
                0x00104c8c        0x4 C:/devkitPro/libctru/lib\libcitro3d.a(base.o)
                0x00104c8c                C3Di_LightEnvUpdate
 .text.C3Di_LightEnvDirty
                0x00104c90        0x4 C:/devkitPro/libctru/lib\libcitro3d.a(base.o)
                0x00104c90                C3Di_LightEnvDirty
 .text.C3Di_AptEventHook
                0x00104c94       0xb4 C:/devkitPro/libctru/lib\libcitro3d.a(base.o)
 .text.C3Di_GasUpdate
                0x00104d48        0x4 C:/devkitPro/libctru/lib\libcitro3d.a(base.o)
                0x00104d48                C3Di_GasUpdate
 .text.C3D_Init
                0x00104d4c      0x1e0 C:/devkitPro/libctru/lib\libcitro3d.a(base.o)
                0x00104d4c                C3D_Init
 .text.C3D_SetViewport
                0x00104f2c       0x98 C:/devkitPro/libctru/lib\libcitro3d.a(base.o)
                0x00104f2c                C3D_SetViewport
 .text.C3Di_UpdateContext
                0x00104fc4      0x4e8 C:/devkitPro/libctru/lib\libcitro3d.a(base.o)
                0x00104fc4                C3Di_UpdateContext
 .text.C3Di_SplitFrame
                0x001054ac       0xe0 C:/devkitPro/libctru/lib\libcitro3d.a(base.o)
                0x001054ac                C3Di_SplitFrame
 .text.C3D_Fini
                0x0010558c       0x44 C:/devkitPro/libctru/lib\libcitro3d.a(base.o)
                0x0010558c                C3D_Fini
 .text.C3D_BindProgram
                0x001055d0      0x114 C:/devkitPro/libctru/lib\libcitro3d.a(base.o)
                0x001055d0                C3D_BindProgram
 .text.onVBlank0
                0x001056e4       0x4c C:/devkitPro/libctru/lib\libcitro3d.a(renderqueue.o)
 .text.onVBlank1
                0x00105730       0x4c C:/devkitPro/libctru/lib\libcitro3d.a(renderqueue.o)
 .text.C3Di_RenderTargetDestroy
                0x0010577c       0x80 C:/devkitPro/libctru/lib\libcitro3d.a(renderqueue.o)
 .text.onQueueFinish
                0x001057fc       0xf4 C:/devkitPro/libctru/lib\libcitro3d.a(renderqueue.o)
 .text.C3Di_RenderQueueEnableVBlank
                0x001058f0       0x38 C:/devkitPro/libctru/lib\libcitro3d.a(renderqueue.o)
                0x001058f0                C3Di_RenderQueueEnableVBlank
 .text.C3Di_RenderQueueDisableVBlank
                0x00105928       0x30 C:/devkitPro/libctru/lib\libcitro3d.a(renderqueue.o)
                0x00105928                C3Di_RenderQueueDisableVBlank
 .text.C3Di_RenderQueueInit
                0x00105958       0x60 C:/devkitPro/libctru/lib\libcitro3d.a(renderqueue.o)
                0x00105958                C3Di_RenderQueueInit
 .text.C3Di_RenderQueueExit
                0x001059b8       0xb0 C:/devkitPro/libctru/lib\libcitro3d.a(renderqueue.o)
                0x001059b8                C3Di_RenderQueueExit
 .text.C3Di_RenderQueueWaitDone
                0x00105a68       0x34 C:/devkitPro/libctru/lib\libcitro3d.a(renderqueue.o)
                0x00105a68                C3Di_RenderQueueWaitDone
 .text.C3D_FrameBegin
                0x00105a9c       0xe4 C:/devkitPro/libctru/lib\libcitro3d.a(renderqueue.o)
                0x00105a9c                C3D_FrameBegin
 .text.C3D_FrameDrawOn
                0x00105b80       0x48 C:/devkitPro/libctru/lib\libcitro3d.a(renderqueue.o)
                0x00105b80                C3D_FrameDrawOn
 .text.C3D_FrameSplit
                0x00105bc8       0x58 C:/devkitPro/libctru/lib\libcitro3d.a(renderqueue.o)
                0x00105bc8                C3D_FrameSplit
 .text.C3D_FrameEnd
                0x00105c20      0x1d8 C:/devkitPro/libctru/lib\libcitro3d.a(renderqueue.o)
                0x00105c20                C3D_FrameEnd
 .text.C3D_FrameEndHook
                0x00105df8       0x1c C:/devkitPro/libctru/lib\libcitro3d.a(renderqueue.o)
                0x00105df8                C3D_FrameEndHook
 .text.C3D_RenderTargetCreate
                0x00105e14      0x184 C:/devkitPro/libctru/lib\libcitro3d.a(renderqueue.o)
                0x00105e14                C3D_RenderTargetCreate
 .text.C3D_RenderTargetSetOutput
                0x00105f98       0xa8 C:/devkitPro/libctru/lib\libcitro3d.a(renderqueue.o)
                0x00105f98                C3D_RenderTargetSetOutput
 .text.C3D_SyncTextureCopy
                0x00106040       0xfc C:/devkitPro/libctru/lib\libcitro3d.a(renderqueue.o)
                0x00106040                C3D_SyncTextureCopy
 .text.C3D_TexInitWithParams
                0x0010613c      0x294 C:/devkitPro/libctru/lib\libcitro3d.a(texture.o)
                0x0010613c                C3D_TexInitWithParams
 .text.C3D_TexLoadImage
                0x001063d0       0xc8 C:/devkitPro/libctru/lib\libcitro3d.a(texture.o)
                0x001063d0                C3D_TexLoadImage
 .text.C3D_TexBind
                0x00106498       0x44 C:/devkitPro/libctru/lib\libcitro3d.a(texture.o)
                0x00106498                C3D_TexBind
 .text.C3D_TexDelete
                0x001064dc       0x74 C:/devkitPro/libctru/lib\libcitro3d.a(texture.o)
                0x001064dc                C3D_TexDelete
 .text.C3Di_SetTex
                0x00106550      0x16c C:/devkitPro/libctru/lib\libcitro3d.a(texture.o)
                0x00106550                C3Di_SetTex
 .text.Tex3DSi_ImportCommon
                0x001066bc      0x3f4 C:/devkitPro/libctru/lib\libcitro3d.a(tex3ds.o)
 .text.Tex3DS_TextureImportStdio
                0x00106ab0       0x38 C:/devkitPro/libctru/lib\libcitro3d.a(tex3ds.o)
                0x00106ab0                Tex3DS_TextureImportStdio
 .text.Tex3DS_GetSubTexture
                0x00106ae8       0x1c C:/devkitPro/libctru/lib\libcitro3d.a(tex3ds.o)
                0x00106ae8                Tex3DS_GetSubTexture
 .text.Tex3DS_TextureFree
                0x00106b04        0x4 C:/devkitPro/libctru/lib\libcitro3d.a(tex3ds.o)
                0x00106b04                Tex3DS_TextureFree
 .text.C3D_CalcColorBufSize
                0x00106b08       0x1c C:/devkitPro/libctru/lib\libcitro3d.a(framebuffer.o)
                0x00106b08                C3D_CalcColorBufSize
 .text.C3D_CalcDepthBufSize
                0x00106b24       0x1c C:/devkitPro/libctru/lib\libcitro3d.a(framebuffer.o)
                0x00106b24                C3D_CalcDepthBufSize
 .text.C3D_SetFrameBuf
                0x00106b40       0x44 C:/devkitPro/libctru/lib\libcitro3d.a(framebuffer.o)
                0x00106b40                C3D_SetFrameBuf
 .text.C3Di_FrameBufBind
                0x00106b84      0x16c C:/devkitPro/libctru/lib\libcitro3d.a(framebuffer.o)
                0x00106b84                C3Di_FrameBufBind
 .text.C3D_FrameBufClear
                0x00106cf0       0xc8 C:/devkitPro/libctru/lib\libcitro3d.a(framebuffer.o)
                0x00106cf0                C3D_FrameBufClear
 .text.C3D_FrameBufTransfer
                0x00106db8       0x44 C:/devkitPro/libctru/lib\libcitro3d.a(framebuffer.o)
                0x00106db8                C3D_FrameBufTransfer
 .text.C3D_GetTexEnv
                0x00106dfc       0x34 C:/devkitPro/libctru/lib\libcitro3d.a(texenv.o)
                0x00106dfc                C3D_GetTexEnv
 .text.C3Di_TexEnvBind
                0x00106e30       0x24 C:/devkitPro/libctru/lib\libcitro3d.a(texenv.o)
                0x00106e30                C3Di_TexEnvBind
 .text.C3D_DrawElements
                0x00106e54      0x218 C:/devkitPro/libctru/lib\libcitro3d.a(drawElements.o)
                0x00106e54                C3D_DrawElements
 .text.C3D_ProcTexInit
                0x0010706c       0x70 C:/devkitPro/libctru/lib\libcitro3d.a(proctex.o)
                0x0010706c                C3D_ProcTexInit
 .text.C3D_ProcTexBind
                0x001070dc       0x54 C:/devkitPro/libctru/lib\libcitro3d.a(proctex.o)
                0x001070dc                C3D_ProcTexBind
 .text.C3D_ProcTexLutBind
                0x00107130       0x5c C:/devkitPro/libctru/lib\libcitro3d.a(proctex.o)
                0x00107130                C3D_ProcTexLutBind
 .text.ProcTexLut_FromArray
                0x0010718c       0xa4 C:/devkitPro/libctru/lib\libcitro3d.a(proctex.o)
                0x0010718c                ProcTexLut_FromArray
 .text.C3Di_ProcTexUpdate
                0x00107230      0x17c C:/devkitPro/libctru/lib\libcitro3d.a(proctex.o)
                0x00107230                C3Di_ProcTexUpdate
 .text.C3Di_ProcTexDirty
                0x001073ac       0x68 C:/devkitPro/libctru/lib\libcitro3d.a(proctex.o)
                0x001073ac                C3Di_ProcTexDirty
 .text.BufInfo_Init
                0x00107414       0x24 C:/devkitPro/libctru/lib\libcitro3d.a(buffers.o)
                0x00107414                BufInfo_Init
 .text.BufInfo_Add
                0x00107438       0x80 C:/devkitPro/libctru/lib\libcitro3d.a(buffers.o)
                0x00107438                BufInfo_Add
 .text.C3D_SetBufInfo
                0x001074b8       0x40 C:/devkitPro/libctru/lib\libcitro3d.a(buffers.o)
                0x001074b8                C3D_SetBufInfo
 .text.C3Di_BufInfoBind
                0x001074f8       0x48 C:/devkitPro/libctru/lib\libcitro3d.a(buffers.o)
                0x001074f8                C3Di_BufInfoBind
 .text.C3D_DepthMap
                0x00107540       0x40 C:/devkitPro/libctru/lib\libcitro3d.a(effect.o)
                0x00107540                C3D_DepthMap
 .text.C3D_CullFace
                0x00107580       0x1c C:/devkitPro/libctru/lib\libcitro3d.a(effect.o)
                0x00107580                C3D_CullFace
 .text.C3D_StencilTest
                0x0010759c       0x40 C:/devkitPro/libctru/lib\libcitro3d.a(effect.o)
                0x0010759c                C3D_StencilTest
 .text.C3D_StencilOp
                0x001075dc       0x24 C:/devkitPro/libctru/lib\libcitro3d.a(effect.o)
                0x001075dc                C3D_StencilOp
 .text.C3D_BlendingColor
                0x00107600       0x1c C:/devkitPro/libctru/lib\libcitro3d.a(effect.o)
                0x00107600                C3D_BlendingColor
 .text.C3D_EarlyDepthTest
                0x0010761c       0x24 C:/devkitPro/libctru/lib\libcitro3d.a(effect.o)
                0x0010761c                C3D_EarlyDepthTest
 .text.C3D_DepthTest
                0x00107640       0x2c C:/devkitPro/libctru/lib\libcitro3d.a(effect.o)
                0x00107640                C3D_DepthTest
 .text.C3D_AlphaTest
                0x0010766c       0x2c C:/devkitPro/libctru/lib\libcitro3d.a(effect.o)
                0x0010766c                C3D_AlphaTest
 .text.C3D_AlphaBlend
                0x00107698       0x50 C:/devkitPro/libctru/lib\libcitro3d.a(effect.o)
                0x00107698                C3D_AlphaBlend
 .text.C3D_FragOpMode
                0x001076e8       0x30 C:/devkitPro/libctru/lib\libcitro3d.a(effect.o)
                0x001076e8                C3D_FragOpMode
 .text.C3D_FragOpShadow
                0x00107718       0x44 C:/devkitPro/libctru/lib\libcitro3d.a(effect.o)
                0x00107718                C3D_FragOpShadow
 .text.C3Di_EffectBind
                0x0010775c      0x1ac C:/devkitPro/libctru/lib\libcitro3d.a(effect.o)
                0x0010775c                C3Di_EffectBind
 .text.AttrInfo_Init
                0x00107908       0x28 C:/devkitPro/libctru/lib\libcitro3d.a(attribs.o)
                0x00107908                AttrInfo_Init
 .text.AttrInfo_AddLoader
                0x00107930       0x94 C:/devkitPro/libctru/lib\libcitro3d.a(attribs.o)
                0x00107930                AttrInfo_AddLoader
 .text.C3D_SetAttrInfo
                0x001079c4       0x54 C:/devkitPro/libctru/lib\libcitro3d.a(attribs.o)
                0x001079c4                C3D_SetAttrInfo
 .text.C3Di_AttrInfoBind
                0x00107a18       0x80 C:/devkitPro/libctru/lib\libcitro3d.a(attribs.o)
                0x00107a18                C3Di_AttrInfoBind
 .text.C3D_ImmSendAttrib
                0x00107a98       0xa8 C:/devkitPro/libctru/lib\libcitro3d.a(immediate.o)
                0x00107a98                C3D_ImmSendAttrib
 .text.C3D_UpdateUniforms
                0x00107b40      0x280 C:/devkitPro/libctru/lib\libcitro3d.a(uniforms.o)
                0x00107b40                C3D_UpdateUniforms
 .text.C3Di_DirtyUniforms
                0x00107dc0       0xc0 C:/devkitPro/libctru/lib\libcitro3d.a(uniforms.o)
                0x00107dc0                C3Di_DirtyUniforms
 .text.C3Di_LoadShaderUniforms
                0x00107e80       0xd8 C:/devkitPro/libctru/lib\libcitro3d.a(uniforms.o)
                0x00107e80                C3Di_LoadShaderUniforms
 .text.C3Di_ClearShaderUniforms
                0x00107f58       0x28 C:/devkitPro/libctru/lib\libcitro3d.a(uniforms.o)
                0x00107f58                C3Di_ClearShaderUniforms
 .text.Mtx_Ortho
                0x00107f80       0xcc C:/devkitPro/libctru/lib\libcitro3d.a(mtx_ortho.o)
                0x00107f80                Mtx_Ortho
 .text.Mtx_OrthoTilt
                0x0010804c       0xcc C:/devkitPro/libctru/lib\libcitro3d.a(mtx_orthotilt.o)
                0x0010804c                Mtx_OrthoTilt
 .text._ZL21addrMapNodeComparatorPK11rbtree_nodeS1_
                0x00108118       0x24 C:/devkitPro/libctru/lib\libctru.a(vram.o)
 .text._ZL21addrMapNodeDestructorP11rbtree_node
                0x0010813c        0x4 C:/devkitPro/libctru/lib\libctru.a(vram.o)
 .text.vramMemAlignAt
                0x00108140      0x250 C:/devkitPro/libctru/lib\libctru.a(vram.o)
                0x00108140                vramMemAlignAt
 .text.vramAlloc
                0x00108390        0xc C:/devkitPro/libctru/lib\libctru.a(vram.o)
                0x00108390                vramAlloc
 .text.vramAllocAt
                0x0010839c        0xc C:/devkitPro/libctru/lib\libctru.a(vram.o)
                0x0010839c                vramAllocAt
 .text.vramFree
                0x001083a8       0x90 C:/devkitPro/libctru/lib\libctru.a(vram.o)
                0x001083a8                vramFree
 .text._ZL21addrMapNodeComparatorPK11rbtree_nodeS1_
                0x00108438       0x24 C:/devkitPro/libctru/lib\libctru.a(linear.o)
 .text._ZL21addrMapNodeDestructorP11rbtree_node
                0x0010845c        0x4 C:/devkitPro/libctru/lib\libctru.a(linear.o)
 .text.linearMemAlign
                0x00108460      0x120 C:/devkitPro/libctru/lib\libctru.a(linear.o)
                0x00108460                linearMemAlign
 .text.linearAlloc
                0x00108580        0x8 C:/devkitPro/libctru/lib\libctru.a(linear.o)
                0x00108580                linearAlloc
 .text.linearFree
                0x00108588       0x5c C:/devkitPro/libctru/lib\libctru.a(linear.o)
                0x00108588                linearFree
 .text._ZN7MemPool13CoalesceRightEP8MemBlock
                0x001085e4       0x80 C:/devkitPro/libctru/lib\libctru.a(mem_pool.o)
                0x001085e4                MemPool::CoalesceRight(MemBlock*)
 .text._ZN7MemPool8AllocateER8MemChunkmi
                0x00108664      0x16c C:/devkitPro/libctru/lib\libctru.a(mem_pool.o)
                0x00108664                MemPool::Allocate(MemChunk&, unsigned long, int)
 .text._ZN7MemPool10DeallocateERK8MemChunk
                0x001087d0       0xfc C:/devkitPro/libctru/lib\libctru.a(mem_pool.o)
                0x001087d0                MemPool::Deallocate(MemChunk const&)
 .text._ZN7MemPool12GetFreeSpaceEv
                0x001088cc       0x30 C:/devkitPro/libctru/lib\libctru.a(mem_pool.o)
                0x001088cc                MemPool::GetFreeSpace()
 .text.romfs_close
                0x001088fc        0x8 C:/devkitPro/libctru/lib\libctru.a(romfs_dev.o)
 .text.romfs_seek
                0x00108904       0xc0 C:/devkitPro/libctru/lib\libctru.a(romfs_dev.o)
 .text.romfs_dirreset
                0x001089c4       0x24 C:/devkitPro/libctru/lib\libctru.a(romfs_dev.o)
 .text.fill_dir
                0x001089e8       0xc8 C:/devkitPro/libctru/lib\libctru.a(romfs_dev.o)
 .text.romfs_dirnext
                0x00108ab0      0x28c C:/devkitPro/libctru/lib\libctru.a(romfs_dev.o)
 .text.romfs_free
                0x00108d3c       0x84 C:/devkitPro/libctru/lib\libctru.a(romfs_dev.o)
 .text.searchForFile.constprop.0
                0x00108dc0       0xd4 C:/devkitPro/libctru/lib\libctru.a(romfs_dev.o)
 .text.searchForDir.constprop.0
                0x00108e94       0xd8 C:/devkitPro/libctru/lib\libctru.a(romfs_dev.o)
 .text.navigateToDir.constprop.0
                0x00108f6c      0x1c0 C:/devkitPro/libctru/lib\libctru.a(romfs_dev.o)
 .text.romfs_open
                0x0010912c      0x10c C:/devkitPro/libctru/lib\libctru.a(romfs_dev.o)
 .text.romfs_chdir
                0x00109238       0x4c C:/devkitPro/libctru/lib\libctru.a(romfs_dev.o)
 .text.romfs_diropen
                0x00109284       0x70 C:/devkitPro/libctru/lib\libctru.a(romfs_dev.o)
 .text.romfs_stat
                0x001092f4      0x174 C:/devkitPro/libctru/lib\libctru.a(romfs_dev.o)
 .text.romfs_dirclose
                0x00109468        0x8 C:/devkitPro/libctru/lib\libctru.a(romfs_dev.o)
 .text.romfs_fstat
                0x00109470       0x84 C:/devkitPro/libctru/lib\libctru.a(romfs_dev.o)
 .text.romfs_read
                0x001094f4       0xd0 C:/devkitPro/libctru/lib\libctru.a(romfs_dev.o)
 .text.romfsMountFromFile
                0x001095c4      0x28c C:/devkitPro/libctru/lib\libctru.a(romfs_dev.o)
                0x001095c4                romfsMountFromFile
 .text.romfsMountFromCurrentProcess
                0x00109850       0x98 C:/devkitPro/libctru/lib\libctru.a(romfs_dev.o)
                0x00109850                romfsMountFromCurrentProcess
 .text.romfsMountSelf
                0x001098e8      0x260 C:/devkitPro/libctru/lib\libctru.a(romfs_dev.o)
                0x001098e8                romfsMountSelf
 .text.osConvertVirtToPhys
                0x00109b48       0x74 C:/devkitPro/libctru/lib\libctru.a(os.o)
                0x00109b48                osConvertVirtToPhys
 .text.osGetTimeRef
                0x00109bbc       0x54 C:/devkitPro/libctru/lib\libctru.a(os.o)
                0x00109bbc                osGetTimeRef
 .text.osGetTime
                0x00109c10       0xec C:/devkitPro/libctru/lib\libctru.a(os.o)
                0x00109c10                osGetTime
 .text.__ctru_speedup_config
                0x00109cfc       0x34 C:/devkitPro/libctru/lib\libctru.a(os.o)
                0x00109cfc                __ctru_speedup_config
 .text.fontEnsureMapped
                0x00109d30       0x94 C:/devkitPro/libctru/lib\libctru.a(font.o)
                0x00109d30                fontEnsureMapped
 .text.fontGlyphIndexFromCodePoint
                0x00109dc4      0x100 C:/devkitPro/libctru/lib\libctru.a(font.o)
                0x00109dc4                fontGlyphIndexFromCodePoint
 .text.fontCalcGlyphPos
                0x00109ec4      0x1ec C:/devkitPro/libctru/lib\libctru.a(font.o)
                0x00109ec4                fontCalcGlyphPos
 .text.gfxPresentFramebuffer
                0x0010a0b0       0xd0 C:/devkitPro/libctru/lib\libctru.a(gfx.o)
 .text.gfxSet3D
                0x0010a180       0x10 C:/devkitPro/libctru/lib\libctru.a(gfx.o)
                0x0010a180                gfxSet3D
 .text.gfxIsWide
                0x0010a190       0x1c C:/devkitPro/libctru/lib\libctru.a(gfx.o)
                0x0010a190                gfxIsWide
 .text.gfxSetScreenFormat
                0x0010a1ac       0xec C:/devkitPro/libctru/lib\libctru.a(gfx.o)
                0x0010a1ac                gfxSetScreenFormat
 .text.gfxInit  0x0010a298       0xe0 C:/devkitPro/libctru/lib\libctru.a(gfx.o)
                0x0010a298                gfxInit
 .text.gfxInitDefault
                0x0010a378       0x10 C:/devkitPro/libctru/lib\libctru.a(gfx.o)
                0x0010a378                gfxInitDefault
 .text.gfxExit  0x0010a388       0xb4 C:/devkitPro/libctru/lib\libctru.a(gfx.o)
                0x0010a388                gfxExit
 .text.gfxGetFramebuffer
                0x0010a43c       0xa0 C:/devkitPro/libctru/lib\libctru.a(gfx.o)
                0x0010a43c                gfxGetFramebuffer
 .text.gfxFlushBuffers
                0x0010a4dc      0x104 C:/devkitPro/libctru/lib\libctru.a(gfx.o)
                0x0010a4dc                gfxFlushBuffers
 .text.gfxScreenSwapBuffers
                0x0010a5e0       0x30 C:/devkitPro/libctru/lib\libctru.a(gfx.o)
                0x0010a5e0                gfxScreenSwapBuffers
 .text.shaderInstanceInit
                0x0010a610      0x1d4 C:/devkitPro/libctru/lib\libctru.a(shaderProgram.o)
                0x0010a610                shaderInstanceInit
 .text.shaderInstanceGetUniformLocation
                0x0010a7e4       0x18 C:/devkitPro/libctru/lib\libctru.a(shaderProgram.o)
                0x0010a7e4                shaderInstanceGetUniformLocation
 .text.shaderProgramInit
                0x0010a7fc       0x1c C:/devkitPro/libctru/lib\libctru.a(shaderProgram.o)
                0x0010a7fc                shaderProgramInit
 .text.shaderProgramFree
                0x0010a818       0x64 C:/devkitPro/libctru/lib\libctru.a(shaderProgram.o)
                0x0010a818                shaderProgramFree
 .text.shaderProgramSetVsh
                0x0010a87c       0x80 C:/devkitPro/libctru/lib\libctru.a(shaderProgram.o)
                0x0010a87c                shaderProgramSetVsh
 .text.shaderProgramConfigure
                0x0010a8fc      0x8e0 C:/devkitPro/libctru/lib\libctru.a(shaderProgram.o)
                0x0010a8fc                shaderProgramConfigure
 .text.DVLE_GenerateOutmap.part.0
                0x0010b1dc      0x1cc C:/devkitPro/libctru/lib\libctru.a(shbin.o)
 .text.DVLB_ParseFile
                0x0010b3a8      0x1b4 C:/devkitPro/libctru/lib\libctru.a(shbin.o)
                0x0010b3a8                DVLB_ParseFile
 .text.DVLB_Free
                0x0010b55c       0x38 C:/devkitPro/libctru/lib\libctru.a(shbin.o)
                0x0010b55c                DVLB_Free
 .text.DVLE_GetUniformRegister
                0x0010b594       0x74 C:/devkitPro/libctru/lib\libctru.a(shbin.o)
                0x0010b594                DVLE_GetUniformRegister
 .text.GX_BindQueue
                0x0010b608       0x10 C:/devkitPro/libctru/lib\libctru.a(gx.o)
                0x0010b608                GX_BindQueue
 .text.GX_ProcessCommandList
                0x0010b618       0x78 C:/devkitPro/libctru/lib\libctru.a(gx.o)
                0x0010b618                GX_ProcessCommandList
 .text.GX_MemoryFill
                0x0010b690       0x74 C:/devkitPro/libctru/lib\libctru.a(gx.o)
                0x0010b690                GX_MemoryFill
 .text.GX_DisplayTransfer
                0x0010b704       0x70 C:/devkitPro/libctru/lib\libctru.a(gx.o)
                0x0010b704                GX_DisplayTransfer
 .text.GX_TextureCopy
                0x0010b774       0x74 C:/devkitPro/libctru/lib\libctru.a(gx.o)
                0x0010b774                GX_TextureCopy
 .text.gxCmdQueueDoCommands.part.0
                0x0010b7e8       0x68 C:/devkitPro/libctru/lib\libctru.a(gxqueue.o)
 .text.gxCmdQueueInterrupt
                0x0010b850       0xc8 C:/devkitPro/libctru/lib\libctru.a(gxqueue.o)
                0x0010b850                gxCmdQueueInterrupt
 .text.gxCmdQueueClear
                0x0010b918       0x4c C:/devkitPro/libctru/lib\libctru.a(gxqueue.o)
                0x0010b918                gxCmdQueueClear
 .text.gxCmdQueueAdd
                0x0010b964       0xf8 C:/devkitPro/libctru/lib\libctru.a(gxqueue.o)
                0x0010b964                gxCmdQueueAdd
 .text.gxCmdQueueRun
                0x0010ba5c       0x80 C:/devkitPro/libctru/lib\libctru.a(gxqueue.o)
                0x0010ba5c                gxCmdQueueRun
 .text.gxCmdQueueStop
                0x0010badc       0x60 C:/devkitPro/libctru/lib\libctru.a(gxqueue.o)
                0x0010badc                gxCmdQueueStop
 .text.gxCmdQueueWait
                0x0010bb3c       0x74 C:/devkitPro/libctru/lib\libctru.a(gxqueue.o)
                0x0010bb3c                gxCmdQueueWait
 .text.GPUCMD_Add
                0x0010bbb0      0x13c C:/devkitPro/libctru/lib\libctru.a(gpu.o)
                0x0010bbb0                GPUCMD_Add
 .text.GPUCMD_Split
                0x0010bcec       0xb0 C:/devkitPro/libctru/lib\libctru.a(gpu.o)
                0x0010bcec                GPUCMD_Split
 .text.f32tof16
                0x0010bd9c       0x34 C:/devkitPro/libctru/lib\libctru.a(gpu.o)
                0x0010bd9c                f32tof16
 .text.f32tof24
                0x0010bdd0       0x34 C:/devkitPro/libctru/lib\libctru.a(gpu.o)
                0x0010bdd0                f32tof24
 .text.f32tof31
                0x0010be04       0x38 C:/devkitPro/libctru/lib\libctru.a(gpu.o)
                0x0010be04                f32tof31
 .text.gspHardwareInit
                0x0010be3c      0xc58 C:/devkitPro/libctru/lib\libctru.a(gspgpu.o)
 .text.gspInit  0x0010ca94      0x248 C:/devkitPro/libctru/lib\libctru.a(gspgpu.o)
                0x0010ca94                gspInit
 .text.gspExit  0x0010ccdc       0xf0 C:/devkitPro/libctru/lib\libctru.a(gspgpu.o)
                0x0010ccdc                gspExit
 .text.gspHasGpuRight
                0x0010cdcc       0x10 C:/devkitPro/libctru/lib\libctru.a(gspgpu.o)
                0x0010cdcc                gspHasGpuRight
 .text.gspPresentBuffer
                0x0010cddc       0xa0 C:/devkitPro/libctru/lib\libctru.a(gspgpu.o)
                0x0010cddc                gspPresentBuffer
 .text.gspSetEventCallback
                0x0010ce7c       0x30 C:/devkitPro/libctru/lib\libctru.a(gspgpu.o)
                0x0010ce7c                gspSetEventCallback
 .text.gspWaitForEvent
                0x0010ceac       0x44 C:/devkitPro/libctru/lib\libctru.a(gspgpu.o)
                0x0010ceac                gspWaitForEvent
 .text.gspWaitForAnyEvent
                0x0010cef0       0x4c C:/devkitPro/libctru/lib\libctru.a(gspgpu.o)
                0x0010cef0                gspWaitForAnyEvent
 .text.gspEventThreadMain
                0x0010cf3c      0x158 C:/devkitPro/libctru/lib\libctru.a(gspgpu.o)
 .text.gspSubmitGxCommand
                0x0010d094      0x130 C:/devkitPro/libctru/lib\libctru.a(gspgpu.o)
                0x0010d094                gspSubmitGxCommand
 .text.GSPGPU_FlushDataCache
                0x0010d1c4       0x50 C:/devkitPro/libctru/lib\libctru.a(gspgpu.o)
                0x0010d1c4                GSPGPU_FlushDataCache
 .text.GSPGPU_SetLcdForceBlack
                0x0010d214       0x34 C:/devkitPro/libctru/lib\libctru.a(gspgpu.o)
                0x0010d214                GSPGPU_SetLcdForceBlack
 .text.GSPGPU_AcquireRight
                0x0010d248       0x68 C:/devkitPro/libctru/lib\libctru.a(gspgpu.o)
                0x0010d248                GSPGPU_AcquireRight
 .text.GSPGPU_ReleaseRight
                0x0010d2b0       0x48 C:/devkitPro/libctru/lib\libctru.a(gspgpu.o)
                0x0010d2b0                GSPGPU_ReleaseRight
 .text.GSPGPU_ImportDisplayCaptureInfo
                0x0010d2f8       0x7c C:/devkitPro/libctru/lib\libctru.a(gspgpu.o)
                0x0010d2f8                GSPGPU_ImportDisplayCaptureInfo
 .text.GSPGPU_SaveVramSysArea
                0x0010d374       0x2c C:/devkitPro/libctru/lib\libctru.a(gspgpu.o)
                0x0010d374                GSPGPU_SaveVramSysArea
 .text.GSPGPU_RestoreVramSysArea
                0x0010d3a0       0x2c C:/devkitPro/libctru/lib\libctru.a(gspgpu.o)
                0x0010d3a0                GSPGPU_RestoreVramSysArea
 .text.aptConvertScreenForCapture
                0x0010d3cc      0x1a4 C:/devkitPro/libctru/lib\libctru.a(apt.o)
 .text.aptDspSleep
                0x0010d570        0x8 C:/devkitPro/libctru/lib\libctru.a(apt.o)
                0x0010d570                aptDspSleep
 .text.aptDspWakeup
                0x0010d578        0x4 C:/devkitPro/libctru/lib\libctru.a(apt.o)
                0x0010d578                aptDspWakeup
 .text.aptDspCancel
                0x0010d57c        0x4 C:/devkitPro/libctru/lib\libctru.a(apt.o)
                0x0010d57c                aptDspCancel
 .text.aptSendCommand
                0x0010d580      0x158 C:/devkitPro/libctru/lib\libctru.a(apt.o)
                0x0010d580                aptSendCommand
 .text.aptExitProcess
                0x0010d6d8       0x44 C:/devkitPro/libctru/lib\libctru.a(apt.o)
 .text.aptExit  0x0010d71c      0x38c C:/devkitPro/libctru/lib\libctru.a(apt.o)
                0x0010d71c                aptExit
 .text.aptHandleSleep
                0x0010daa8       0xe0 C:/devkitPro/libctru/lib\libctru.a(apt.o)
                0x0010daa8                aptHandleSleep
 .text.aptHook  0x0010db88       0x30 C:/devkitPro/libctru/lib\libctru.a(apt.o)
                0x0010db88                aptHook
 .text.aptUnhook
                0x0010dbb8       0x30 C:/devkitPro/libctru/lib\libctru.a(apt.o)
                0x0010dbb8                aptUnhook
 .text.APT_SleepIfShellClosed
                0x0010dbe8       0x84 C:/devkitPro/libctru/lib\libctru.a(apt.o)
                0x0010dbe8                APT_SleepIfShellClosed
 .text.aptSetSleepAllowed
                0x0010dc6c       0x84 C:/devkitPro/libctru/lib\libctru.a(apt.o)
                0x0010dc6c                aptSetSleepAllowed
 .text.APT_UnlockTransition
                0x0010dcf0       0x84 C:/devkitPro/libctru/lib\libctru.a(apt.o)
                0x0010dcf0                APT_UnlockTransition
 *fill*         0x0010dd74        0x4 
 .text.aptEventHandler
                0x0010dd78      0x4a4 C:/devkitPro/libctru/lib\libctru.a(apt.o)
 .text.APT_ReceiveParameter
                0x0010e21c       0xb0 C:/devkitPro/libctru/lib\libctru.a(apt.o)
                0x0010e21c                APT_ReceiveParameter
 .text.aptReceiveParameter.constprop.0
                0x0010e2cc       0xb0 C:/devkitPro/libctru/lib\libctru.a(apt.o)
 *fill*         0x0010e37c        0x4 
 .text.aptScreenTransfer
                0x0010e380      0x2ac C:/devkitPro/libctru/lib\libctru.a(apt.o)
 .text.aptWaitForWakeUp.isra.0
                0x0010e62c      0x344 C:/devkitPro/libctru/lib\libctru.a(apt.o)
 .text.aptJumpToHomeMenu
                0x0010e970      0x100 C:/devkitPro/libctru/lib\libctru.a(apt.o)
                0x0010e970                aptJumpToHomeMenu
 .text.aptMainLoop
                0x0010ea70       0x48 C:/devkitPro/libctru/lib\libctru.a(apt.o)
                0x0010ea70                aptMainLoop
 .text.aptInit  0x0010eab8      0x22c C:/devkitPro/libctru/lib\libctru.a(apt.o)
                0x0010eab8                aptInit
 .text.APT_CheckNew3DS
                0x0010ece4       0x7c C:/devkitPro/libctru/lib\libctru.a(apt.o)
                0x0010ece4                APT_CheckNew3DS
 .text.APT_GetSharedFont
                0x0010ed60       0x48 C:/devkitPro/libctru/lib\libctru.a(apt.o)
                0x0010ed60                APT_GetSharedFont
 .text.hidShouldUseIrrst
                0x0010eda8       0x24 C:/devkitPro/libctru/lib\libctru.a(hid.o)
                0x0010eda8                hidShouldUseIrrst
 .text.hidInit  0x0010edcc      0x18c C:/devkitPro/libctru/lib\libctru.a(hid.o)
                0x0010edcc                hidInit
 .text.hidExit  0x0010ef58       0xe8 C:/devkitPro/libctru/lib\libctru.a(hid.o)
                0x0010ef58                hidExit
 .text.hidScanInput
                0x0010f040      0x2a4 C:/devkitPro/libctru/lib\libctru.a(hid.o)
                0x0010f040                hidScanInput
 .text.hidKeysHeld
                0x0010f2e4       0x10 C:/devkitPro/libctru/lib\libctru.a(hid.o)
                0x0010f2e4                hidKeysHeld
 .text.hidKeysDown
                0x0010f2f4       0x10 C:/devkitPro/libctru/lib\libctru.a(hid.o)
                0x0010f2f4                hidKeysDown
 .text.hidKeysUp
                0x0010f304       0x10 C:/devkitPro/libctru/lib\libctru.a(hid.o)
                0x0010f304                hidKeysUp
 .text.hidTouchRead
                0x0010f314       0x18 C:/devkitPro/libctru/lib\libctru.a(hid.o)
                0x0010f314                hidTouchRead
 .text.ptmSysmInit
                0x0010f32c       0x74 C:/devkitPro/libctru/lib\libctru.a(ptmsysm.o)
                0x0010f32c                ptmSysmInit
 .text.ptmSysmExit
                0x0010f3a0       0x3c C:/devkitPro/libctru/lib\libctru.a(ptmsysm.o)
                0x0010f3a0                ptmSysmExit
 .text.PTMSYSM_ConfigureNew3DSCPU
                0x0010f3dc       0x34 C:/devkitPro/libctru/lib\libctru.a(ptmsysm.o)
                0x0010f3dc                PTMSYSM_ConfigureNew3DSCPU
 .text.fsInit   0x0010f410       0xcc C:/devkitPro/libctru/lib\libctru.a(fs.o)
                0x0010f410                fsInit
 .text.fsExit   0x0010f4dc       0x3c C:/devkitPro/libctru/lib\libctru.a(fs.o)
                0x0010f4dc                fsExit
 .text.fsExemptFromSession
                0x0010f518       0x60 C:/devkitPro/libctru/lib\libctru.a(fs.o)
                0x0010f518                fsExemptFromSession
 .text.fsUnexemptFromSession
                0x0010f578       0x50 C:/devkitPro/libctru/lib\libctru.a(fs.o)
                0x0010f578                fsUnexemptFromSession
 .text.FSUSER_OpenFile
                0x0010f5c8       0xcc C:/devkitPro/libctru/lib\libctru.a(fs.o)
                0x0010f5c8                FSUSER_OpenFile
 .text.FSUSER_OpenFileDirectly
                0x0010f694       0xd4 C:/devkitPro/libctru/lib\libctru.a(fs.o)
                0x0010f694                FSUSER_OpenFileDirectly
 .text.FSUSER_DeleteFile
                0x0010f768       0xbc C:/devkitPro/libctru/lib\libctru.a(fs.o)
                0x0010f768                FSUSER_DeleteFile
 .text.FSUSER_RenameFile
                0x0010f824       0xf8 C:/devkitPro/libctru/lib\libctru.a(fs.o)
                0x0010f824                FSUSER_RenameFile
 .text.FSUSER_DeleteDirectory
                0x0010f91c       0xbc C:/devkitPro/libctru/lib\libctru.a(fs.o)
                0x0010f91c                FSUSER_DeleteDirectory
 .text.FSUSER_CreateFile
                0x0010f9d8       0xd4 C:/devkitPro/libctru/lib\libctru.a(fs.o)
                0x0010f9d8                FSUSER_CreateFile
 .text.FSUSER_CreateDirectory
                0x0010faac       0xc4 C:/devkitPro/libctru/lib\libctru.a(fs.o)
                0x0010faac                FSUSER_CreateDirectory
 .text.FSUSER_RenameDirectory
                0x0010fb70       0xf8 C:/devkitPro/libctru/lib\libctru.a(fs.o)
                0x0010fb70                FSUSER_RenameDirectory
 .text.FSUSER_OpenDirectory
                0x0010fc68       0xb4 C:/devkitPro/libctru/lib\libctru.a(fs.o)
                0x0010fc68                FSUSER_OpenDirectory
 .text.FSUSER_OpenArchive
                0x0010fd1c       0x98 C:/devkitPro/libctru/lib\libctru.a(fs.o)
                0x0010fd1c                FSUSER_OpenArchive
 .text.FSUSER_CloseArchive
                0x0010fdb4       0x8c C:/devkitPro/libctru/lib\libctru.a(fs.o)
                0x0010fdb4                FSUSER_CloseArchive
 .text.FSUSER_GetSdmcArchiveResource
                0x0010fe40       0x74 C:/devkitPro/libctru/lib\libctru.a(fs.o)
                0x0010fe40                FSUSER_GetSdmcArchiveResource
 .text.FSUSER_IsSdmcWritable
                0x0010feb4       0x64 C:/devkitPro/libctru/lib\libctru.a(fs.o)
                0x0010feb4                FSUSER_IsSdmcWritable
 .text.FSFILE_Read
                0x0010ff18       0x58 C:/devkitPro/libctru/lib\libctru.a(fs.o)
                0x0010ff18                FSFILE_Read
 .text.FSFILE_Write
                0x0010ff70       0x60 C:/devkitPro/libctru/lib\libctru.a(fs.o)
                0x0010ff70                FSFILE_Write
 .text.FSFILE_GetSize
                0x0010ffd0       0x3c C:/devkitPro/libctru/lib\libctru.a(fs.o)
                0x0010ffd0                FSFILE_GetSize
 .text.FSFILE_SetSize
                0x0011000c       0x28 C:/devkitPro/libctru/lib\libctru.a(fs.o)
                0x0011000c                FSFILE_SetSize
 .text.FSFILE_Close
                0x00110034       0x3c C:/devkitPro/libctru/lib\libctru.a(fs.o)
                0x00110034                FSFILE_Close
 .text.FSFILE_Flush
                0x00110070       0x24 C:/devkitPro/libctru/lib\libctru.a(fs.o)
                0x00110070                FSFILE_Flush
 .text.FSDIR_Read
                0x00110094       0x50 C:/devkitPro/libctru/lib\libctru.a(fs.o)
                0x00110094                FSDIR_Read
 .text.FSDIR_Close
                0x001100e4       0x3c C:/devkitPro/libctru/lib\libctru.a(fs.o)
                0x001100e4                FSDIR_Close
 .text.buffer_read
                0x00110120       0xc4 C:/devkitPro/libctru/lib\libctru.a(decompress.o)
 .text.iov_read
                0x001101e4       0xd0 C:/devkitPro/libctru/lib\libctru.a(decompress.o)
 .text.iov_memmove
                0x001102b4      0x138 C:/devkitPro/libctru/lib\libctru.a(decompress.o)
 .text.decompress_rle
                0x001103ec      0x1dc C:/devkitPro/libctru/lib\libctru.a(decompress.o)
 .text.decompress_lzss
                0x001105c8      0x244 C:/devkitPro/libctru/lib\libctru.a(decompress.o)
 .text.decompress_lz11
                0x0011080c      0x424 C:/devkitPro/libctru/lib\libctru.a(decompress.o)
 .text.decompress_huff
                0x00110c30      0x2d8 C:/devkitPro/libctru/lib\libctru.a(decompress.o)
 .text.decompressCallback_Stdio
                0x00110f08       0x10 C:/devkitPro/libctru/lib\libctru.a(decompress.o)
                0x00110f08                decompressCallback_Stdio
 .text.decompressHeader
                0x00110f18       0xdc C:/devkitPro/libctru/lib\libctru.a(decompress.o)
                0x00110f18                decompressHeader
 .text.decompressV
                0x00110ff4      0x240 C:/devkitPro/libctru/lib\libctru.a(decompress.o)
                0x00110ff4                decompressV
 .text.rbtree_init
                0x00111234       0x10 C:/devkitPro/libctru/lib\libctru.a(rbtree_init.o)
                0x00111234                rbtree_init
 .text.do_insert
                0x00111244      0x1b4 C:/devkitPro/libctru/lib\libctru.a(rbtree_insert.o)
 .text.rbtree_insert
                0x001113f8        0x8 C:/devkitPro/libctru/lib\libctru.a(rbtree_insert.o)
                0x001113f8                rbtree_insert
 .text.rbtree_rotate
                0x00111400       0x90 C:/devkitPro/libctru/lib\libctru.a(rbtree_rotate.o)
                0x00111400                rbtree_rotate
 .text.rbtree_remove
                0x00111490      0x318 C:/devkitPro/libctru/lib\libctru.a(rbtree_remove.o)
                0x00111490                rbtree_remove
 .text.rbtree_find
                0x001117a8       0x74 C:/devkitPro/libctru/lib\libctru.a(rbtree_find.o)
                0x001117a8                rbtree_find
 .text.utf16_to_utf8
                0x0011181c       0xe8 C:/devkitPro/libctru/lib\libctru.a(utf16_to_utf8.o)
                0x0011181c                utf16_to_utf8
 .text.decode_utf16
                0x00111904       0x64 C:/devkitPro/libctru/lib\libctru.a(decode_utf16.o)
                0x00111904                decode_utf16
 .text.decode_utf8
                0x00111968      0x13c C:/devkitPro/libctru/lib\libctru.a(decode_utf8.o)
                0x00111968                decode_utf8
 .text.utf8_to_utf16
                0x00111aa4       0xc0 C:/devkitPro/libctru/lib\libctru.a(utf8_to_utf16.o)
                0x00111aa4                utf8_to_utf16
 *fill*         0x00111b64        0x4 
 .text.__system_allocateHeaps
                0x00111b68      0x1e0 C:/devkitPro/libctru/lib\libctru.a(allocateHeaps.o)
                0x00111b68                __system_allocateHeaps
 .text.__libctru_init
                0x00111d48       0x38 C:/devkitPro/libctru/lib\libctru.a(ctru_init.o)
                0x00111d48                __libctru_init
 .text.__system_initArgv
                0x00111d80      0x170 C:/devkitPro/libctru/lib\libctru.a(initArgv.o)
                0x00111d80                __system_initArgv
 .text.svcControlMemory
                0x00111ef0       0x20 C:/devkitPro/libctru/lib\libctru.a(svc.o)
                0x00111ef0                svcControlMemory
 .text.svcQueryMemory
                0x00111f10       0x30 C:/devkitPro/libctru/lib\libctru.a(svc.o)
                0x00111f10                svcQueryMemory
 .text.svcExitProcess
                0x00111f40        0x8 C:/devkitPro/libctru/lib\libctru.a(svc.o)
                0x00111f40                svcExitProcess
 .text.svcCreateThread
                0x00111f48       0x20 C:/devkitPro/libctru/lib\libctru.a(svc.o)
                0x00111f48                svcCreateThread
 .text.svcExitThread
                0x00111f68        0x8 C:/devkitPro/libctru/lib\libctru.a(svc.o)
                0x00111f68                svcExitThread
 .text.svcSleepThread
                0x00111f70        0x8 C:/devkitPro/libctru/lib\libctru.a(svc.o)
                0x00111f70                svcSleepThread
 .text.svcReleaseMutex
                0x00111f78        0x8 C:/devkitPro/libctru/lib\libctru.a(svc.o)
                0x00111f78                svcReleaseMutex
 .text.svcCreateEvent
                0x00111f80       0x14 C:/devkitPro/libctru/lib\libctru.a(svc.o)
                0x00111f80                svcCreateEvent
 .text.svcSignalEvent
                0x00111f94        0x8 C:/devkitPro/libctru/lib\libctru.a(svc.o)
                0x00111f94                svcSignalEvent
 .text.svcClearEvent
                0x00111f9c        0x8 C:/devkitPro/libctru/lib\libctru.a(svc.o)
                0x00111f9c                svcClearEvent
 .text.svcMapMemoryBlock
                0x00111fa4        0x8 C:/devkitPro/libctru/lib\libctru.a(svc.o)
                0x00111fa4                svcMapMemoryBlock
 .text.svcUnmapMemoryBlock
                0x00111fac        0x8 C:/devkitPro/libctru/lib\libctru.a(svc.o)
                0x00111fac                svcUnmapMemoryBlock
 .text.svcCreateAddressArbiter
                0x00111fb4       0x14 C:/devkitPro/libctru/lib\libctru.a(svc.o)
                0x00111fb4                svcCreateAddressArbiter
 .text.svcArbitrateAddressNoTimeout
                0x00111fc8        0x8 C:/devkitPro/libctru/lib\libctru.a(svc.o)
                0x00111fc8                svcArbitrateAddressNoTimeout
 .text.svcCloseHandle
                0x00111fd0        0x8 C:/devkitPro/libctru/lib\libctru.a(svc.o)
                0x00111fd0                svcCloseHandle
 .text.svcWaitSynchronization
                0x00111fd8        0x8 C:/devkitPro/libctru/lib\libctru.a(svc.o)
                0x00111fd8                svcWaitSynchronization
 .text.svcWaitSynchronizationN
                0x00111fe0       0x28 C:/devkitPro/libctru/lib\libctru.a(svc.o)
                0x00111fe0                svcWaitSynchronizationN
 .text.svcDuplicateHandle
                0x00112008       0x14 C:/devkitPro/libctru/lib\libctru.a(svc.o)
                0x00112008                svcDuplicateHandle
 .text.svcGetSystemTick
                0x0011201c        0x8 C:/devkitPro/libctru/lib\libctru.a(svc.o)
                0x0011201c                svcGetSystemTick
 .text.svcConnectToPort
                0x00112024       0x14 C:/devkitPro/libctru/lib\libctru.a(svc.o)
                0x00112024                svcConnectToPort
 .text.svcSendSyncRequest
                0x00112038        0x8 C:/devkitPro/libctru/lib\libctru.a(svc.o)
                0x00112038                svcSendSyncRequest
 .text.svcGetResourceLimit
                0x00112040       0x14 C:/devkitPro/libctru/lib\libctru.a(svc.o)
                0x00112040                svcGetResourceLimit
 .text.svcGetResourceLimitLimitValues
                0x00112054        0x8 C:/devkitPro/libctru/lib\libctru.a(svc.o)
                0x00112054                svcGetResourceLimitLimitValues
 .text.svcGetResourceLimitCurrentValues
                0x0011205c        0x8 C:/devkitPro/libctru/lib\libctru.a(svc.o)
                0x0011205c                svcGetResourceLimitCurrentValues
 .text.svcBreak
                0x00112064        0x8 C:/devkitPro/libctru/lib\libctru.a(svc.o)
                0x00112064                svcBreak
 .text.initSystem
                0x0011206c       0x50 C:/devkitPro/libctru/lib\libctru.a(stack_adjust.o)
                0x0011206c                initSystem
 .text.__ctru_exit
                0x001120bc       0x18 C:/devkitPro/libctru/lib\libctru.a(stack_adjust.o)
                0x001120bc                __ctru_exit
 .text.__aeabi_read_tp
                0x001120d4        0xc C:/devkitPro/libctru/lib\libctru.a(readtp.o)
                0x001120d4                __aeabi_read_tp
 .text.__sync_init
                0x001120e0        0xc C:/devkitPro/libctru/lib\libctru.a(synchronization.o)
                0x001120e0                __sync_init
 .text.__sync_fini
                0x001120ec       0x18 C:/devkitPro/libctru/lib\libctru.a(synchronization.o)
                0x001120ec                __sync_fini
 .text.syncArbitrateAddress
                0x00112104       0x2c C:/devkitPro/libctru/lib\libctru.a(synchronization.o)
                0x00112104                syncArbitrateAddress
 .text.LightLock_Lock
                0x00112130       0xb0 C:/devkitPro/libctru/lib\libctru.a(synchronization.o)
                0x00112130                LightLock_Lock
 .text.LightLock_Unlock
                0x001121e0       0x40 C:/devkitPro/libctru/lib\libctru.a(synchronization.o)
                0x001121e0                LightLock_Unlock
 .text.RecursiveLock_Lock
                0x00112220       0x30 C:/devkitPro/libctru/lib\libctru.a(synchronization.o)
                0x00112220                RecursiveLock_Lock
 .text.RecursiveLock_Unlock
                0x00112250       0x54 C:/devkitPro/libctru/lib\libctru.a(synchronization.o)
                0x00112250                RecursiveLock_Unlock
 .text.LightEvent_Init
                0x001122a4       0x40 C:/devkitPro/libctru/lib\libctru.a(synchronization.o)
                0x001122a4                LightEvent_Init
 .text.LightEvent_Clear
                0x001122e4       0xa4 C:/devkitPro/libctru/lib\libctru.a(synchronization.o)
                0x001122e4                LightEvent_Clear
 .text.LightEvent_Signal
                0x00112388       0xc8 C:/devkitPro/libctru/lib\libctru.a(synchronization.o)
                0x00112388                LightEvent_Signal
 .text.LightEvent_TryWait
                0x00112450       0x50 C:/devkitPro/libctru/lib\libctru.a(synchronization.o)
                0x00112450                LightEvent_TryWait
 .text.LightEvent_Wait
                0x001124a0       0xb0 C:/devkitPro/libctru/lib\libctru.a(synchronization.o)
                0x001124a0                LightEvent_Wait
 .text.envGetHandle
                0x00112550       0x84 C:/devkitPro/libctru/lib\libctru.a(env.o)
                0x00112550                envGetHandle
 .text.envDestroyHandles
                0x001125d4       0x50 C:/devkitPro/libctru/lib\libctru.a(env.o)
                0x001125d4                envDestroyHandles
 .text.srvInit  0x00112624      0x130 C:/devkitPro/libctru/lib\libctru.a(srv.o)
                0x00112624                srvInit
 .text.srvExit  0x00112754       0x58 C:/devkitPro/libctru/lib\libctru.a(srv.o)
                0x00112754                srvExit
 .text.srvEnableNotification
                0x001127ac       0x60 C:/devkitPro/libctru/lib\libctru.a(srv.o)
                0x001127ac                srvEnableNotification
 .text.srvGetServiceHandleDirect
                0x0011280c       0xa0 C:/devkitPro/libctru/lib\libctru.a(srv.o)
                0x0011280c                srvGetServiceHandleDirect
 .text.srvGetServiceHandle
                0x001128ac       0x38 C:/devkitPro/libctru/lib\libctru.a(srv.o)
                0x001128ac                srvGetServiceHandle
 .text.srvSubscribe
                0x001128e4       0x34 C:/devkitPro/libctru/lib\libctru.a(srv.o)
                0x001128e4                srvSubscribe
 .text.srvReceiveNotification
                0x00112918       0x60 C:/devkitPro/libctru/lib\libctru.a(srv.o)
                0x00112918                srvReceiveNotification
 .text.srvPublishToSubscriber
                0x00112978       0x38 C:/devkitPro/libctru/lib\libctru.a(srv.o)
                0x00112978                srvPublishToSubscriber
 .text.threadCreate
                0x001129b0      0x1d4 C:/devkitPro/libctru/lib\libctru.a(thread.o)
                0x001129b0                threadCreate
 .text.threadFree
                0x00112b84       0x2c C:/devkitPro/libctru/lib\libctru.a(thread.o)
                0x00112b84                threadFree
 .text.threadJoin
                0x00112bb0       0x24 C:/devkitPro/libctru/lib\libctru.a(thread.o)
                0x00112bb0                threadJoin
 .text.threadGetCurrent
                0x00112bd4       0x30 C:/devkitPro/libctru/lib\libctru.a(thread.o)
                0x00112bd4                threadGetCurrent
 .text.threadExit
                0x00112c04       0x40 C:/devkitPro/libctru/lib\libctru.a(thread.o)
                0x00112c04                threadExit
 .text._thread_begin
                0x00112c44       0x20 C:/devkitPro/libctru/lib\libctru.a(thread.o)
 .text.mappableFindAddressWithin
                0x00112c64       0xb4 C:/devkitPro/libctru/lib\libctru.a(mappable.o)
 .text.mappableInit
                0x00112d18       0x28 C:/devkitPro/libctru/lib\libctru.a(mappable.o)
                0x00112d18                mappableInit
 .text.mappableAlloc
                0x00112d40       0x80 C:/devkitPro/libctru/lib\libctru.a(mappable.o)
                0x00112d40                mappableAlloc
 .text.mappableFree
                0x00112dc0        0x4 C:/devkitPro/libctru/lib\libctru.a(mappable.o)
                0x00112dc0                mappableFree
 .text.irrstInit
                0x00112dc4      0x164 C:/devkitPro/libctru/lib\libctru.a(irrst.o)
                0x00112dc4                irrstInit
 .text.irrstExit
                0x00112f28       0xcc C:/devkitPro/libctru/lib\libctru.a(irrst.o)
                0x00112f28                irrstExit
 .text.irrstScanInput
                0x00112ff4       0xb4 C:/devkitPro/libctru/lib\libctru.a(irrst.o)
                0x00112ff4                irrstScanInput
 .text.irrstKeysHeld
                0x001130a8       0x24 C:/devkitPro/libctru/lib\libctru.a(irrst.o)
                0x001130a8                irrstKeysHeld
 .text.srvPmGetSessionHandle
                0x001130cc        0xc C:/devkitPro/libctru/lib\libctru.a(srvpm.o)
                0x001130cc                srvPmGetSessionHandle
 .text.rbtree_node_next
                0x001130d8       0x5c C:/devkitPro/libctru/lib\libctru.a(rbtree_iterator.o)
                0x001130d8                rbtree_node_next
 .text.encode_utf16
                0x00113134       0x54 C:/devkitPro/libctru/lib\libctru.a(encode_utf16.o)
                0x00113134                encode_utf16
 .text.encode_utf8
                0x00113188       0xe0 C:/devkitPro/libctru/lib\libctru.a(encode_utf8.o)
                0x00113188                encode_utf8
 .text.__appInit
                0x00113268       0x30 C:/devkitPro/libctru/lib\libctru.a(appInit.o)
                0x00113268                __appInit
 .text.__syscall_getreent
                0x00113298       0x30 C:/devkitPro/libctru/lib\libctru.a(syscalls.o)
                0x00113298                __syscall_getreent
 .text.__syscall_gettod_r
                0x001132c8       0x64 C:/devkitPro/libctru/lib\libctru.a(syscalls.o)
                0x001132c8                __syscall_gettod_r
 .text.__syscall_lock_acquire
                0x0011332c        0x4 C:/devkitPro/libctru/lib\libctru.a(syscalls.o)
                0x0011332c                __syscall_lock_acquire
 .text.__syscall_lock_release
                0x00113330        0x4 C:/devkitPro/libctru/lib\libctru.a(syscalls.o)
                0x00113330                __syscall_lock_release
 .text.__syscall_lock_acquire_recursive
                0x00113334        0x4 C:/devkitPro/libctru/lib\libctru.a(syscalls.o)
                0x00113334                __syscall_lock_acquire_recursive
 .text.__syscall_lock_release_recursive
                0x00113338        0x4 C:/devkitPro/libctru/lib\libctru.a(syscalls.o)
                0x00113338                __syscall_lock_release_recursive
 .text.__syscall_exit
                0x0011333c        0x4 C:/devkitPro/libctru/lib\libctru.a(syscalls.o)
                0x0011333c                __syscall_exit
 .text.initThreadVars
                0x00113340       0x50 C:/devkitPro/libctru/lib\libctru.a(syscalls.o)
                0x00113340                initThreadVars
 .text.__system_initSyscalls
                0x00113390       0x80 C:/devkitPro/libctru/lib\libctru.a(syscalls.o)
                0x00113390                __system_initSyscalls
 .text.__appExit
                0x00113410       0x30 C:/devkitPro/libctru/lib\libctru.a(appExit.o)
                0x00113410                __appExit
 .text.__libctru_exit
                0x00113440       0x90 C:/devkitPro/libctru/lib\libctru.a(ctru_exit.o)
                0x00113440                __libctru_exit
 .text.archive_link
                0x001134d0       0x14 C:/devkitPro/libctru/lib\libctru.a(archive_dev.o)
 .text.archive_dirreset
                0x001134e4       0x14 C:/devkitPro/libctru/lib\libctru.a(archive_dev.o)
 .text.archive_chmod
                0x001134f8       0x14 C:/devkitPro/libctru/lib\libctru.a(archive_dev.o)
 .text.error_cmp
                0x0011350c       0x24 C:/devkitPro/libctru/lib\libctru.a(archive_dev.o)
 .text.archive_translate_error
                0x00113530       0x50 C:/devkitPro/libctru/lib\libctru.a(archive_dev.o)
 .text.archive_seek
                0x00113580       0xc8 C:/devkitPro/libctru/lib\libctru.a(archive_dev.o)
 .text._archiveInit.part.0
                0x00113648       0x7c C:/devkitPro/libctru/lib\libctru.a(archive_dev.o)
 .text.archiveFindDevice.part.0
                0x001136c4       0xc4 C:/devkitPro/libctru/lib\libctru.a(archive_dev.o)
 .text.archive_utf16path
                0x00113788      0x25c C:/devkitPro/libctru/lib\libctru.a(archive_dev.o)
 .text._archiveUnmountDeviceStruct.part.0
                0x001139e4       0xa0 C:/devkitPro/libctru/lib\libctru.a(archive_dev.o)
 .text.archive_fchmod
                0x00113a84       0x14 C:/devkitPro/libctru/lib\libctru.a(archive_dev.o)
 .text.archive_statvfs
                0x00113a98       0x14 C:/devkitPro/libctru/lib\libctru.a(archive_dev.o)
 .text._archiveMountDevice
                0x00113aac      0x164 C:/devkitPro/libctru/lib\libctru.a(archive_dev.o)
 .text.archive_diropen
                0x00113c10       0xe8 C:/devkitPro/libctru/lib\libctru.a(archive_dev.o)
 .text.archive_fstat
                0x00113cf8       0xa4 C:/devkitPro/libctru/lib\libctru.a(archive_dev.o)
 .text.archive_close
                0x00113d9c       0x6c C:/devkitPro/libctru/lib\libctru.a(archive_dev.o)
 .text.archive_fsync
                0x00113e08       0x6c C:/devkitPro/libctru/lib\libctru.a(archive_dev.o)
 .text.archive_dirclose
                0x00113e74       0x70 C:/devkitPro/libctru/lib\libctru.a(archive_dev.o)
 .text.sdmc_statvfs
                0x00113ee4       0xe8 C:/devkitPro/libctru/lib\libctru.a(archive_dev.o)
 .text.archive_chdir
                0x00113fcc       0xec C:/devkitPro/libctru/lib\libctru.a(archive_dev.o)
 .text.archive_ftruncate
                0x001140b8       0x7c C:/devkitPro/libctru/lib\libctru.a(archive_dev.o)
 .text.archive_read
                0x00114134       0xac C:/devkitPro/libctru/lib\libctru.a(archive_dev.o)
 .text.archive_unlink
                0x001141e0       0xa4 C:/devkitPro/libctru/lib\libctru.a(archive_dev.o)
 .text.archive_rmdir
                0x00114284       0xbc C:/devkitPro/libctru/lib\libctru.a(archive_dev.o)
 .text.archive_mkdir
                0x00114340       0xdc C:/devkitPro/libctru/lib\libctru.a(archive_dev.o)
 .text.archive_stat
                0x0011441c      0x19c C:/devkitPro/libctru/lib\libctru.a(archive_dev.o)
 .text.archive_dirnext
                0x001145b8      0x15c C:/devkitPro/libctru/lib\libctru.a(archive_dev.o)
 .text.archive_write
                0x00114714       0xec C:/devkitPro/libctru/lib\libctru.a(archive_dev.o)
 .text.archive_open
                0x00114800      0x1d4 C:/devkitPro/libctru/lib\libctru.a(archive_dev.o)
 .text.archive_rename
                0x001149d4      0x278 C:/devkitPro/libctru/lib\libctru.a(archive_dev.o)
 .text.archiveMountSdmc
                0x00114c4c      0x19c C:/devkitPro/libctru/lib\libctru.a(archive_dev.o)
                0x00114c4c                archiveMountSdmc
 .text.archiveUnmountAll
                0x00114de8       0x54 C:/devkitPro/libctru/lib\libctru.a(archive_dev.o)
                0x00114de8                archiveUnmountAll
 *fill*         0x00114e3c        0x4 
 .text.sinf     0x00114e40      0x24c c:/devkitpro/devkitarm/bin/../lib/gcc/arm-none-eabi/12.2.0/../../../../arm-none-eabi/lib/armv6k/fpu\libm.a(libm_a-sinf.o)
                0x00114e40                sinf
 *fill*         0x0011508c        0x4 
 .text.cosf     0x00115090      0x22c c:/devkitpro/devkitarm/bin/../lib/gcc/arm-none-eabi/12.2.0/../../../../arm-none-eabi/lib/armv6k/fpu\libm.a(libm_a-cosf.o)
                0x00115090                cosf
 .text.with_errnof
                0x001152bc       0x24 c:/devkitpro/devkitarm/bin/../lib/gcc/arm-none-eabi/12.2.0/../../../../arm-none-eabi/lib/armv6k/fpu\libm.a(libm_a-math_errf.o)
 .text.__math_invalidf
                0x001152e0       0x1c c:/devkitpro/devkitarm/bin/../lib/gcc/arm-none-eabi/12.2.0/../../../../arm-none-eabi/lib/armv6k/fpu\libm.a(libm_a-math_errf.o)
                0x001152e0                __math_invalidf
 .text.ceilf    0x001152fc       0xb8 c:/devkitpro/devkitarm/bin/../lib/gcc/arm-none-eabi/12.2.0/../../../../arm-none-eabi/lib/armv6k/fpu\libm.a(libm_a-sf_ceil.o)
                0x001152fc                ceilf
 .text.__udivmoddi4
                0x001153b4      0x120 c:/devkitpro/devkitarm/bin/../lib/gcc/arm-none-eabi/12.2.0/armv6k/fpu\libgcc.a(_udivmoddi4.o)
                0x001153b4                __udivmoddi4
 .text.calloc   0x001154d4       0x20 c:/devkitpro/devkitarm/bin/../lib/gcc/arm-none-eabi/12.2.0/../../../../arm-none-eabi/lib/armv6k/fpu\libc.a(libc_a-calloc.o)
                0x001154d4                calloc
 .text._calloc_r
                0x001154f4       0xc0 c:/devkitpro/devkitarm/bin/../lib/gcc/arm-none-eabi/12.2.0/../../../../arm-none-eabi/lib/armv6k/fpu\libc.a(libc_a-callocr.o)
                0x001154f4                _calloc_r
 .text.exit     0x001155b4       0x30 c:/devkitpro/devkitarm/bin/../lib/gcc/arm-none-eabi/12.2.0/../../../../arm-none-eabi/lib/armv6k/fpu\libc.a(libc_a-exit.o)
                0x001155b4                exit
 .text.malloc   0x001155e4       0x18 c:/devkitpro/devkitarm/bin/../lib/gcc/arm-none-eabi/12.2.0/../../../../arm-none-eabi/lib/armv6k/fpu\libc.a(libc_a-malloc.o)
                0x001155e4                malloc
 .text.free     0x001155fc       0x18 c:/devkitpro/devkitarm/bin/../lib/gcc/arm-none-eabi/12.2.0/../../../../arm-none-eabi/lib/armv6k/fpu\libc.a(libc_a-malloc.o)
                0x001155fc                free
 .text._malloc_r
                0x00115614      0x7e4 c:/devkitpro/devkitarm/bin/../lib/gcc/arm-none-eabi/12.2.0/../../../../arm-none-eabi/lib/armv6k/fpu\libc.a(libc_a-mallocr.o)
                0x00115614                _malloc_r
 .text.__malloc_lock
                0x00115df8        0xc c:/devkitpro/devkitarm/bin/../lib/gcc/arm-none-eabi/12.2.0/../../../../arm-none-eabi/lib/armv6k/fpu\libc.a(libc_a-mlock.o)
                0x00115df8                __malloc_lock
 .text.__malloc_unlock
                0x00115e04        0xc c:/devkitpro/devkitarm/bin/../lib/gcc/arm-none-eabi/12.2.0/../../../../arm-none-eabi/lib/armv6k/fpu\libc.a(libc_a-mlock.o)
                0x00115e04                __malloc_unlock
 .text.rand     0x00115e10       0x44 c:/devkitpro/devkitarm/bin/../lib/gcc/arm-none-eabi/12.2.0/../../../../arm-none-eabi/lib/armv6k/fpu\libc.a(libc_a-rand.o)
                0x00115e10                rand
 .text._realloc_r
                0x00115e54      0x4a0 c:/devkitpro/devkitarm/bin/../lib/gcc/arm-none-eabi/12.2.0/../../../../arm-none-eabi/lib/armv6k/fpu\libc.a(libc_a-reallocr.o)
                0x00115e54                _realloc_r
 .text._strtoul_l.constprop.0
                0x001162f4      0x1c4 c:/devkitpro/devkitarm/bin/../lib/gcc/arm-none-eabi/12.2.0/../../../../arm-none-eabi/lib/armv6k/fpu\libc.a(libc_a-strtoul.o)
 .text.strtoul  0x001164b8       0x34 c:/devkitpro/devkitarm/bin/../lib/gcc/arm-none-eabi/12.2.0/../../../../arm-none-eabi/lib/armv6k/fpu\libc.a(libc_a-strtoul.o)
                0x001164b8                strtoul
 .text.memalign
                0x001164ec       0x20 c:/devkitpro/devkitarm/bin/../lib/gcc/arm-none-eabi/12.2.0/../../../../arm-none-eabi/lib/armv6k/fpu\libc.a(libc_a-malign.o)
                0x001164ec                memalign
 .text._memalign_r
                0x0011650c      0x14c c:/devkitpro/devkitarm/bin/../lib/gcc/arm-none-eabi/12.2.0/../../../../arm-none-eabi/lib/armv6k/fpu\libc.a(libc_a-malignr.o)
                0x0011650c                _memalign_r
 .text.bsearch  0x00116658       0x78 c:/devkitpro/devkitarm/bin/../lib/gcc/arm-none-eabi/12.2.0/../../../../arm-none-eabi/lib/armv6k/fpu\libc.a(libc_a-bsearch.o)
                0x00116658                bsearch
 .text.qsort    0x001166d0      0xa04 c:/devkitpro/devkitarm/bin/../lib/gcc/arm-none-eabi/12.2.0/../../../../arm-none-eabi/lib/armv6k/fpu\libc.a(libc_a-qsort.o)
                0x001166d0                qsort
 .text._fclose_r
                0x001170d4      0x148 c:/devkitpro/devkitarm/bin/../lib/gcc/arm-none-eabi/12.2.0/../../../../arm-none-eabi/lib/armv6k/fpu\libc.a(libc_a-fclose.o)
                0x001170d4                _fclose_r
 .text.fclose   0x0011721c       0x18 c:/devkitpro/devkitarm/bin/../lib/gcc/arm-none-eabi/12.2.0/../../../../arm-none-eabi/lib/armv6k/fpu\libc.a(libc_a-fclose.o)
                0x0011721c                fclose
 .text.__sflush_r
                0x00117234      0x234 c:/devkitpro/devkitarm/bin/../lib/gcc/arm-none-eabi/12.2.0/../../../../arm-none-eabi/lib/armv6k/fpu\libc.a(libc_a-fflush.o)
                0x00117234                __sflush_r
 .text._fflush_r
                0x00117468       0x94 c:/devkitpro/devkitarm/bin/../lib/gcc/arm-none-eabi/12.2.0/../../../../arm-none-eabi/lib/armv6k/fpu\libc.a(libc_a-fflush.o)
                0x00117468                _fflush_r
 .text.stdio_exit_handler
                0x001174fc       0x1c c:/devkitpro/devkitarm/bin/../lib/gcc/arm-none-eabi/12.2.0/../../../../arm-none-eabi/lib/armv6k/fpu\libc.a(libc_a-findfp.o)
 .text.cleanup_stdio
                0x00117518       0x5c c:/devkitpro/devkitarm/bin/../lib/gcc/arm-none-eabi/12.2.0/../../../../arm-none-eabi/lib/armv6k/fpu\libc.a(libc_a-findfp.o)
 .text.global_stdio_init.part.0
                0x00117574      0x154 c:/devkitpro/devkitarm/bin/../lib/gcc/arm-none-eabi/12.2.0/../../../../arm-none-eabi/lib/armv6k/fpu\libc.a(libc_a-findfp.o)
 .text.__sfp    0x001176c8      0x134 c:/devkitpro/devkitarm/bin/../lib/gcc/arm-none-eabi/12.2.0/../../../../arm-none-eabi/lib/armv6k/fpu\libc.a(libc_a-findfp.o)
                0x001176c8                __sfp
 .text.__sinit  0x001177fc       0x5c c:/devkitpro/devkitarm/bin/../lib/gcc/arm-none-eabi/12.2.0/../../../../arm-none-eabi/lib/armv6k/fpu\libc.a(libc_a-findfp.o)
                0x001177fc                __sinit
 .text.__sfp_lock_acquire
                0x00117858        0xc c:/devkitpro/devkitarm/bin/../lib/gcc/arm-none-eabi/12.2.0/../../../../arm-none-eabi/lib/armv6k/fpu\libc.a(libc_a-findfp.o)
                0x00117858                __sfp_lock_acquire
 .text.__sfp_lock_release
                0x00117864        0xc c:/devkitpro/devkitarm/bin/../lib/gcc/arm-none-eabi/12.2.0/../../../../arm-none-eabi/lib/armv6k/fpu\libc.a(libc_a-findfp.o)
                0x00117864                __sfp_lock_release
 .text._fopen_r
                0x00117870      0x12c c:/devkitpro/devkitarm/bin/../lib/gcc/arm-none-eabi/12.2.0/../../../../arm-none-eabi/lib/armv6k/fpu\libc.a(libc_a-fopen.o)
                0x00117870                _fopen_r
 .text.fopen    0x0011799c       0x20 c:/devkitpro/devkitarm/bin/../lib/gcc/arm-none-eabi/12.2.0/../../../../arm-none-eabi/lib/armv6k/fpu\libc.a(libc_a-fopen.o)
                0x0011799c                fopen
 .text._fread_r
                0x001179bc      0x344 c:/devkitpro/devkitarm/bin/../lib/gcc/arm-none-eabi/12.2.0/../../../../arm-none-eabi/lib/armv6k/fpu\libc.a(libc_a-fread.o)
                0x001179bc                _fread_r
 .text.fread    0x00117d00       0x38 c:/devkitpro/devkitarm/bin/../lib/gcc/arm-none-eabi/12.2.0/../../../../arm-none-eabi/lib/armv6k/fpu\libc.a(libc_a-fread.o)
                0x00117d00                fread
 .text._fseek_r
                0x00117d38       0x1c c:/devkitpro/devkitarm/bin/../lib/gcc/arm-none-eabi/12.2.0/../../../../arm-none-eabi/lib/armv6k/fpu\libc.a(libc_a-fseek.o)
                0x00117d38                _fseek_r
 .text._fwalk_sglue
                0x00117d54       0x70 c:/devkitpro/devkitarm/bin/../lib/gcc/arm-none-eabi/12.2.0/../../../../arm-none-eabi/lib/armv6k/fpu\libc.a(libc_a-fwalk.o)
                0x00117d54                _fwalk_sglue
 .text.__smakebuf_r
                0x00117dc4      0x130 c:/devkitpro/devkitarm/bin/../lib/gcc/arm-none-eabi/12.2.0/../../../../arm-none-eabi/lib/armv6k/fpu\libc.a(libc_a-makebuf.o)
                0x00117dc4                __smakebuf_r
 .text.__swhatbuf_r
                0x00117ef4       0x8c c:/devkitpro/devkitarm/bin/../lib/gcc/arm-none-eabi/12.2.0/../../../../arm-none-eabi/lib/armv6k/fpu\libc.a(libc_a-makebuf.o)
                0x00117ef4                __swhatbuf_r
 .text.lflush   0x00117f80       0x38 c:/devkitpro/devkitarm/bin/../lib/gcc/arm-none-eabi/12.2.0/../../../../arm-none-eabi/lib/armv6k/fpu\libc.a(libc_a-refill.o)
 .text.__srefill_r
                0x00117fb8      0x19c c:/devkitpro/devkitarm/bin/../lib/gcc/arm-none-eabi/12.2.0/../../../../arm-none-eabi/lib/armv6k/fpu\libc.a(libc_a-refill.o)
                0x00117fb8                __srefill_r
 .text.setvbuf  0x00118154      0x264 c:/devkitpro/devkitarm/bin/../lib/gcc/arm-none-eabi/12.2.0/../../../../arm-none-eabi/lib/armv6k/fpu\libc.a(libc_a-setvbuf.o)
                0x00118154                setvbuf
 .text.snprintf
                0x001183b8       0xcc c:/devkitpro/devkitarm/bin/../lib/gcc/arm-none-eabi/12.2.0/../../../../arm-none-eabi/lib/armv6k/fpu\libc.a(libc_a-snprintf.o)
                0x001183b8                snprintf
 .text.__sread  0x00118484       0x44 c:/devkitpro/devkitarm/bin/../lib/gcc/arm-none-eabi/12.2.0/../../../../arm-none-eabi/lib/armv6k/fpu\libc.a(libc_a-stdio.o)
                0x00118484                __sread
 .text.__swrite
                0x001184c8       0x68 c:/devkitpro/devkitarm/bin/../lib/gcc/arm-none-eabi/12.2.0/../../../../arm-none-eabi/lib/armv6k/fpu\libc.a(libc_a-stdio.o)
                0x001184c8                __swrite
 .text.__sseek  0x00118530       0x44 c:/devkitpro/devkitarm/bin/../lib/gcc/arm-none-eabi/12.2.0/../../../../arm-none-eabi/lib/armv6k/fpu\libc.a(libc_a-stdio.o)
                0x00118530                __sseek
 .text.__sclose
                0x00118574        0x8 c:/devkitpro/devkitarm/bin/../lib/gcc/arm-none-eabi/12.2.0/../../../../arm-none-eabi/lib/armv6k/fpu\libc.a(libc_a-stdio.o)
                0x00118574                __sclose
 .text._fseeko_r
                0x0011857c      0x5a0 c:/devkitpro/devkitarm/bin/../lib/gcc/arm-none-eabi/12.2.0/../../../../arm-none-eabi/lib/armv6k/fpu\libc.a(libc_a-fseeko.o)
                0x0011857c                _fseeko_r
 .text.memcmp   0x00118b1c       0xb0 c:/devkitpro/devkitarm/bin/../lib/gcc/arm-none-eabi/12.2.0/../../../../arm-none-eabi/lib/armv6k/fpu\libc.a(libc_a-memcmp.o)
                0x00118b1c                memcmp
 .text.memmove  0x00118bcc      0x150 c:/devkitpro/devkitarm/bin/../lib/gcc/arm-none-eabi/12.2.0/../../../../arm-none-eabi/lib/armv6k/fpu\libc.a(libc_a-memmove.o)
                0x00118bcc                memmove
 .text.memset   0x00118d1c       0xf4 c:/devkitpro/devkitarm/bin/../lib/gcc/arm-none-eabi/12.2.0/../../../../arm-none-eabi/lib/armv6k/fpu\libc.a(libc_a-memset.o)
                0x00118d1c                memset
 .text.strchr   0x00118e10      0x130 c:/devkitpro/devkitarm/bin/../lib/gcc/arm-none-eabi/12.2.0/../../../../arm-none-eabi/lib/armv6k/fpu\libc.a(libc_a-strchr.o)
                0x00118e10                strchr
 .text.strlen   0x00118f40       0x90 c:/devkitpro/devkitarm/bin/../lib/gcc/arm-none-eabi/12.2.0/../../../../arm-none-eabi/lib/armv6k/fpu\libc.a(libc_a-strlen.o)
                0x00118f40                strlen
 .text.strncat  0x00118fd0       0xe4 c:/devkitpro/devkitarm/bin/../lib/gcc/arm-none-eabi/12.2.0/../../../../arm-none-eabi/lib/armv6k/fpu\libc.a(libc_a-strncat.o)
                0x00118fd0                strncat
 .text.strncmp  0x001190b4       0xe4 c:/devkitpro/devkitarm/bin/../lib/gcc/arm-none-eabi/12.2.0/../../../../arm-none-eabi/lib/armv6k/fpu\libc.a(libc_a-strncmp.o)
                0x001190b4                strncmp
 .text.strncpy  0x00119198       0xc4 c:/devkitpro/devkitarm/bin/../lib/gcc/arm-none-eabi/12.2.0/../../../../arm-none-eabi/lib/armv6k/fpu\libc.a(libc_a-strncpy.o)
                0x00119198                strncpy
 .text.strnlen  0x0011925c       0x48 c:/devkitpro/devkitarm/bin/../lib/gcc/arm-none-eabi/12.2.0/../../../../arm-none-eabi/lib/armv6k/fpu\libc.a(libc_a-strnlen.o)
                0x0011925c                strnlen
 .text.gmtime   0x001192a4       0x20 c:/devkitpro/devkitarm/bin/../lib/gcc/arm-none-eabi/12.2.0/../../../../arm-none-eabi/lib/armv6k/fpu\libc.a(libc_a-gmtime.o)
                0x001192a4                gmtime
 .text.gmtime_r
                0x001192c4      0x268 c:/devkitpro/devkitarm/bin/../lib/gcc/arm-none-eabi/12.2.0/../../../../arm-none-eabi/lib/armv6k/fpu\libc.a(libc_a-gmtime_r.o)
                0x001192c4                gmtime_r
 .text.time     0x0011952c       0x4c c:/devkitpro/devkitarm/bin/../lib/gcc/arm-none-eabi/12.2.0/../../../../arm-none-eabi/lib/armv6k/fpu\libc.a(libc_a-time.o)
                0x0011952c                time
 .text.__errno  0x00119578        0xc c:/devkitpro/devkitarm/bin/../lib/gcc/arm-none-eabi/12.2.0/../../../../arm-none-eabi/lib/armv6k/fpu\libc.a(libc_a-errno.o)
                0x00119578                __errno
 .text.__libc_init_array
                0x00119584       0x84 c:/devkitpro/devkitarm/bin/../lib/gcc/arm-none-eabi/12.2.0/../../../../arm-none-eabi/lib/armv6k/fpu\libc.a(libc_a-init.o)
                0x00119584                __libc_init_array
 .text.__libc_fini_array
                0x00119608       0x3c c:/devkitpro/devkitarm/bin/../lib/gcc/arm-none-eabi/12.2.0/../../../../arm-none-eabi/lib/armv6k/fpu\libc.a(libc_a-fini.o)
                0x00119608                __libc_fini_array
 .text.memcpy   0x00119644      0x118 c:/devkitpro/devkitarm/bin/../lib/gcc/arm-none-eabi/12.2.0/../../../../arm-none-eabi/lib/armv6k/fpu\libc.a(libc_a-memcpy-stub.o)
                0x00119644                memcpy
 .text.__call_exitprocs
                0x0011975c      0x110 c:/devkitpro/devkitarm/bin/../lib/gcc/arm-none-eabi/12.2.0/../../../../arm-none-eabi/lib/armv6k/fpu\libc.a(libc_a-__call_atexit.o)
                0x0011975c                __call_exitprocs
 .text._malloc_trim_r
                0x0011986c       0xf8 c:/devkitpro/devkitarm/bin/../lib/gcc/arm-none-eabi/12.2.0/../../../../arm-none-eabi/lib/armv6k/fpu\libc.a(libc_a-freer.o)
                0x0011986c                _malloc_trim_r
 .text._free_r  0x00119964      0x2e8 c:/devkitpro/devkitarm/bin/../lib/gcc/arm-none-eabi/12.2.0/../../../../arm-none-eabi/lib/armv6k/fpu\libc.a(libc_a-freer.o)
                0x00119964                _free_r
 .text.get_arg  0x00119c4c      0x67c c:/devkitpro/devkitarm/bin/../lib/gcc/arm-none-eabi/12.2.0/../../../../arm-none-eabi/lib/armv6k/fpu\libc.a(libc_a-svfprintf.o)
 .text._svfprintf_r
                0x0011a2c8     0x3344 c:/devkitpro/devkitarm/bin/../lib/gcc/arm-none-eabi/12.2.0/../../../../arm-none-eabi/lib/armv6k/fpu\libc.a(libc_a-svfprintf.o)
                0x0011a2c8                _svfprintf_r
 .text.__sflags
                0x0011d60c       0xc8 c:/devkitpro/devkitarm/bin/../lib/gcc/arm-none-eabi/12.2.0/../../../../arm-none-eabi/lib/armv6k/fpu\libc.a(libc_a-flags.o)
                0x0011d60c                __sflags
 .text.__locale_mb_cur_max
                0x0011d6d4       0x24 c:/devkitpro/devkitarm/bin/../lib/gcc/arm-none-eabi/12.2.0/../../../../arm-none-eabi/lib/armv6k/fpu\libc.a(libc_a-locale.o)
                0x0011d6d4                __locale_mb_cur_max
 .text._localeconv_r
                0x0011d6f8       0x24 c:/devkitpro/devkitarm/bin/../lib/gcc/arm-none-eabi/12.2.0/../../../../arm-none-eabi/lib/armv6k/fpu\libc.a(libc_a-localeconv.o)
                0x0011d6f8                _localeconv_r
 .text.memchr   0x0011d71c       0xe4 c:/devkitpro/devkitarm/bin/../lib/gcc/arm-none-eabi/12.2.0/../../../../arm-none-eabi/lib/armv6k/fpu\libc.a(libc_a-memchr-stub.o)
                0x0011d71c                memchr
 .text.frexp    0x0011d800       0x88 c:/devkitpro/devkitarm/bin/../lib/gcc/arm-none-eabi/12.2.0/../../../../arm-none-eabi/lib/armv6k/fpu\libc.a(libm_a-s_frexp.o)
                0x0011d800                frexp
 .text.quorem   0x0011d888      0x1b0 c:/devkitpro/devkitarm/bin/../lib/gcc/arm-none-eabi/12.2.0/../../../../arm-none-eabi/lib/armv6k/fpu\libc.a(libc_a-dtoa.o)
 .text._dtoa_r  0x0011da38     0x11f8 c:/devkitpro/devkitarm/bin/../lib/gcc/arm-none-eabi/12.2.0/../../../../arm-none-eabi/lib/armv6k/fpu\libc.a(libc_a-dtoa.o)
                0x0011da38                _dtoa_r
 .text.__utf8_mbtowc
                0x0011ec30      0x2f8 c:/devkitpro/devkitarm/bin/../lib/gcc/arm-none-eabi/12.2.0/../../../../arm-none-eabi/lib/armv6k/fpu\libc.a(libc_a-mbtowc_r.o)
                0x0011ec30                __utf8_mbtowc
 .text._Balloc  0x0011ef28       0x88 c:/devkitpro/devkitarm/bin/../lib/gcc/arm-none-eabi/12.2.0/../../../../arm-none-eabi/lib/armv6k/fpu\libc.a(libc_a-mprec.o)
                0x0011ef28                _Balloc
 .text._Bfree   0x0011efb0       0x1c c:/devkitpro/devkitarm/bin/../lib/gcc/arm-none-eabi/12.2.0/../../../../arm-none-eabi/lib/armv6k/fpu\libc.a(libc_a-mprec.o)
                0x0011efb0                _Bfree
 .text.__multadd
                0x0011efcc       0xf4 c:/devkitpro/devkitarm/bin/../lib/gcc/arm-none-eabi/12.2.0/../../../../arm-none-eabi/lib/armv6k/fpu\libc.a(libc_a-mprec.o)
                0x0011efcc                __multadd
 .text.__hi0bits
                0x0011f0c0       0x60 c:/devkitpro/devkitarm/bin/../lib/gcc/arm-none-eabi/12.2.0/../../../../arm-none-eabi/lib/armv6k/fpu\libc.a(libc_a-mprec.o)
                0x0011f0c0                __hi0bits
 .text.__lo0bits
                0x0011f120       0x9c c:/devkitpro/devkitarm/bin/../lib/gcc/arm-none-eabi/12.2.0/../../../../arm-none-eabi/lib/armv6k/fpu\libc.a(libc_a-mprec.o)
                0x0011f120                __lo0bits
 .text.__i2b    0x0011f1bc       0xac c:/devkitpro/devkitarm/bin/../lib/gcc/arm-none-eabi/12.2.0/../../../../arm-none-eabi/lib/armv6k/fpu\libc.a(libc_a-mprec.o)
                0x0011f1bc                __i2b
 .text.__multiply
                0x0011f268      0x204 c:/devkitpro/devkitarm/bin/../lib/gcc/arm-none-eabi/12.2.0/../../../../arm-none-eabi/lib/armv6k/fpu\libc.a(libc_a-mprec.o)
                0x0011f268                __multiply
 .text.__pow5mult
                0x0011f46c      0x128 c:/devkitpro/devkitarm/bin/../lib/gcc/arm-none-eabi/12.2.0/../../../../arm-none-eabi/lib/armv6k/fpu\libc.a(libc_a-mprec.o)
                0x0011f46c                __pow5mult
 .text.__lshift
                0x0011f594      0x140 c:/devkitpro/devkitarm/bin/../lib/gcc/arm-none-eabi/12.2.0/../../../../arm-none-eabi/lib/armv6k/fpu\libc.a(libc_a-mprec.o)
                0x0011f594                __lshift
 .text.__mcmp   0x0011f6d4       0x58 c:/devkitpro/devkitarm/bin/../lib/gcc/arm-none-eabi/12.2.0/../../../../arm-none-eabi/lib/armv6k/fpu\libc.a(libc_a-mprec.o)
                0x0011f6d4                __mcmp
 .text.__mdiff  0x0011f72c      0x1f0 c:/devkitpro/devkitarm/bin/../lib/gcc/arm-none-eabi/12.2.0/../../../../arm-none-eabi/lib/armv6k/fpu\libc.a(libc_a-mprec.o)
                0x0011f72c                __mdiff
 .text.__d2b    0x0011f91c      0x120 c:/devkitpro/devkitarm/bin/../lib/gcc/arm-none-eabi/12.2.0/../../../../arm-none-eabi/lib/armv6k/fpu\libc.a(libc_a-mprec.o)
                0x0011f91c                __d2b
 .text.__utf8_wctomb
                0x0011fa3c       0xf0 c:/devkitpro/devkitarm/bin/../lib/gcc/arm-none-eabi/12.2.0/../../../../arm-none-eabi/lib/armv6k/fpu\libc.a(libc_a-wctomb_r.o)
                0x0011fa3c                __utf8_wctomb
 .text._wcrtomb_r
                0x0011fb2c       0x94 c:/devkitpro/devkitarm/bin/../lib/gcc/arm-none-eabi/12.2.0/../../../../arm-none-eabi/lib/armv6k/fpu\libc.a(libc_a-wcrtomb.o)
                0x0011fb2c                _wcrtomb_r
 .text._wcsrtombs_r
                0x0011fbc0       0x28 c:/devkitpro/devkitarm/bin/../lib/gcc/arm-none-eabi/12.2.0/../../../../arm-none-eabi/lib/armv6k/fpu\libc.a(libc_a-wcsrtombs.o)
                0x0011fbc0                _wcsrtombs_r
 .text.__ssprint_r
                0x0011fbe8      0x188 c:/devkitpro/devkitarm/bin/../lib/gcc/arm-none-eabi/12.2.0/../../../../arm-none-eabi/lib/armv6k/fpu\libc.a(libc_a-svfiprintf.o)
                0x0011fbe8                __ssprint_r
 .text.__assert_func
                0x0011fd70       0x5c c:/devkitpro/devkitarm/bin/../lib/gcc/arm-none-eabi/12.2.0/../../../../arm-none-eabi/lib/armv6k/fpu\libc.a(libc_a-assert.o)
                0x0011fd70                __assert_func
 .text._wcsnrtombs_l
                0x0011fdcc      0x188 c:/devkitpro/devkitarm/bin/../lib/gcc/arm-none-eabi/12.2.0/../../../../arm-none-eabi/lib/armv6k/fpu\libc.a(libc_a-wcsnrtombs.o)
                0x0011fdcc                _wcsnrtombs_l
 .text._wcsnrtombs_r
                0x0011ff54       0x68 c:/devkitpro/devkitarm/bin/../lib/gcc/arm-none-eabi/12.2.0/../../../../arm-none-eabi/lib/armv6k/fpu\libc.a(libc_a-wcsnrtombs.o)
                0x0011ff54                _wcsnrtombs_r
 .text.fiprintf
                0x0011ffbc       0x3c c:/devkitpro/devkitarm/bin/../lib/gcc/arm-none-eabi/12.2.0/../../../../arm-none-eabi/lib/armv6k/fpu\libc.a(libc_a-fiprintf.o)
                0x0011ffbc                fiprintf
 .text.get_arg  0x0011fff8      0x67c c:/devkitpro/devkitarm/bin/../lib/gcc/arm-none-eabi/12.2.0/../../../../arm-none-eabi/lib/armv6k/fpu\libc.a(libc_a-vfiprintf.o)
 .text.__sprint_r
                0x00120674       0x30 c:/devkitpro/devkitarm/bin/../lib/gcc/arm-none-eabi/12.2.0/../../../../arm-none-eabi/lib/armv6k/fpu\libc.a(libc_a-vfiprintf.o)
                0x00120674                __sprint_r
 .text._vfiprintf_r
                0x001206a4     0x230c c:/devkitpro/devkitarm/bin/../lib/gcc/arm-none-eabi/12.2.0/../../../../arm-none-eabi/lib/armv6k/fpu\libc.a(libc_a-vfiprintf.o)
                0x001206a4                _vfiprintf_r
 .text.__sbprintf
                0x001229b0       0xb8 c:/devkitpro/devkitarm/bin/../lib/gcc/arm-none-eabi/12.2.0/../../../../arm-none-eabi/lib/armv6k/fpu\libc.a(libc_a-vfiprintf.o)
 .text.__sfvwrite_r
                0x00122a68      0x4b4 c:/devkitpro/devkitarm/bin/../lib/gcc/arm-none-eabi/12.2.0/../../../../arm-none-eabi/lib/armv6k/fpu\libc.a(libc_a-fvwrite.o)
                0x00122a68                __sfvwrite_r
 .text.__swsetup_r
                0x00122f1c      0x134 c:/devkitpro/devkitarm/bin/../lib/gcc/arm-none-eabi/12.2.0/../../../../arm-none-eabi/lib/armv6k/fpu\libc.a(libc_a-wsetup.o)
                0x00122f1c                __swsetup_r
 .text.abort    0x00123050       0x14 c:/devkitpro/devkitarm/bin/../lib/gcc/arm-none-eabi/12.2.0/../../../../arm-none-eabi/lib/armv6k/fpu\libc.a(libc_a-abort.o)
                0x00123050                abort
 .text._raise_r
                0x00123064       0x90 c:/devkitpro/devkitarm/bin/../lib/gcc/arm-none-eabi/12.2.0/../../../../arm-none-eabi/lib/armv6k/fpu\libc.a(libc_a-signal.o)
                0x00123064                _raise_r
 .text.raise    0x001230f4       0x18 c:/devkitpro/devkitarm/bin/../lib/gcc/arm-none-eabi/12.2.0/../../../../arm-none-eabi/lib/armv6k/fpu\libc.a(libc_a-signal.o)
                0x001230f4                raise
 .text._exit    0x0012310c       0x20 c:/devkitpro/devkitarm/bin/../lib/gcc/arm-none-eabi/12.2.0/../../../../arm-none-eabi/lib/armv6k/fpu\libsysbase.a(libsysbase_libsysbase_a-_exit.o)
                0x0012310c                _exit
 .text._concatenate_path
                0x0012312c      0x1c0 c:/devkitpro/devkitarm/bin/../lib/gcc/arm-none-eabi/12.2.0/../../../../arm-none-eabi/lib/armv6k/fpu\libsysbase.a(libsysbase_libsysbase_a-chdir.o)
                0x0012312c                _concatenate_path
 .text.chdir    0x001232ec      0x140 c:/devkitpro/devkitarm/bin/../lib/gcc/arm-none-eabi/12.2.0/../../../../arm-none-eabi/lib/armv6k/fpu\libsysbase.a(libsysbase_libsysbase_a-chdir.o)
                0x001232ec                chdir
 .text._fstat_r
                0x0012342c       0x78 c:/devkitpro/devkitarm/bin/../lib/gcc/arm-none-eabi/12.2.0/../../../../arm-none-eabi/lib/armv6k/fpu\libsysbase.a(libsysbase_libsysbase_a-fstat.o)
                0x0012342c                _fstat_r
 .text._getpid_r
                0x001234a4       0x14 c:/devkitpro/devkitarm/bin/../lib/gcc/arm-none-eabi/12.2.0/../../../../arm-none-eabi/lib/armv6k/fpu\libsysbase.a(libsysbase_libsysbase_a-getpid.o)
                0x001234a4                _getpid_r
 .text.__getreent
                0x001234b8       0x2c c:/devkitpro/devkitarm/bin/../lib/gcc/arm-none-eabi/12.2.0/../../../../arm-none-eabi/lib/armv6k/fpu\libsysbase.a(libsysbase_libsysbase_a-getreent.o)
                0x001234b8                __getreent
 .text._gettimeofday_r
                0x001234e4       0x30 c:/devkitpro/devkitarm/bin/../lib/gcc/arm-none-eabi/12.2.0/../../../../arm-none-eabi/lib/armv6k/fpu\libsysbase.a(libsysbase_libsysbase_a-gettod.o)
                0x001234e4                _gettimeofday_r
 .text.__release_handle
                0x00123514       0x8c c:/devkitpro/devkitarm/bin/../lib/gcc/arm-none-eabi/12.2.0/../../../../arm-none-eabi/lib/armv6k/fpu\libsysbase.a(libsysbase_libsysbase_a-handle_manager.o)
                0x00123514                __release_handle
 .text.__alloc_handle