Archive member included to satisfy reference by file (symbol)

G:/devkitPro/libctru/lib\libcitro2d.a(base.o)
                              main.o (C2D_Init)
G:/devkitPro/libctru/lib\libcitro2d.a(text.o)
                              gui.o (C2D_TextBufNew)
G:/devkitPro/libctru/lib\libcitro2d.a(spritesheet.o)
                              main.o (C2D_SpriteSheetLoad)
G:/devkitPro/libctru/lib\libcitro2d.a(font.o)
                              G:/devkitPro/libctru/lib\libcitro2d.a(text.o) (C2D_FontGlyphIndexFromCodePoint)
G:/devkitPro/libctru/lib\libcitro2d.a(render2d.shbin.o)
                              G:/devkitPro/libctru/lib\libcitro2d.a(base.o) (render2d_shbin)
G:/devkitPro/libctru/lib\libcitro3d.a(base.o)
                              main.o (C3D_Init)
G:/devkitPro/libctru/lib\libcitro3d.a(renderqueue.o)
                              G:/devkitPro/libctru/lib\libcitro3d.a(base.o) (C3Di_RenderQueueEnableVBlank)
G:/devkitPro/libctru/lib\libcitro3d.a(texture.o)
                              G:/devkitPro/libctru/lib\libcitro2d.a(base.o) (C3D_TexBind)
G:/devkitPro/libctru/lib\libcitro3d.a(tex3ds.o)
                              G:/devkitPro/libctru/lib\libcitro2d.a(spritesheet.o) (Tex3DS_TextureImport)
G:/devkitPro/libctru/lib\libcitro3d.a(framebuffer.o)
                              G:/devkitPro/libctru/lib\libcitro3d.a(renderqueue.o) (C3D_CalcColorBufSize)
G:/devkitPro/libctru/lib\libcitro3d.a(texenv.o)
                              G:/devkitPro/libctru/lib\libcitro2d.a(base.o) (C3D_GetTexEnv)
G:/devkitPro/libctru/lib\libcitro3d.a(proctex.o)
                              G:/devkitPro/libctru/lib\libcitro2d.a(base.o) (C3D_ProcTexInit)
G:/devkitPro/libctru/lib\libcitro3d.a(buffers.o)
                              G:/devkitPro/libctru/lib\libcitro2d.a(base.o) (BufInfo_Init)
G:/devkitPro/libctru/lib\libcitro3d.a(drawArrays.o)
                              G:/devkitPro/libctru/lib\libcitro2d.a(base.o) (C3D_DrawArrays)
G:/devkitPro/libctru/lib\libcitro3d.a(effect.o)
                              G:/devkitPro/libctru/lib\libcitro3d.a(base.o) (C3D_DepthMap)
G:/devkitPro/libctru/lib\libcitro3d.a(attribs.o)
                              G:/devkitPro/libctru/lib\libcitro2d.a(base.o) (AttrInfo_Init)
G:/devkitPro/libctru/lib\libcitro3d.a(immediate.o)
                              G:/devkitPro/libctru/lib\libcitro3d.a(base.o) (C3D_ImmSendAttrib)
G:/devkitPro/libctru/lib\libcitro3d.a(uniforms.o)
                              G:/devkitPro/libctru/lib\libcitro3d.a(base.o) (C3D_UpdateUniforms)
G:/devkitPro/libctru/lib\libcitro3d.a(mtx_ortho.o)
                              G:/devkitPro/libctru/lib\libcitro2d.a(base.o) (Mtx_Ortho)
G:/devkitPro/libctru/lib\libcitro3d.a(mtx_scale.o)
                              G:/devkitPro/libctru/lib\libcitro2d.a(base.o) (Mtx_Scale)
G:/devkitPro/libctru/lib\libcitro3d.a(mtx_multiply.o)
                              G:/devkitPro/libctru/lib\libcitro2d.a(base.o) (Mtx_Multiply)
G:/devkitPro/libctru/lib\libcitro3d.a(mtx_orthotilt.o)
                              G:/devkitPro/libctru/lib\libcitro2d.a(base.o) (Mtx_OrthoTilt)
G:/devkitPro/libctru/lib\libcitro3d.a(mtx_translate.o)
                              G:/devkitPro/libctru/lib\libcitro2d.a(base.o) (Mtx_Translate)
G:/devkitPro/libctru/lib\libcitro3d.a(mtx_rotatez.o)
                              G:/devkitPro/libctru/lib\libcitro2d.a(base.o) (Mtx_RotateZ)
G:/devkitPro/libctru/lib\libctru.a(vram.o)
                              G:/devkitPro/libctru/lib\libcitro3d.a(renderqueue.o) (vramAlloc)
G:/devkitPro/libctru/lib\libctru.a(linear.o)
                              G:/devkitPro/libctru/lib\libcitro2d.a(base.o) (linearAlloc)
G:/devkitPro/libctru/lib\libctru.a(mem_pool.o)
                              G:/devkitPro/libctru/lib\libctru.a(vram.o) (MemPool::Allocate(MemChunk&, unsigned long, int))
G:/devkitPro/libctru/lib\libctru.a(romfs_dev.o)
                              main.o (romfsMountSelf)
G:/devkitPro/libctru/lib\libctru.a(os.o)
                              G:/devkitPro/libctru/lib\libcitro3d.a(texture.o) (osConvertVirtToPhys)
G:/devkitPro/libctru/lib\libctru.a(path_buf.o)
                              G:/devkitPro/libctru/lib\libctru.a(romfs_dev.o) (__ctru_dev_utf16_buf)
G:/devkitPro/libctru/lib\libctru.a(font.o)
                              G:/devkitPro/libctru/lib\libcitro2d.a(text.o) (fontEnsureMapped)
G:/devkitPro/libctru/lib\libctru.a(gfx.o)
                              G:/devkitPro/libctru/lib\libcitro2d.a(base.o) (gfxIsWide)
G:/devkitPro/libctru/lib\libctru.a(shaderProgram.o)
                              G:/devkitPro/libctru/lib\libcitro2d.a(base.o) (shaderInstanceGetUniformLocation)
G:/devkitPro/libctru/lib\libctru.a(shbin.o)
                              G:/devkitPro/libctru/lib\libcitro2d.a(base.o) (DVLB_ParseFile)
G:/devkitPro/libctru/lib\libctru.a(gx.o)
                              G:/devkitPro/libctru/lib\libcitro3d.a(renderqueue.o) (GX_BindQueue)
[...]
Memory Configuration

Name             Origin             Length             Attributes
*default*        0x0000000000000000 0xffffffffffffffff

Linker script and memory map

                0x0000000000100000                PROVIDE (__start__ = 0x100000)
                0x0000000000100000                . = __start__

.text           0x0000000000100000    0x228dc
 *(.crt0)
 .crt0          0x0000000000100000       0x94 g:/devkitpro/devkitarm/bin/../lib/gcc/arm-none-eabi/11.1.0/../../../../arm-none-eabi/lib/armv6k/fpu/3dsx_crt0.o
                0x0000000000100000                _start
                0x0000000000100008                __service_ptr
                0x000000000010000c                __apt_appid
                0x0000000000100010                __heap_size
                0x0000000000100014                __linear_heap_size
                0x0000000000100018                __system_arglist
                0x000000000010001c                __system_runflags
 *(.init)
 .init          0x0000000000100094        0xc g:/devkitpro/devkitarm/bin/../lib/gcc/arm-none-eabi/11.1.0/armv6k/fpu/crti.o
                0x0000000000100094                _init
 .init          0x00000000001000a0        0xc g:/devkitpro/devkitarm/bin/../lib/gcc/arm-none-eabi/11.1.0/armv6k/fpu/crtn.o
                0x00000000001000ac                . = ALIGN (0x4)
 *(.text)
 .text          0x00000000001000ac      0x20c g:/devkitpro/devkitarm/bin/../lib/gcc/arm-none-eabi/11.1.0/armv6k/fpu\libgcc.a(_udivsi3.o)
                0x00000000001000ac                __aeabi_uidiv
                0x00000000001000ac                __udivsi3
                0x0000000000100298                __aeabi_uidivmod
 .text          0x00000000001002b8      0x240 g:/devkitpro/devkitarm/bin/../lib/gcc/arm-none-eabi/11.1.0/armv6k/fpu\libgcc.a(_divsi3.o)
                0x00000000001002b8                __divsi3
                0x00000000001002b8                __aeabi_idiv
                0x00000000001004d8                __aeabi_idivmod
 .text          0x00000000001004f8        0x4 g:/devkitpro/devkitarm/bin/../lib/gcc/arm-none-eabi/11.1.0/armv6k/fpu\libgcc.a(_dvmd_tls.o)
                0x00000000001004f8                __aeabi_idiv0
                0x00000000001004f8                __aeabi_ldiv0
 .text          0x00000000001004fc      0x3c0 g:/devkitpro/devkitarm/bin/../lib/gcc/arm-none-eabi/11.1.0/armv6k/fpu\libgcc.a(_arm_addsubdf3.o)
                0x00000000001004fc                __aeabi_drsub
                0x0000000000100504                __aeabi_dsub
                0x0000000000100504                __subdf3
                0x0000000000100508                __aeabi_dadd
                0x0000000000100508                __adddf3
                0x00000000001007b4                __floatunsidf
                0x00000000001007b4                __aeabi_ui2d
                0x00000000001007d8                __floatsidf
                0x00000000001007d8                __aeabi_i2d
                0x0000000000100800                __aeabi_f2d
                0x0000000000100800                __extendsfdf2
                0x0000000000100848                __floatundidf
                0x0000000000100848                __aeabi_ul2d
                0x000000000010085c                __floatdidf
                0x000000000010085c                __aeabi_l2d
 .text          0x00000000001008bc       0xd4 g:/devkitpro/devkitarm/bin/../lib/gcc/arm-none-eabi/11.1.0/armv6k/fpu\libgcc.a(_aeabi_ldivmod.o)
                0x00000000001008bc                __aeabi_ldivmod
 .text          0x0000000000100990       0x3c g:/devkitpro/devkitarm/bin/../lib/gcc/arm-none-eabi/11.1.0/armv6k/fpu\libgcc.a(_aeabi_uldivmod.o)
                0x0000000000100990                __aeabi_uldivmod
 *fill*         0x00000000001009cc       0x14 
 .text          0x00000000001009e0      0x390 g:/devkitpro/devkitarm/bin/../lib/gcc/arm-none-eabi/11.1.0/../../../../arm-none-eabi/lib/armv6k/fpu\libg.a(lib_a-strcmp.o)
                0x00000000001009e8                strcmp
 *(.text.*)
 .text.__do_global_dtors_aux
                0x0000000000100d70       0x40 g:/devkitpro/devkitarm/bin/../lib/gcc/arm-none-eabi/11.1.0/armv6k/fpu/crtbegin.o
 .text.frame_dummy
                0x0000000000100db0       0x2c g:/devkitpro/devkitarm/bin/../lib/gcc/arm-none-eabi/11.1.0/armv6k/fpu/crtbegin.o
 .text.app      0x0000000000100ddc      0x130 control.o
                0x0000000000100ddc                app
 .text.initMainScreen
                0x0000000000100f0c       0x50 gui.o
                0x0000000000100f0c                initMainScreen
 .text.renderMainScreen_Top
                0x0000000000100f5c      0x11c gui.o
                0x0000000000100f5c                renderMainScreen_Top
 .text.renderMainScreen_Bottom
                0x0000000000101078      0x110 gui.o
                0x0000000000101078                renderMainScreen_Bottom
 .text.renderBottomSettingsScreen
                0x0000000000101188      0x140 gui.o
                0x0000000000101188                renderBottomSettingsScreen
 .text.exitScene
                0x00000000001012c8       0x20 gui.o
                0x00000000001012c8                exitScene
 .text.getInput
                0x00000000001012e8       0x3c input.o
                0x00000000001012e8                getInput
 .text.ButtonClick
                0x0000000000101324       0x4c input.o
                0x0000000000101324                ButtonClick
 .text.startup.main
                0x0000000000101370      0x2f4 main.o
                0x0000000000101370                main
 .text.C2Di_FrameEndHook
                0x0000000000101664       0x34 G:/devkitPro/libctru/lib\libcitro2d.a(base.o)
 .text.C2D_Init
                0x0000000000101698      0x330 G:/devkitPro/libctru/lib\libcitro2d.a(base.o)
                0x0000000000101698                C2D_Init
 .text.C2D_Fini
                0x00000000001019c8       0x44 G:/devkitPro/libctru/lib\libcitro2d.a(base.o)
                0x00000000001019c8                C2D_Fini
 .text.C2D_Prepare
                0x0000000000101a0c       0xd0 G:/devkitPro/libctru/lib\libcitro2d.a(base.o)
                0x0000000000101a0c                C2D_Prepare
 .text.C2D_Flush
                0x0000000000101adc       0x3c G:/devkitPro/libctru/lib\libcitro2d.a(base.o)
                0x0000000000101adc                C2D_Flush
 .text.C2D_SceneSize
                0x0000000000101b18      0x108 G:/devkitPro/libctru/lib\libcitro2d.a(base.o)
                0x0000000000101b18                C2D_SceneSize
 .text.C2D_CreateScreenTarget
                0x0000000000101c20       0x58 G:/devkitPro/libctru/lib\libcitro2d.a(base.o)
                0x0000000000101c20                C2D_CreateScreenTarget
 .text.C2D_TargetClear
                0x0000000000101c78       0x58 G:/devkitPro/libctru/lib\libcitro2d.a(base.o)
                0x0000000000101c78                C2D_TargetClear
 .text.C2Di_CalcQuad
                0x0000000000101cd0      0x13c G:/devkitPro/libctru/lib\libcitro2d.a(base.o)
                0x0000000000101cd0                C2Di_CalcQuad
 .text.C2Di_AppendVtx
                0x0000000000101e0c       0x40 G:/devkitPro/libctru/lib\libcitro2d.a(base.o)
                0x0000000000101e0c                C2Di_AppendVtx
 .text.C2Di_Update
                0x0000000000101e4c      0x22c G:/devkitPro/libctru/lib\libcitro2d.a(base.o)
                0x0000000000101e4c                C2Di_Update
 .text.C2D_DrawImage
                0x0000000000102078      0x2f8 G:/devkitPro/libctru/lib\libcitro2d.a(base.o)
                0x0000000000102078                C2D_DrawImage
 .text.C2D_DrawRectangle
                0x0000000000102370      0x1b0 G:/devkitPro/libctru/lib\libcitro2d.a(base.o)
                0x0000000000102370                C2D_DrawRectangle
 .text.C2Di_GlyphComp
                0x0000000000102520       0x18 G:/devkitPro/libctru/lib\libcitro2d.a(text.o)
 .text.C2Di_CalcLineWidths
                0x0000000000102538      0x140 G:/devkitPro/libctru/lib\libcitro2d.a(text.o)
 .text.C2D_TextBufNew
                0x0000000000102678      0x1d0 G:/devkitPro/libctru/lib\libcitro2d.a(text.o)
                0x0000000000102678                C2D_TextBufNew
 .text.C2D_TextBufDelete
                0x0000000000102848        0x4 G:/devkitPro/libctru/lib\libcitro2d.a(text.o)
                0x0000000000102848                C2D_TextBufDelete
 .text.C2D_TextBufClear
                0x000000000010284c        0xc G:/devkitPro/libctru/lib\libcitro2d.a(text.o)
                0x000000000010284c                C2D_TextBufClear
 .text.C2D_TextFontParseLine
                0x0000000000102858      0x1c8 G:/devkitPro/libctru/lib\libcitro2d.a(text.o)
                0x0000000000102858                C2D_TextFontParseLine
 .text.C2D_TextFontParse
                0x0000000000102a20       0xa8 G:/devkitPro/libctru/lib\libcitro2d.a(text.o)
                0x0000000000102a20                C2D_TextFontParse
 .text.C2D_TextParse
                0x0000000000102ac8       0x14 G:/devkitPro/libctru/lib\libcitro2d.a(text.o)
                0x0000000000102ac8                C2D_TextParse
 .text.C2D_TextOptimize
                0x0000000000102adc       0x30 G:/devkitPro/libctru/lib\libcitro2d.a(text.o)
                0x0000000000102adc                C2D_TextOptimize
 .text.C2D_DrawText
                0x0000000000102b0c     0x10d4 G:/devkitPro/libctru/lib\libcitro2d.a(text.o)
                0x0000000000102b0c                C2D_DrawText
 .text.C2D_SpriteSheetLoadFromHandle
                0x0000000000103be0       0x6c G:/devkitPro/libctru/lib\libcitro2d.a(spritesheet.o)
                0x0000000000103be0                C2D_SpriteSheetLoadFromHandle
 .text.C2D_SpriteSheetLoad
                0x0000000000103c4c       0x48 G:/devkitPro/libctru/lib\libcitro2d.a(spritesheet.o)
                0x0000000000103c4c                C2D_SpriteSheetLoad
 .text.C2D_SpriteSheetFree
                0x0000000000103c94       0x28 G:/devkitPro/libctru/lib\libcitro2d.a(spritesheet.o)
                0x0000000000103c94                C2D_SpriteSheetFree
 .text.C2D_SpriteSheetGetImage
                0x0000000000103cbc       0x2c G:/devkitPro/libctru/lib\libcitro2d.a(spritesheet.o)
                0x0000000000103cbc                C2D_SpriteSheetGetImage
 .text.C2D_FontGlyphIndexFromCodePoint
                0x0000000000103ce8       0x44 G:/devkitPro/libctru/lib\libcitro2d.a(font.o)
                0x0000000000103ce8                C2D_FontGlyphIndexFromCodePoint
 .text.C2D_FontCalcGlyphPos
                0x0000000000103d2c       0x78 G:/devkitPro/libctru/lib\libcitro2d.a(font.o)
                0x0000000000103d2c                C2D_FontCalcGlyphPos
 .text.C3Di_LightEnvUpdate
                0x0000000000103da4        0x4 G:/devkitPro/libctru/lib\libcitro3d.a(base.o)
                0x0000000000103da4                C3Di_LightEnvUpdate
 .text.C3Di_LightEnvDirty
                0x0000000000103da8        0x4 G:/devkitPro/libctru/lib\libcitro3d.a(base.o)
                0x0000000000103da8                C3Di_LightEnvDirty
 .text.C3Di_AptEventHook
                0x0000000000103dac       0xb4 G:/devkitPro/libctru/lib\libcitro3d.a(base.o)
 .text.C3Di_GasUpdate
                0x0000000000103e60        0x4 G:/devkitPro/libctru/lib\libcitro3d.a(base.o)
                0x0000000000103e60                C3Di_GasUpdate
 .text.C3D_Init
                0x0000000000103e64      0x1e0 G:/devkitPro/libctru/lib\libcitro3d.a(base.o)
                0x0000000000103e64                C3D_Init
 .text.C3D_SetViewport
                0x0000000000104044       0x98 G:/devkitPro/libctru/lib\libcitro3d.a(base.o)
                0x0000000000104044                C3D_SetViewport
 .text.C3Di_UpdateContext
                0x00000000001040dc      0x4ec G:/devkitPro/libctru/lib\libcitro3d.a(base.o)
                0x00000000001040dc                C3Di_UpdateContext
 .text.C3Di_SplitFrame
                0x00000000001045c8       0xe0 G:/devkitPro/libctru/lib\libcitro3d.a(base.o)
                0x00000000001045c8                C3Di_SplitFrame
 .text.C3D_Fini
                0x00000000001046a8       0x44 G:/devkitPro/libctru/lib\libcitro3d.a(base.o)
                0x00000000001046a8                C3D_Fini
 .text.C3D_BindProgram
                0x00000000001046ec      0x108 G:/devkitPro/libctru/lib\libcitro3d.a(base.o)
                0x00000000001046ec                C3D_BindProgram
 .text.onVBlank0
                0x00000000001047f4       0x4c G:/devkitPro/libctru/lib\libcitro3d.a(renderqueue.o)
 .text.onVBlank1
                0x0000000000104840       0x4c G:/devkitPro/libctru/lib\libcitro3d.a(renderqueue.o)
 .text.C3Di_RenderTargetDestroy
                0x000000000010488c       0x80 G:/devkitPro/libctru/lib\libcitro3d.a(renderqueue.o)
 .text.onQueueFinish
                0x000000000010490c       0xf4 G:/devkitPro/libctru/lib\libcitro3d.a(renderqueue.o)
 .text.C3Di_RenderQueueEnableVBlank
                0x0000000000104a00       0x38 G:/devkitPro/libctru/lib\libcitro3d.a(renderqueue.o)
                0x0000000000104a00                C3Di_RenderQueueEnableVBlank
 .text.C3Di_RenderQueueDisableVBlank
                0x0000000000104a38       0x30 G:/devkitPro/libctru/lib\libcitro3d.a(renderqueue.o)
                0x0000000000104a38                C3Di_RenderQueueDisableVBlank
 .text.C3Di_RenderQueueInit
                0x0000000000104a68       0x60 G:/devkitPro/libctru/lib\libcitro3d.a(renderqueue.o)
                0x0000000000104a68                C3Di_RenderQueueInit
 .text.C3Di_RenderQueueExit
                0x0000000000104ac8       0xb0 G:/devkitPro/libctru/lib\libcitro3d.a(renderqueue.o)
                0x0000000000104ac8                C3Di_RenderQueueExit
 .text.C3Di_RenderQueueWaitDone
                0x0000000000104b78       0x34 G:/devkitPro/libctru/lib\libcitro3d.a(renderqueue.o)
                0x0000000000104b78                C3Di_RenderQueueWaitDone
 .text.C3D_FrameBegin
                0x0000000000104bac       0xe4 G:/devkitPro/libctru/lib\libcitro3d.a(renderqueue.o)
                0x0000000000104bac                C3D_FrameBegin
 .text.C3D_FrameDrawOn
                0x0000000000104c90       0x48 G:/devkitPro/libctru/lib\libcitro3d.a(renderqueue.o)
                0x0000000000104c90                C3D_FrameDrawOn
 .text.C3D_FrameSplit
                0x0000000000104cd8       0x58 G:/devkitPro/libctru/lib\libcitro3d.a(renderqueue.o)
                0x0000000000104cd8                C3D_FrameSplit
 .text.C3D_FrameEnd
                0x0000000000104d30      0x1d8 G:/devkitPro/libctru/lib\libcitro3d.a(renderqueue.o)
                0x0000000000104d30                C3D_FrameEnd
 .text.C3D_FrameEndHook
                0x0000000000104f08       0x1c G:/devkitPro/libctru/lib\libcitro3d.a(renderqueue.o)
                0x0000000000104f08                C3D_FrameEndHook
 .text.C3D_RenderTargetCreate
                0x0000000000104f24      0x128 G:/devkitPro/libctru/lib\libcitro3d.a(renderqueue.o)
                0x0000000000104f24                C3D_RenderTargetCreate
 .text.C3D_RenderTargetSetOutput
                0x000000000010504c       0xa8 G:/devkitPro/libctru/lib\libcitro3d.a(renderqueue.o)
                0x000000000010504c                C3D_RenderTargetSetOutput
 .text.C3D_SyncTextureCopy
                0x00000000001050f4       0xfc G:/devkitPro/libctru/lib\libcitro3d.a(renderqueue.o)
                0x00000000001050f4                C3D_SyncTextureCopy
 .text.C3D_TexInitWithParams
                0x00000000001051f0      0x2a0 G:/devkitPro/libctru/lib\libcitro3d.a(texture.o)
                0x00000000001051f0                C3D_TexInitWithParams
 .text.C3D_TexLoadImage
                0x0000000000105490       0xc8 G:/devkitPro/libctru/lib\libcitro3d.a(texture.o)
                0x0000000000105490                C3D_TexLoadImage
 .text.C3D_TexBind
                0x0000000000105558       0x44 G:/devkitPro/libctru/lib\libcitro3d.a(texture.o)
                0x0000000000105558                C3D_TexBind
 .text.C3D_TexDelete
                0x000000000010559c       0x74 G:/devkitPro/libctru/lib\libcitro3d.a(texture.o)
                0x000000000010559c                C3D_TexDelete
 .text.C3Di_SetTex
                0x0000000000105610      0x16c G:/devkitPro/libctru/lib\libcitro3d.a(texture.o)
                0x0000000000105610                C3Di_SetTex
 .text.Tex3DSi_ImportCommon
                0x000000000010577c      0x3f4 G:/devkitPro/libctru/lib\libcitro3d.a(tex3ds.o)
 .text.Tex3DS_TextureImportStdio
                0x0000000000105b70       0x38 G:/devkitPro/libctru/lib\libcitro3d.a(tex3ds.o)
                0x0000000000105b70                Tex3DS_TextureImportStdio
 .text.Tex3DS_GetSubTexture
                0x0000000000105ba8       0x1c G:/devkitPro/libctru/lib\libcitro3d.a(tex3ds.o)
                0x0000000000105ba8                Tex3DS_GetSubTexture
 .text.Tex3DS_TextureFree
                0x0000000000105bc4        0x4 G:/devkitPro/libctru/lib\libcitro3d.a(tex3ds.o)
                0x0000000000105bc4                Tex3DS_TextureFree
 .text.C3D_CalcColorBufSize
                0x0000000000105bc8       0x1c G:/devkitPro/libctru/lib\libcitro3d.a(framebuffer.o)
                0x0000000000105bc8                C3D_CalcColorBufSize
 .text.C3D_CalcDepthBufSize
                0x0000000000105be4       0x1c G:/devkitPro/libctru/lib\libcitro3d.a(framebuffer.o)
                0x0000000000105be4                C3D_CalcDepthBufSize
 .text.C3D_SetFrameBuf
                0x0000000000105c00       0x44 G:/devkitPro/libctru/lib\libcitro3d.a(framebuffer.o)
                0x0000000000105c00                C3D_SetFrameBuf
 .text.C3Di_FrameBufBind
                0x0000000000105c44      0x16c G:/devkitPro/libctru/lib\libcitro3d.a(framebuffer.o)
                0x0000000000105c44                C3Di_FrameBufBind
 .text.C3D_FrameBufClear
                0x0000000000105db0       0xcc G:/devkitPro/libctru/lib\libcitro3d.a(framebuffer.o)
                0x0000000000105db0                C3D_FrameBufClear
 .text.C3D_FrameBufTransfer
                0x0000000000105e7c       0x44 G:/devkitPro/libctru/lib\libcitro3d.a(framebuffer.o)
                0x0000000000105e7c                C3D_FrameBufTransfer
 .text.C3D_GetTexEnv
                0x0000000000105ec0       0x34 G:/devkitPro/libctru/lib\libcitro3d.a(texenv.o)
                0x0000000000105ec0                C3D_GetTexEnv
 .text.C3Di_TexEnvBind
                0x0000000000105ef4       0x24 G:/devkitPro/libctru/lib\libcitro3d.a(texenv.o)
                0x0000000000105ef4                C3Di_TexEnvBind
 .text.C3D_ProcTexInit
                0x0000000000105f18       0x70 G:/devkitPro/libctru/lib\libcitro3d.a(proctex.o)
                0x0000000000105f18                C3D_ProcTexInit
 .text.C3D_ProcTexBind
                0x0000000000105f88       0x54 G:/devkitPro/libctru/lib\libcitro3d.a(proctex.o)
                0x0000000000105f88                C3D_ProcTexBind
 .text.C3D_ProcTexLutBind
                0x0000000000105fdc       0x5c G:/devkitPro/libctru/lib\libcitro3d.a(proctex.o)
                0x0000000000105fdc                C3D_ProcTexLutBind
 .text.ProcTexLut_FromArray
                0x0000000000106038       0xa4 G:/devkitPro/libctru/lib\libcitro3d.a(proctex.o)
                0x0000000000106038                ProcTexLut_FromArray
 .text.C3Di_ProcTexUpdate
                0x00000000001060dc      0x17c G:/devkitPro/libctru/lib\libcitro3d.a(proctex.o)
                0x00000000001060dc                C3Di_ProcTexUpdate
 .text.C3Di_ProcTexDirty
                0x0000000000106258       0x68 G:/devkitPro/libctru/lib\libcitro3d.a(proctex.o)
                0x0000000000106258                C3Di_ProcTexDirty
 .text.BufInfo_Init
                0x00000000001062c0       0x24 G:/devkitPro/libctru/lib\libcitro3d.a(buffers.o)
                0x00000000001062c0                BufInfo_Init
 .text.BufInfo_Add
                0x00000000001062e4       0x80 G:/devkitPro/libctru/lib\libcitro3d.a(buffers.o)
                0x00000000001062e4                BufInfo_Add
 .text.C3D_SetBufInfo
                0x0000000000106364       0x40 G:/devkitPro/libctru/lib\libcitro3d.a(buffers.o)
                0x0000000000106364                C3D_SetBufInfo
 .text.C3Di_BufInfoBind
                0x00000000001063a4       0x48 G:/devkitPro/libctru/lib\libcitro3d.a(buffers.o)
                0x00000000001063a4                C3Di_BufInfoBind
 .text.C3D_DrawArrays
                0x00000000001063ec      0x148 G:/devkitPro/libctru/lib\libcitro3d.a(drawArrays.o)
                0x00000000001063ec                C3D_DrawArrays
 .text.C3D_DepthMap
                0x0000000000106534       0x40 G:/devkitPro/libctru/lib\libcitro3d.a(effect.o)
                0x0000000000106534                C3D_DepthMap
 .text.C3D_CullFace
                0x0000000000106574       0x1c G:/devkitPro/libctru/lib\libcitro3d.a(effect.o)
                0x0000000000106574                C3D_CullFace
 .text.C3D_StencilTest
                0x0000000000106590       0x40 G:/devkitPro/libctru/lib\libcitro3d.a(effect.o)
                0x0000000000106590                C3D_StencilTest
 .text.C3D_StencilOp
                0x00000000001065d0       0x24 G:/devkitPro/libctru/lib\libcitro3d.a(effect.o)
                0x00000000001065d0                C3D_StencilOp
 .text.C3D_BlendingColor
                0x00000000001065f4       0x1c G:/devkitPro/libctru/lib\libcitro3d.a(effect.o)
                0x00000000001065f4                C3D_BlendingColor
 .text.C3D_EarlyDepthTest
                0x0000000000106610       0x24 G:/devkitPro/libctru/lib\libcitro3d.a(effect.o)
                0x0000000000106610                C3D_EarlyDepthTest
 .text.C3D_DepthTest
                0x0000000000106634       0x2c G:/devkitPro/libctru/lib\libcitro3d.a(effect.o)
                0x0000000000106634                C3D_DepthTest
 .text.C3D_AlphaTest
                0x0000000000106660       0x2c G:/devkitPro/libctru/lib\libcitro3d.a(effect.o)
                0x0000000000106660                C3D_AlphaTest
 .text.C3D_AlphaBlend
                0x000000000010668c       0x50 G:/devkitPro/libctru/lib\libcitro3d.a(effect.o)
                0x000000000010668c                C3D_AlphaBlend
 .text.C3D_FragOpMode
                0x00000000001066dc       0x30 G:/devkitPro/libctru/lib\libcitro3d.a(effect.o)
                0x00000000001066dc                C3D_FragOpMode
 .text.C3D_FragOpShadow
                0x000000000010670c       0x44 G:/devkitPro/libctru/lib\libcitro3d.a(effect.o)
                0x000000000010670c                C3D_FragOpShadow
 .text.C3Di_EffectBind
                0x0000000000106750      0x1ac G:/devkitPro/libctru/lib\libcitro3d.a(effect.o)
                0x0000000000106750                C3Di_EffectBind
 .text.AttrInfo_Init
                0x00000000001068fc       0x28 G:/devkitPro/libctru/lib\libcitro3d.a(attribs.o)
                0x00000000001068fc                AttrInfo_Init
 .text.AttrInfo_AddLoader
                0x0000000000106924       0x98 G:/devkitPro/libctru/lib\libcitro3d.a(attribs.o)
                0x0000000000106924                AttrInfo_AddLoader
 .text.C3D_SetAttrInfo
                0x00000000001069bc       0x54 G:/devkitPro/libctru/lib\libcitro3d.a(attribs.o)
                0x00000000001069bc                C3D_SetAttrInfo
 .text.C3Di_AttrInfoBind
                0x0000000000106a10       0x80 G:/devkitPro/libctru/lib\libcitro3d.a(attribs.o)
                0x0000000000106a10                C3Di_AttrInfoBind
 .text.C3D_ImmSendAttrib
                0x0000000000106a90       0xa8 G:/devkitPro/libctru/lib\libcitro3d.a(immediate.o)
                0x0000000000106a90                C3D_ImmSendAttrib
 .text.C3D_UpdateUniforms
                0x0000000000106b38      0x29c G:/devkitPro/libctru/lib\libcitro3d.a(uniforms.o)
                0x0000000000106b38                C3D_UpdateUniforms
 .text.C3Di_DirtyUniforms
                0x0000000000106dd4       0xc0 G:/devkitPro/libctru/lib\libcitro3d.a(uniforms.o)
                0x0000000000106dd4                C3Di_DirtyUniforms
 .text.C3Di_LoadShaderUniforms
                0x0000000000106e94       0xd8 G:/devkitPro/libctru/lib\libcitro3d.a(uniforms.o)
                0x0000000000106e94                C3Di_LoadShaderUniforms
 .text.C3Di_ClearShaderUniforms
                0x0000000000106f6c       0x28 G:/devkitPro/libctru/lib\libcitro3d.a(uniforms.o)
                0x0000000000106f6c                C3Di_ClearShaderUniforms
 .text.Mtx_Ortho
                0x0000000000106f94       0xcc G:/devkitPro/libctru/lib\libcitro3d.a(mtx_ortho.o)
                0x0000000000106f94                Mtx_Ortho
 .text.Mtx_OrthoTilt
                0x0000000000107060       0xcc G:/devkitPro/libctru/lib\libcitro3d.a(mtx_orthotilt.o)
                0x0000000000107060                Mtx_OrthoTilt
 .text._ZL21addrMapNodeComparatorPK11rbtree_nodeS1_
                0x000000000010712c       0x24 G:/devkitPro/libctru/lib\libctru.a(vram.o)
 .text._ZL21addrMapNodeDestructorP11rbtree_node
                0x0000000000107150        0x4 G:/devkitPro/libctru/lib\libctru.a(vram.o)
 .text.vramMemAlign
                0x0000000000107154      0x114 G:/devkitPro/libctru/lib\libctru.a(vram.o)
                0x0000000000107154                vramMemAlign
 .text.vramAlloc
                0x0000000000107268        0x8 G:/devkitPro/libctru/lib\libctru.a(vram.o)
                0x0000000000107268                vramAlloc
 .text.vramFree
                0x0000000000107270       0x5c G:/devkitPro/libctru/lib\libctru.a(vram.o)
                0x0000000000107270                vramFree
 .text._ZL21addrMapNodeComparatorPK11rbtree_nodeS1_
                0x00000000001072cc       0x24 G:/devkitPro/libctru/lib\libctru.a(linear.o)
 .text._ZL21addrMapNodeDestructorP11rbtree_node
                0x00000000001072f0        0x4 G:/devkitPro/libctru/lib\libctru.a(linear.o)
 .text.linearMemAlign
                0x00000000001072f4      0x120 G:/devkitPro/libctru/lib\libctru.a(linear.o)
                0x00000000001072f4                linearMemAlign
 .text.linearAlloc
                0x0000000000107414        0x8 G:/devkitPro/libctru/lib\libctru.a(linear.o)
                0x0000000000107414                linearAlloc
 .text.linearFree
                0x000000000010741c       0x5c G:/devkitPro/libctru/lib\libctru.a(linear.o)
                0x000000000010741c                linearFree
 .text._ZN7MemPool13CoalesceRightEP8MemBlock
                0x0000000000107478       0x84 G:/devkitPro/libctru/lib\libctru.a(mem_pool.o)
                0x0000000000107478                MemPool::CoalesceRight(MemBlock*)
 .text._ZN7MemPool8AllocateER8MemChunkmi
                0x00000000001074fc      0x170 G:/devkitPro/libctru/lib\libctru.a(mem_pool.o)
                0x00000000001074fc                MemPool::Allocate(MemChunk&, unsigned long, int)
 .text._ZN7MemPool10DeallocateERK8MemChunk
                0x000000000010766c       0xfc G:/devkitPro/libctru/lib\libctru.a(mem_pool.o)
                0x000000000010766c                MemPool::Deallocate(MemChunk const&)
 .text.romfs_close
                0x0000000000107768        0x8 G:/devkitPro/libctru/lib\libctru.a(romfs_dev.o)
 .text.romfs_seek
                0x0000000000107770       0xc8 G:/devkitPro/libctru/lib\libctru.a(romfs_dev.o)
 .text.romfs_dirreset
                0x0000000000107838       0x24 G:/devkitPro/libctru/lib\libctru.a(romfs_dev.o)
 .text.fill_dir
                0x000000000010785c       0xc8 G:/devkitPro/libctru/lib\libctru.a(romfs_dev.o)
 .text.romfs_dirnext
                0x0000000000107924      0x2b0 G:/devkitPro/libctru/lib\libctru.a(romfs_dev.o)
 .text.romfs_free
                0x0000000000107bd4       0x84 G:/devkitPro/libctru/lib\libctru.a(romfs_dev.o)
 .text.searchForFile.constprop.0
                0x0000000000107c58       0xd4 G:/devkitPro/libctru/lib\libctru.a(romfs_dev.o)
 .text.searchForDir.constprop.0
                0x0000000000107d2c       0xd8 G:/devkitPro/libctru/lib\libctru.a(romfs_dev.o)
 .text.navigateToDir.constprop.0
                0x0000000000107e04      0x1c0 G:/devkitPro/libctru/lib\libctru.a(romfs_dev.o)
 .text.romfs_open
                0x0000000000107fc4      0x128 G:/devkitPro/libctru/lib\libctru.a(romfs_dev.o)
 .text.romfs_chdir
                0x00000000001080ec       0x4c G:/devkitPro/libctru/lib\libctru.a(romfs_dev.o)
 .text.romfs_diropen
                0x0000000000108138       0x70 G:/devkitPro/libctru/lib\libctru.a(romfs_dev.o)
 .text.romfs_stat
                0x00000000001081a8      0x17c G:/devkitPro/libctru/lib\libctru.a(romfs_dev.o)
 .text.romfs_dirclose
                0x0000000000108324        0x8 G:/devkitPro/libctru/lib\libctru.a(romfs_dev.o)
 .text.romfs_fstat
                0x000000000010832c       0x7c G:/devkitPro/libctru/lib\libctru.a(romfs_dev.o)
 .text.romfs_read
                0x00000000001083a8       0xd4 G:/devkitPro/libctru/lib\libctru.a(romfs_dev.o)
 .text.romfsMountFromFile
                0x000000000010847c      0x290 G:/devkitPro/libctru/lib\libctru.a(romfs_dev.o)
                0x000000000010847c                romfsMountFromFile
 .text.romfsMountFromCurrentProcess
                0x000000000010870c       0x98 G:/devkitPro/libctru/lib\libctru.a(romfs_dev.o)
                0x000000000010870c                romfsMountFromCurrentProcess
 .text.romfsMountSelf
                0x00000000001087a4      0x25c G:/devkitPro/libctru/lib\libctru.a(romfs_dev.o)
                0x00000000001087a4                romfsMountSelf
 .text.osConvertVirtToPhys
                0x0000000000108a00       0x74 G:/devkitPro/libctru/lib\libctru.a(os.o)
                0x0000000000108a00                osConvertVirtToPhys
 .text.osGetTimeRef
                0x0000000000108a74       0x54 G:/devkitPro/libctru/lib\libctru.a(os.o)
                0x0000000000108a74                osGetTimeRef
 .text.osGetTime
                0x0000000000108ac8       0xe4 G:/devkitPro/libctru/lib\libctru.a(os.o)
                0x0000000000108ac8                osGetTime
 .text.__libctru_gtod
                0x0000000000108bac       0x74 G:/devkitPro/libctru/lib\libctru.a(os.o)
                0x0000000000108bac                __libctru_gtod
 .text.__ctru_speedup_config
                0x0000000000108c20       0x34 G:/devkitPro/libctru/lib\libctru.a(os.o)
                0x0000000000108c20                __ctru_speedup_config
 .text.fontEnsureMapped
                0x0000000000108c54       0x9c G:/devkitPro/libctru/lib\libctru.a(font.o)
                0x0000000000108c54                fontEnsureMapped
 .text.fontGlyphIndexFromCodePoint
                0x0000000000108cf0       0xfc G:/devkitPro/libctru/lib\libctru.a(font.o)
                0x0000000000108cf0                fontGlyphIndexFromCodePoint
 .text.fontGetCharWidthInfo
                0x0000000000108dec       0x6c G:/devkitPro/libctru/lib\libctru.a(font.o)
                0x0000000000108dec                fontGetCharWidthInfo
 .text.fontCalcGlyphPos
                0x0000000000108e58      0x1c0 G:/devkitPro/libctru/lib\libctru.a(font.o)
                0x0000000000108e58                fontCalcGlyphPos
 .text.gfxPresentFramebuffer
                0x0000000000109018       0xd0 G:/devkitPro/libctru/lib\libctru.a(gfx.o)
 .text.gfxIsWide
                0x00000000001090e8       0x1c G:/devkitPro/libctru/lib\libctru.a(gfx.o)
                0x00000000001090e8                gfxIsWide
 .text.gfxSetScreenFormat
                0x0000000000109104       0xec G:/devkitPro/libctru/lib\libctru.a(gfx.o)
                0x0000000000109104                gfxSetScreenFormat
 .text.gfxInit  0x00000000001091f0      0x108 G:/devkitPro/libctru/lib\libctru.a(gfx.o)
                0x00000000001091f0                gfxInit
 .text.gfxInitDefault
                0x00000000001092f8       0x10 G:/devkitPro/libctru/lib\libctru.a(gfx.o)
                0x00000000001092f8                gfxInitDefault
 .text.gfxExit  0x0000000000109308       0xb4 G:/devkitPro/libctru/lib\libctru.a(gfx.o)
                0x0000000000109308                gfxExit
 .text.gfxGetFramebuffer
                0x00000000001093bc       0xa0 G:/devkitPro/libctru/lib\libctru.a(gfx.o)
                0x00000000001093bc                gfxGetFramebuffer
 .text.gfxFlushBuffers
                0x000000000010945c      0x10c G:/devkitPro/libctru/lib\libctru.a(gfx.o)
                0x000000000010945c                gfxFlushBuffers
 .text.gfxScreenSwapBuffers
                0x0000000000109568       0x30 G:/devkitPro/libctru/lib\libctru.a(gfx.o)
                0x0000000000109568                gfxScreenSwapBuffers
 .text.shaderInstanceInit
                0x0000000000109598      0x1e0 G:/devkitPro/libctru/lib\libctru.a(shaderProgram.o)
                0x0000000000109598                shaderInstanceInit
 .text.shaderInstanceGetUniformLocation
                0x0000000000109778       0x18 G:/devkitPro/libctru/lib\libctru.a(shaderProgram.o)
                0x0000000000109778                shaderInstanceGetUniformLocation
 .text.shaderProgramInit
                0x0000000000109790       0x1c G:/devkitPro/libctru/lib\libctru.a(shaderProgram.o)
                0x0000000000109790                shaderProgramInit
 .text.shaderProgramFree
                0x00000000001097ac       0x64 G:/devkitPro/libctru/lib\libctru.a(shaderProgram.o)
                0x00000000001097ac                shaderProgramFree
 .text.shaderProgramSetVsh
                0x0000000000109810       0x80 G:/devkitPro/libctru/lib\libctru.a(shaderProgram.o)
                0x0000000000109810                shaderProgramSetVsh
 .text.shaderProgramConfigure
                0x0000000000109890      0x8c0 G:/devkitPro/libctru/lib\libctru.a(shaderProgram.o)
                0x0000000000109890                shaderProgramConfigure
 .text.DVLE_GenerateOutmap.part.0
                0x000000000010a150      0x1f8 G:/devkitPro/libctru/lib\libctru.a(shbin.o)
 .text.DVLB_ParseFile
                0x000000000010a348      0x1cc G:/devkitPro/libctru/lib\libctru.a(shbin.o)
                0x000000000010a348                DVLB_ParseFile
 .text.DVLB_Free
                0x000000000010a514       0x38 G:/devkitPro/libctru/lib\libctru.a(shbin.o)
                0x000000000010a514                DVLB_Free
 .text.DVLE_GetUniformRegister
                0x000000000010a54c       0x74 G:/devkitPro/libctru/lib\libctru.a(shbin.o)
                0x000000000010a54c                DVLE_GetUniformRegister
 .text.GX_BindQueue
                0x000000000010a5c0       0x10 G:/devkitPro/libctru/lib\libctru.a(gx.o)
                0x000000000010a5c0                GX_BindQueue
 .text.GX_ProcessCommandList
                0x000000000010a5d0       0x78 G:/devkitPro/libctru/lib\libctru.a(gx.o)
                0x000000000010a5d0                GX_ProcessCommandList
 .text.GX_MemoryFill
                0x000000000010a648       0x74 G:/devkitPro/libctru/lib\libctru.a(gx.o)
                0x000000000010a648                GX_MemoryFill
 .text.GX_DisplayTransfer
                0x000000000010a6bc       0x70 G:/devkitPro/libctru/lib\libctru.a(gx.o)
                0x000000000010a6bc                GX_DisplayTransfer
 .text.GX_TextureCopy
                0x000000000010a72c       0x74 G:/devkitPro/libctru/lib\libctru.a(gx.o)
                0x000000000010a72c                GX_TextureCopy
 .text.gxCmdQueueDoCommands.part.0
                0x000000000010a7a0       0x68 G:/devkitPro/libctru/lib\libctru.a(gxqueue.o)
 .text.gxCmdQueueInterrupt
                0x000000000010a808       0xc8 G:/devkitPro/libctru/lib\libctru.a(gxqueue.o)
                0x000000000010a808                gxCmdQueueInterrupt
 .text.gxCmdQueueClear
                0x000000000010a8d0       0x4c G:/devkitPro/libctru/lib\libctru.a(gxqueue.o)
                0x000000000010a8d0                gxCmdQueueClear
 .text.gxCmdQueueAdd
                0x000000000010a91c       0xf8 G:/devkitPro/libctru/lib\libctru.a(gxqueue.o)
                0x000000000010a91c                gxCmdQueueAdd
 .text.gxCmdQueueRun
                0x000000000010aa14       0x80 G:/devkitPro/libctru/lib\libctru.a(gxqueue.o)
                0x000000000010aa14                gxCmdQueueRun
 .text.gxCmdQueueStop
                0x000000000010aa94       0x60 G:/devkitPro/libctru/lib\libctru.a(gxqueue.o)
                0x000000000010aa94                gxCmdQueueStop
 .text.gxCmdQueueWait
                0x000000000010aaf4       0x74 G:/devkitPro/libctru/lib\libctru.a(gxqueue.o)
                0x000000000010aaf4                gxCmdQueueWait
 .text.GPUCMD_Add
                0x000000000010ab68      0x13c G:/devkitPro/libctru/lib\libctru.a(gpu.o)
                0x000000000010ab68                GPUCMD_Add
 .text.GPUCMD_Split
                0x000000000010aca4       0xac G:/devkitPro/libctru/lib\libctru.a(gpu.o)
                0x000000000010aca4                GPUCMD_Split
 .text.f32tof16
                0x000000000010ad50       0x40 G:/devkitPro/libctru/lib\libctru.a(gpu.o)
                0x000000000010ad50                f32tof16
 .text.f32tof24
                0x000000000010ad90       0x40 G:/devkitPro/libctru/lib\libctru.a(gpu.o)
                0x000000000010ad90                f32tof24
 .text.f32tof31
                0x000000000010add0       0x44 G:/devkitPro/libctru/lib\libctru.a(gpu.o)
                0x000000000010add0                f32tof31
 .text.gspHardwareInit
                0x000000000010ae14      0xc58 G:/devkitPro/libctru/lib\libctru.a(gspgpu.o)
 .text.gspInit  0x000000000010ba6c      0x254 G:/devkitPro/libctru/lib\libctru.a(gspgpu.o)
                0x000000000010ba6c                gspInit
 .text.gspExit  0x000000000010bcc0       0xf0 G:/devkitPro/libctru/lib\libctru.a(gspgpu.o)
                0x000000000010bcc0                gspExit
 .text.gspHasGpuRight
                0x000000000010bdb0       0x10 G:/devkitPro/libctru/lib\libctru.a(gspgpu.o)
                0x000000000010bdb0                gspHasGpuRight
 .text.gspPresentBuffer
                0x000000000010bdc0       0x98 G:/devkitPro/libctru/lib\libctru.a(gspgpu.o)
                0x000000000010bdc0                gspPresentBuffer
 .text.gspSetEventCallback
                0x000000000010be58       0x30 G:/devkitPro/libctru/lib\libctru.a(gspgpu.o)
                0x000000000010be58                gspSetEventCallback
 .text.gspWaitForEvent
                0x000000000010be88       0x50 G:/devkitPro/libctru/lib\libctru.a(gspgpu.o)
                0x000000000010be88                gspWaitForEvent
 .text.gspWaitForAnyEvent
                0x000000000010bed8       0x4c G:/devkitPro/libctru/lib\libctru.a(gspgpu.o)
                0x000000000010bed8                gspWaitForAnyEvent
 .text.gspEventThreadMain
                0x000000000010bf24      0x160 G:/devkitPro/libctru/lib\libctru.a(gspgpu.o)
 .text.gspSubmitGxCommand
                0x000000000010c084      0x130 G:/devkitPro/libctru/lib\libctru.a(gspgpu.o)
                0x000000000010c084                gspSubmitGxCommand
 .text.GSPGPU_FlushDataCache
                0x000000000010c1b4       0x50 G:/devkitPro/libctru/lib\libctru.a(gspgpu.o)
                0x000000000010c1b4                GSPGPU_FlushDataCache
 .text.GSPGPU_SetLcdForceBlack
                0x000000000010c204       0x34 G:/devkitPro/libctru/lib\libctru.a(gspgpu.o)
                0x000000000010c204                GSPGPU_SetLcdForceBlack
 .text.GSPGPU_AcquireRight
                0x000000000010c238       0x68 G:/devkitPro/libctru/lib\libctru.a(gspgpu.o)
                0x000000000010c238                GSPGPU_AcquireRight
 .text.GSPGPU_ReleaseRight
                0x000000000010c2a0       0x48 G:/devkitPro/libctru/lib\libctru.a(gspgpu.o)
                0x000000000010c2a0                GSPGPU_ReleaseRight
 .text.GSPGPU_ImportDisplayCaptureInfo
                0x000000000010c2e8       0x7c G:/devkitPro/libctru/lib\libctru.a(gspgpu.o)
                0x000000000010c2e8                GSPGPU_ImportDisplayCaptureInfo
 .text.GSPGPU_SaveVramSysArea
                0x000000000010c364       0x2c G:/devkitPro/libctru/lib\libctru.a(gspgpu.o)
                0x000000000010c364                GSPGPU_SaveVramSysArea
 .text.GSPGPU_RestoreVramSysArea
                0x000000000010c390       0x2c G:/devkitPro/libctru/lib\libctru.a(gspgpu.o)
                0x000000000010c390                GSPGPU_RestoreVramSysArea
 .text.aptConvertScreenForCapture
                0x000000000010c3bc      0x1b0 G:/devkitPro/libctru/lib\libctru.a(apt.o)
 .text.aptDspSleep
                0x000000000010c56c        0x8 G:/devkitPro/libctru/lib\libctru.a(apt.o)
                0x000000000010c56c                aptDspSleep
 .text.aptDspWakeup
                0x000000000010c574        0x4 G:/devkitPro/libctru/lib\libctru.a(apt.o)
                0x000000000010c574                aptDspWakeup
 .text.aptDspCancel
                0x000000000010c578        0x4 G:/devkitPro/libctru/lib\libctru.a(apt.o)
                0x000000000010c578                aptDspCancel
 .text.aptSendCommand
                0x000000000010c57c      0x15c G:/devkitPro/libctru/lib\libctru.a(apt.o)
                0x000000000010c57c                aptSendCommand
 .text.aptExitProcess
                0x000000000010c6d8       0x38 G:/devkitPro/libctru/lib\libctru.a(apt.o)
 .text.aptExit  0x000000000010c710      0x2f0 G:/devkitPro/libctru/lib\libctru.a(apt.o)
                0x000000000010c710                aptExit
 .text.aptHandleSleep
                0x000000000010ca00       0xd8 G:/devkitPro/libctru/lib\libctru.a(apt.o)
                0x000000000010ca00                aptHandleSleep
 .text.aptHook  0x000000000010cad8       0x30 G:/devkitPro/libctru/lib\libctru.a(apt.o)
                0x000000000010cad8                aptHook
 .text.aptUnhook
                0x000000000010cb08       0x30 G:/devkitPro/libctru/lib\libctru.a(apt.o)
                0x000000000010cb08                aptUnhook
 .text.APT_SleepIfShellClosed
                0x000000000010cb38       0x84 G:/devkitPro/libctru/lib\libctru.a(apt.o)
                0x000000000010cb38                APT_SleepIfShellClosed
 .text.aptSetSleepAllowed
                0x000000000010cbbc       0x84 G:/devkitPro/libctru/lib\libctru.a(apt.o)
                0x000000000010cbbc                aptSetSleepAllowed
 .text.APT_UnlockTransition
                0x000000000010cc40       0x84 G:/devkitPro/libctru/lib\libctru.a(apt.o)
                0x000000000010cc40                APT_UnlockTransition
 *fill*         0x000000000010ccc4        0x4 
 .text.aptEventHandler
                0x000000000010ccc8      0x484 G:/devkitPro/libctru/lib\libctru.a(apt.o)
 .text.APT_ReceiveParameter
                0x000000000010d14c       0xb0 G:/devkitPro/libctru/lib\libctru.a(apt.o)
                0x000000000010d14c                APT_ReceiveParameter
 .text.aptReceiveParameter.constprop.0
                0x000000000010d1fc       0xb0 G:/devkitPro/libctru/lib\libctru.a(apt.o)
 *fill*         0x000000000010d2ac        0x4 
 .text.aptScreenTransfer
                0x000000000010d2b0      0x2bc G:/devkitPro/libctru/lib\libctru.a(apt.o)
 .text.aptWaitForWakeUp.isra.0
                0x000000000010d56c      0x2d0 G:/devkitPro/libctru/lib\libctru.a(apt.o)
 .text.aptJumpToHomeMenu
                0x000000000010d83c       0xf8 G:/devkitPro/libctru/lib\libctru.a(apt.o)
                0x000000000010d83c                aptJumpToHomeMenu
 .text.aptMainLoop
                0x000000000010d934       0x4c G:/devkitPro/libctru/lib\libctru.a(apt.o)
                0x000000000010d934                aptMainLoop
 .text.aptInit  0x000000000010d980      0x234 G:/devkitPro/libctru/lib\libctru.a(apt.o)
                0x000000000010d980                aptInit
 .text.APT_CheckNew3DS
                0x000000000010dbb4       0x7c G:/devkitPro/libctru/lib\libctru.a(apt.o)
                0x000000000010dbb4                APT_CheckNew3DS
 .text.APT_GetSharedFont
                0x000000000010dc30       0x48 G:/devkitPro/libctru/lib\libctru.a(apt.o)
                0x000000000010dc30                APT_GetSharedFont
 .text.hidShouldUseIrrst
                0x000000000010dc78       0x24 G:/devkitPro/libctru/lib\libctru.a(hid.o)
                0x000000000010dc78                hidShouldUseIrrst
 .text.hidInit  0x000000000010dc9c      0x18c G:/devkitPro/libctru/lib\libctru.a(hid.o)
                0x000000000010dc9c                hidInit
 .text.hidExit  0x000000000010de28       0xe8 G:/devkitPro/libctru/lib\libctru.a(hid.o)
                0x000000000010de28                hidExit
 .text.hidScanInput
                0x000000000010df10      0x294 G:/devkitPro/libctru/lib\libctru.a(hid.o)
                0x000000000010df10                hidScanInput
 .text.hidKeysHeld
                0x000000000010e1a4       0x10 G:/devkitPro/libctru/lib\libctru.a(hid.o)
                0x000000000010e1a4                hidKeysHeld
 .text.hidKeysDown
                0x000000000010e1b4       0x10 G:/devkitPro/libctru/lib\libctru.a(hid.o)
                0x000000000010e1b4                hidKeysDown
 .text.hidKeysUp
                0x000000000010e1c4       0x10 G:/devkitPro/libctru/lib\libctru.a(hid.o)
                0x000000000010e1c4                hidKeysUp
 .text.hidTouchRead
                0x000000000010e1d4       0x18 G:/devkitPro/libctru/lib\libctru.a(hid.o)
                0x000000000010e1d4                hidTouchRead
 .text.ptmSysmInit
                0x000000000010e1ec       0x74 G:/devkitPro/libctru/lib\libctru.a(ptmsysm.o)
                0x000000000010e1ec                ptmSysmInit
 .text.ptmSysmExit
                0x000000000010e260       0x3c G:/devkitPro/libctru/lib\libctru.a(ptmsysm.o)
                0x000000000010e260                ptmSysmExit
 .text.PTMSYSM_ConfigureNew3DSCPU
                0x000000000010e29c       0x34 G:/devkitPro/libctru/lib\libctru.a(ptmsysm.o)
                0x000000000010e29c                PTMSYSM_ConfigureNew3DSCPU
 .text.fsInit   0x000000000010e2d0       0xc8 G:/devkitPro/libctru/lib\libctru.a(fs.o)
                0x000000000010e2d0                fsInit
 .text.fsExit   0x000000000010e398       0x3c G:/devkitPro/libctru/lib\libctru.a(fs.o)
                0x000000000010e398                fsExit
 .text.fsExemptFromSession
                0x000000000010e3d4       0x60 G:/devkitPro/libctru/lib\libctru.a(fs.o)
                0x000000000010e3d4                fsExemptFromSession
 .text.fsUnexemptFromSession
                0x000000000010e434       0x50 G:/devkitPro/libctru/lib\libctru.a(fs.o)
                0x000000000010e434                fsUnexemptFromSession
 .text.FSUSER_OpenFile
                0x000000000010e484       0xcc G:/devkitPro/libctru/lib\libctru.a(fs.o)
                0x000000000010e484                FSUSER_OpenFile
 .text.FSUSER_OpenFileDirectly
                0x000000000010e550       0xd4 G:/devkitPro/libctru/lib\libctru.a(fs.o)
                0x000000000010e550                FSUSER_OpenFileDirectly
 .text.FSUSER_DeleteFile
                0x000000000010e624       0xbc G:/devkitPro/libctru/lib\libctru.a(fs.o)
                0x000000000010e624                FSUSER_DeleteFile
 .text.FSUSER_RenameFile
                0x000000000010e6e0       0xf8 G:/devkitPro/libctru/lib\libctru.a(fs.o)
                0x000000000010e6e0                FSUSER_RenameFile
 .text.FSUSER_DeleteDirectory
                0x000000000010e7d8       0xbc G:/devkitPro/libctru/lib\libctru.a(fs.o)
                0x000000000010e7d8                FSUSER_DeleteDirectory
 .text.FSUSER_CreateFile
                0x000000000010e894       0xd4 G:/devkitPro/libctru/lib\libctru.a(fs.o)
                0x000000000010e894                FSUSER_CreateFile
 .text.FSUSER_CreateDirectory
                0x000000000010e968       0xc4 G:/devkitPro/libctru/lib\libctru.a(fs.o)
                0x000000000010e968                FSUSER_CreateDirectory
 .text.FSUSER_RenameDirectory
                0x000000000010ea2c       0xf8 G:/devkitPro/libctru/lib\libctru.a(fs.o)
                0x000000000010ea2c                FSUSER_RenameDirectory
 .text.FSUSER_OpenDirectory
                0x000000000010eb24       0xb4 G:/devkitPro/libctru/lib\libctru.a(fs.o)
                0x000000000010eb24                FSUSER_OpenDirectory
 .text.FSUSER_OpenArchive
                0x000000000010ebd8       0x94 G:/devkitPro/libctru/lib\libctru.a(fs.o)
                0x000000000010ebd8                FSUSER_OpenArchive
 .text.FSUSER_CloseArchive
                0x000000000010ec6c       0x8c G:/devkitPro/libctru/lib\libctru.a(fs.o)
                0x000000000010ec6c                FSUSER_CloseArchive
 .text.FSUSER_GetSdmcArchiveResource
                0x000000000010ecf8       0x74 G:/devkitPro/libctru/lib\libctru.a(fs.o)
                0x000000000010ecf8                FSUSER_GetSdmcArchiveResource
 .text.FSUSER_IsSdmcWritable
                0x000000000010ed6c       0x64 G:/devkitPro/libctru/lib\libctru.a(fs.o)
                0x000000000010ed6c                FSUSER_IsSdmcWritable
 .text.FSFILE_Read
                0x000000000010edd0       0x58 G:/devkitPro/libctru/lib\libctru.a(fs.o)
                0x000000000010edd0                FSFILE_Read
 .text.FSFILE_Write
                0x000000000010ee28       0x60 G:/devkitPro/libctru/lib\libctru.a(fs.o)
                0x000000000010ee28                FSFILE_Write
 .text.FSFILE_GetSize
                0x000000000010ee88       0x38 G:/devkitPro/libctru/lib\libctru.a(fs.o)
                0x000000000010ee88                FSFILE_GetSize
 .text.FSFILE_SetSize
                0x000000000010eec0       0x28 G:/devkitPro/libctru/lib\libctru.a(fs.o)
                0x000000000010eec0                FSFILE_SetSize
 .text.FSFILE_Close
                0x000000000010eee8       0x3c G:/devkitPro/libctru/lib\libctru.a(fs.o)
                0x000000000010eee8                FSFILE_Close
 .text.FSFILE_Flush
                0x000000000010ef24       0x24 G:/devkitPro/libctru/lib\libctru.a(fs.o)
                0x000000000010ef24                FSFILE_Flush
 .text.FSDIR_Read
                0x000000000010ef48       0x50 G:/devkitPro/libctru/lib\libctru.a(fs.o)
                0x000000000010ef48                FSDIR_Read
 .text.FSDIR_Close
                0x000000000010ef98       0x3c G:/devkitPro/libctru/lib\libctru.a(fs.o)
                0x000000000010ef98                FSDIR_Close
 .text.buffer_read
                0x000000000010efd4       0xcc G:/devkitPro/libctru/lib\libctru.a(decompress.o)
 .text.iov_read
                0x000000000010f0a0       0xd0 G:/devkitPro/libctru/lib\libctru.a(decompress.o)
 .text.iov_memmove
                0x000000000010f170      0x128 G:/devkitPro/libctru/lib\libctru.a(decompress.o)
 .text.decompress_rle
                0x000000000010f298      0x1d8 G:/devkitPro/libctru/lib\libctru.a(decompress.o)
 .text.decompress_lzss
                0x000000000010f470      0x258 G:/devkitPro/libctru/lib\libctru.a(decompress.o)
 .text.decompress_huff.part.0
                0x000000000010f6c8      0x2ec G:/devkitPro/libctru/lib\libctru.a(decompress.o)
 .text.decompress_lz11
                0x000000000010f9b4      0x440 G:/devkitPro/libctru/lib\libctru.a(decompress.o)
 .text.decompressCallback_Stdio
                0x000000000010fdf4       0x10 G:/devkitPro/libctru/lib\libctru.a(decompress.o)
                0x000000000010fdf4                decompressCallback_Stdio
 .text.decompressHeader
                0x000000000010fe04       0xe4 G:/devkitPro/libctru/lib\libctru.a(decompress.o)
                0x000000000010fe04                decompressHeader
 .text.decompressV
                0x000000000010fee8      0x250 G:/devkitPro/libctru/lib\libctru.a(decompress.o)
                0x000000000010fee8                decompressV
 .text.rbtree_init
                0x0000000000110138       0x10 G:/devkitPro/libctru/lib\libctru.a(rbtree_init.o)
                0x0000000000110138                rbtree_init
 .text.do_insert
                0x0000000000110148      0x1a0 G:/devkitPro/libctru/lib\libctru.a(rbtree_insert.o)
 .text.rbtree_insert
                0x00000000001102e8        0x8 G:/devkitPro/libctru/lib\libctru.a(rbtree_insert.o)
                0x00000000001102e8                rbtree_insert
 .text.rbtree_rotate
                0x00000000001102f0       0x90 G:/devkitPro/libctru/lib\libctru.a(rbtree_rotate.o)
                0x00000000001102f0                rbtree_rotate
 .text.rbtree_remove
                0x0000000000110380      0x338 G:/devkitPro/libctru/lib\libctru.a(rbtree_remove.o)
                0x0000000000110380                rbtree_remove
 .text.rbtree_find
                0x00000000001106b8       0x74 G:/devkitPro/libctru/lib\libctru.a(rbtree_find.o)
                0x00000000001106b8                rbtree_find
 .text.utf16_to_utf8
                0x000000000011072c       0xe8 G:/devkitPro/libctru/lib\libctru.a(utf16_to_utf8.o)
                0x000000000011072c                utf16_to_utf8
 .text.decode_utf16
                0x0000000000110814       0x64 G:/devkitPro/libctru/lib\libctru.a(decode_utf16.o)
                0x0000000000110814                decode_utf16
 .text.decode_utf8
                0x0000000000110878      0x13c G:/devkitPro/libctru/lib\libctru.a(decode_utf8.o)
                0x0000000000110878                decode_utf8
 .text.utf8_to_utf16
                0x00000000001109b4       0xc0 G:/devkitPro/libctru/lib\libctru.a(utf8_to_utf16.o)
                0x00000000001109b4                utf8_to_utf16
 *fill*         0x0000000000110a74        0x4 
 .text.__system_allocateHeaps
                0x0000000000110a78      0x1e0 G:/devkitPro/libctru/lib\libctru.a(allocateHeaps.o)
                0x0000000000110a78                __system_allocateHeaps
 .text.__libctru_init
                0x0000000000110c58       0x38 G:/devkitPro/libctru/lib\libctru.a(ctru_init.o)
                0x0000000000110c58                __libctru_init
 .text.__system_initArgv
                0x0000000000110c90       0xf0 G:/devkitPro/libctru/lib\libctru.a(initArgv.o)
                0x0000000000110c90                __system_initArgv
 .text.svcControlMemory
                0x0000000000110d80       0x20 G:/devkitPro/libctru/lib\libctru.a(svc.o)
                0x0000000000110d80                svcControlMemory
 .text.svcQueryMemory
                0x0000000000110da0       0x30 G:/devkitPro/libctru/lib\libctru.a(svc.o)
                0x0000000000110da0                svcQueryMemory
 .text.svcExitProcess
                0x0000000000110dd0        0x8 G:/devkitPro/libctru/lib\libctru.a(svc.o)
                0x0000000000110dd0                svcExitProcess
 .text.svcCreateThread
                0x0000000000110dd8       0x20 G:/devkitPro/libctru/lib\libctru.a(svc.o)
                0x0000000000110dd8                svcCreateThread
 .text.svcExitThread
                0x0000000000110df8        0x8 G:/devkitPro/libctru/lib\libctru.a(svc.o)
                0x0000000000110df8                svcExitThread
 .text.svcSleepThread
                0x0000000000110e00        0x8 G:/devkitPro/libctru/lib\libctru.a(svc.o)
                0x0000000000110e00                svcSleepThread
 .text.svcReleaseMutex
                0x0000000000110e08        0x8 G:/devkitPro/libctru/lib\libctru.a(svc.o)
                0x0000000000110e08                svcReleaseMutex
 .text.svcCreateEvent
                0x0000000000110e10       0x14 G:/devkitPro/libctru/lib\libctru.a(svc.o)
                0x0000000000110e10                svcCreateEvent
 .text.svcSignalEvent
                0x0000000000110e24        0x8 G:/devkitPro/libctru/lib\libctru.a(svc.o)
                0x0000000000110e24                svcSignalEvent
 .text.svcClearEvent
                0x0000000000110e2c        0x8 G:/devkitPro/libctru/lib\libctru.a(svc.o)
                0x0000000000110e2c                svcClearEvent
 .text.svcMapMemoryBlock
                0x0000000000110e34        0x8 G:/devkitPro/libctru/lib\libctru.a(svc.o)
                0x0000000000110e34                svcMapMemoryBlock
 .text.svcUnmapMemoryBlock
                0x0000000000110e3c        0x8 G:/devkitPro/libctru/lib\libctru.a(svc.o)
                0x0000000000110e3c                svcUnmapMemoryBlock
 .text.svcCreateAddressArbiter
                0x0000000000110e44       0x14 G:/devkitPro/libctru/lib\libctru.a(svc.o)
                0x0000000000110e44                svcCreateAddressArbiter
 .text.svcArbitrateAddressNoTimeout
                0x0000000000110e58        0x8 G:/devkitPro/libctru/lib\libctru.a(svc.o)
                0x0000000000110e58                svcArbitrateAddressNoTimeout
 .text.svcCloseHandle
                0x0000000000110e60        0x8 G:/devkitPro/libctru/lib\libctru.a(svc.o)
                0x0000000000110e60                svcCloseHandle
 .text.svcWaitSynchronization
                0x0000000000110e68        0x8 G:/devkitPro/libctru/lib\libctru.a(svc.o)
                0x0000000000110e68                svcWaitSynchronization
 .text.svcWaitSynchronizationN
                0x0000000000110e70       0x28 G:/devkitPro/libctru/lib\libctru.a(svc.o)
                0x0000000000110e70                svcWaitSynchronizationN
 .text.svcDuplicateHandle
                0x0000000000110e98       0x14 G:/devkitPro/libctru/lib\libctru.a(svc.o)
                0x0000000000110e98                svcDuplicateHandle
 .text.svcGetSystemTick
                0x0000000000110eac        0x8 G:/devkitPro/libctru/lib\libctru.a(svc.o)
                0x0000000000110eac                svcGetSystemTick
 .text.svcConnectToPort
                0x0000000000110eb4       0x14 G:/devkitPro/libctru/lib\libctru.a(svc.o)
                0x0000000000110eb4                svcConnectToPort
 .text.svcSendSyncRequest
                0x0000000000110ec8        0x8 G:/devkitPro/libctru/lib\libctru.a(svc.o)
                0x0000000000110ec8                svcSendSyncRequest
 .text.svcGetResourceLimit
                0x0000000000110ed0       0x14 G:/devkitPro/libctru/lib\libctru.a(svc.o)
                0x0000000000110ed0                svcGetResourceLimit
 .text.svcGetResourceLimitLimitValues
                0x0000000000110ee4        0x8 G:/devkitPro/libctru/lib\libctru.a(svc.o)
                0x0000000000110ee4                svcGetResourceLimitLimitValues
 .text.svcGetResourceLimitCurrentValues
                0x0000000000110eec        0x8 G:/devkitPro/libctru/lib\libctru.a(svc.o)
                0x0000000000110eec                svcGetResourceLimitCurrentValues
 .text.svcBreak
                0x0000000000110ef4        0x8 G:/devkitPro/libctru/lib\libctru.a(svc.o)
                0x0000000000110ef4                svcBreak
 .text.initSystem
                0x0000000000110efc       0x50 G:/devkitPro/libctru/lib\libctru.a(stack_adjust.o)
                0x0000000000110efc                initSystem
 .text.__ctru_exit
                0x0000000000110f4c       0x18 G:/devkitPro/libctru/lib\libctru.a(stack_adjust.o)
                0x0000000000110f4c                __ctru_exit
 .text.__aeabi_read_tp
                0x0000000000110f64        0xc G:/devkitPro/libctru/lib\libctru.a(readtp.o)
                0x0000000000110f64                __aeabi_read_tp
 .text.__sync_init
                0x0000000000110f70        0xc G:/devkitPro/libctru/lib\libctru.a(synchronization.o)
                0x0000000000110f70                __sync_init
 .text.__sync_fini
                0x0000000000110f7c       0x18 G:/devkitPro/libctru/lib\libctru.a(synchronization.o)
                0x0000000000110f7c                __sync_fini
 .text.syncArbitrateAddress
                0x0000000000110f94       0x2c G:/devkitPro/libctru/lib\libctru.a(synchronization.o)
                0x0000000000110f94                syncArbitrateAddress
 .text.LightLock_Init
                0x0000000000110fc0       0x1c G:/devkitPro/libctru/lib\libctru.a(synchronization.o)
                0x0000000000110fc0                LightLock_Init
 .text.LightLock_Lock
                0x0000000000110fdc       0x94 G:/devkitPro/libctru/lib\libctru.a(synchronization.o)
                0x0000000000110fdc                LightLock_Lock
 .text.LightLock_TryLock
                0x0000000000111070       0x44 G:/devkitPro/libctru/lib\libctru.a(synchronization.o)
                0x0000000000111070                LightLock_TryLock
 .text.LightLock_Unlock
                0x00000000001110b4       0x40 G:/devkitPro/libctru/lib\libctru.a(synchronization.o)
                0x00000000001110b4                LightLock_Unlock
 .text.RecursiveLock_Init
                0x00000000001110f4       0x24 G:/devkitPro/libctru/lib\libctru.a(synchronization.o)
                0x00000000001110f4                RecursiveLock_Init
 .text.RecursiveLock_Lock
                0x0000000000111118       0x30 G:/devkitPro/libctru/lib\libctru.a(synchronization.o)
                0x0000000000111118                RecursiveLock_Lock
 .text.RecursiveLock_TryLock
                0x0000000000111148       0x78 G:/devkitPro/libctru/lib\libctru.a(synchronization.o)
                0x0000000000111148                RecursiveLock_TryLock
 .text.RecursiveLock_Unlock
                0x00000000001111c0       0x54 G:/devkitPro/libctru/lib\libctru.a(synchronization.o)
                0x00000000001111c0                RecursiveLock_Unlock
 .text.LightEvent_Init
                0x0000000000111214       0x40 G:/devkitPro/libctru/lib\libctru.a(synchronization.o)
                0x0000000000111214                LightEvent_Init
 .text.LightEvent_Clear
                0x0000000000111254       0xa4 G:/devkitPro/libctru/lib\libctru.a(synchronization.o)
                0x0000000000111254                LightEvent_Clear
 .text.LightEvent_Signal
                0x00000000001112f8       0xc8 G:/devkitPro/libctru/lib\libctru.a(synchronization.o)
                0x00000000001112f8                LightEvent_Signal
 .text.LightEvent_TryWait
                0x00000000001113c0       0x58 G:/devkitPro/libctru/lib\libctru.a(synchronization.o)
                0x00000000001113c0                LightEvent_TryWait
 .text.LightEvent_Wait
                0x0000000000111418       0xb0 G:/devkitPro/libctru/lib\libctru.a(synchronization.o)
                0x0000000000111418                LightEvent_Wait
 .text.envGetHandle
                0x00000000001114c8       0x84 G:/devkitPro/libctru/lib\libctru.a(env.o)
                0x00000000001114c8                envGetHandle
 .text.envDestroyHandles
                0x000000000011154c       0x50 G:/devkitPro/libctru/lib\libctru.a(env.o)
                0x000000000011154c                envDestroyHandles
 .text.srvInit  0x000000000011159c      0x124 G:/devkitPro/libctru/lib\libctru.a(srv.o)
                0x000000000011159c                srvInit
 .text.srvExit  0x00000000001116c0       0x58 G:/devkitPro/libctru/lib\libctru.a(srv.o)
                0x00000000001116c0                srvExit
 .text.srvGetServiceHandleDirect
                0x0000000000111718       0x80 G:/devkitPro/libctru/lib\libctru.a(srv.o)
                0x0000000000111718                srvGetServiceHandleDirect
 .text.srvGetServiceHandle
                0x0000000000111798       0x48 G:/devkitPro/libctru/lib\libctru.a(srv.o)
                0x0000000000111798                srvGetServiceHandle
 .text.srvPublishToSubscriber
                0x00000000001117e0       0x38 G:/devkitPro/libctru/lib\libctru.a(srv.o)
                0x00000000001117e0                srvPublishToSubscriber
 .text.threadCreate
                0x0000000000111818      0x188 G:/devkitPro/libctru/lib\libctru.a(thread.o)
                0x0000000000111818                threadCreate
 .text.threadFree
                0x00000000001119a0       0x2c G:/devkitPro/libctru/lib\libctru.a(thread.o)
                0x00000000001119a0                threadFree
 .text.threadJoin
                0x00000000001119cc       0x24 G:/devkitPro/libctru/lib\libctru.a(thread.o)
                0x00000000001119cc                threadJoin
 .text.threadGetCurrent
                0x00000000001119f0       0x30 G:/devkitPro/libctru/lib\libctru.a(thread.o)
                0x00000000001119f0                threadGetCurrent
 .text.threadExit
                0x0000000000111a20       0x40 G:/devkitPro/libctru/lib\libctru.a(thread.o)
                0x0000000000111a20                threadExit
 .text._thread_begin
                0x0000000000111a60       0x44 G:/devkitPro/libctru/lib\libctru.a(thread.o)
 .text.mappableFindAddressWithin
                0x0000000000111aa4       0x94 G:/devkitPro/libctru/lib\libctru.a(mappable.o)
 .text.mappableInit
                0x0000000000111b38       0x28 G:/devkitPro/libctru/lib\libctru.a(mappable.o)
                0x0000000000111b38                mappableInit
 .text.mappableAlloc
                0x0000000000111b60       0x80 G:/devkitPro/libctru/lib\libctru.a(mappable.o)
                0x0000000000111b60                mappableAlloc
 .text.mappableFree
                0x0000000000111be0        0x4 G:/devkitPro/libctru/lib\libctru.a(mappable.o)
                0x0000000000111be0                mappableFree
 .text.irrstInit
                0x0000000000111be4      0x160 G:/devkitPro/libctru/lib\libctru.a(irrst.o)
                0x0000000000111be4                irrstInit
 .text.irrstExit
                0x0000000000111d44       0xcc G:/devkitPro/libctru/lib\libctru.a(irrst.o)
                0x0000000000111d44                irrstExit
 .text.irrstScanInput
                0x0000000000111e10       0xb0 G:/devkitPro/libctru/lib\libctru.a(irrst.o)
                0x0000000000111e10                irrstScanInput
 .text.irrstKeysHeld
                0x0000000000111ec0       0x24 G:/devkitPro/libctru/lib\libctru.a(irrst.o)
                0x0000000000111ec0                irrstKeysHeld
 .text.srvPmGetSessionHandle
                0x0000000000111ee4        0xc G:/devkitPro/libctru/lib\libctru.a(srvpm.o)
                0x0000000000111ee4                srvPmGetSessionHandle
 .text.rbtree_node_next
                0x0000000000111ef0       0x50 G:/devkitPro/libctru/lib\libctru.a(rbtree_iterator.o)
                0x0000000000111ef0                rbtree_node_next
 .text.encode_utf16
                0x0000000000111f40       0x60 G:/devkitPro/libctru/lib\libctru.a(encode_utf16.o)
                0x0000000000111f40                encode_utf16
 .text.encode_utf8
                0x0000000000111fa0       0xfc G:/devkitPro/libctru/lib\libctru.a(encode_utf8.o)
                0x0000000000111fa0                encode_utf8
 .text.__appInit
                0x000000000011209c       0x30 G:/devkitPro/libctru/lib\libctru.a(appInit.o)
                0x000000000011209c                __appInit
 .text.__libctru_nanosleep
                0x00000000001120cc       0x30 G:/devkitPro/libctru/lib\libctru.a(syscalls.o)
 .text.__libctru_get_reent
                0x00000000001120fc       0x30 G:/devkitPro/libctru/lib\libctru.a(syscalls.o)
 .text.__system_initSyscalls
                0x000000000011212c       0xf8 G:/devkitPro/libctru/lib\libctru.a(syscalls.o)
                0x000000000011212c                __system_initSyscalls
 .text.__appExit
                0x0000000000112224       0x30 G:/devkitPro/libctru/lib\libctru.a(appExit.o)
                0x0000000000112224                __appExit
 .text.__libctru_exit
                0x0000000000112254       0x90 G:/devkitPro/libctru/lib\libctru.a(ctru_exit.o)
                0x0000000000112254                __libctru_exit
 .text.archive_link
                0x00000000001122e4       0x14 G:/devkitPro/libctru/lib\libctru.a(archive_dev.o)
 .text.archive_dirreset
                0x00000000001122f8       0x14 G:/devkitPro/libctru/lib\libctru.a(archive_dev.o)
 .text.archive_chmod
                0x000000000011230c       0x14 G:/devkitPro/libctru/lib\libctru.a(archive_dev.o)
 .text.error_cmp
                0x0000000000112320       0x24 G:/devkitPro/libctru/lib\libctru.a(archive_dev.o)
 .text.archive_translate_error
                0x0000000000112344       0x50 G:/devkitPro/libctru/lib\libctru.a(archive_dev.o)
 .text.archive_seek
                0x0000000000112394       0xd4 G:/devkitPro/libctru/lib\libctru.a(archive_dev.o)
 .text._archiveInit.part.0
                0x0000000000112468       0x7c G:/devkitPro/libctru/lib\libctru.a(archive_dev.o)
 .text.archiveFindDevice.part.0
                0x00000000001124e4       0x8c G:/devkitPro/libctru/lib\libctru.a(archive_dev.o)
 .text.archive_utf16path
                0x0000000000112570      0x294 G:/devkitPro/libctru/lib\libctru.a(archive_dev.o)
 .text._archiveUnmountDeviceStruct.part.0
                0x0000000000112804       0xa0 G:/devkitPro/libctru/lib\libctru.a(archive_dev.o)
 .text.archive_fchmod
                0x00000000001128a4       0x14 G:/devkitPro/libctru/lib\libctru.a(archive_dev.o)
 .text.archive_statvfs
                0x00000000001128b8       0x14 G:/devkitPro/libctru/lib\libctru.a(archive_dev.o)
 .text._archiveMountDevice
                0x00000000001128cc      0x158 G:/devkitPro/libctru/lib\libctru.a(archive_dev.o)
 .text.archive_diropen
                0x0000000000112a24       0xe8 G:/devkitPro/libctru/lib\libctru.a(archive_dev.o)
 .text.archive_fstat
                0x0000000000112b0c       0xa4 G:/devkitPro/libctru/lib\libctru.a(archive_dev.o)
 .text.archive_close
                0x0000000000112bb0       0x6c G:/devkitPro/libctru/lib\libctru.a(archive_dev.o)
 .text.archive_fsync
                0x0000000000112c1c       0x6c G:/devkitPro/libctru/lib\libctru.a(archive_dev.o)
 .text.archive_dirclose
                0x0000000000112c88       0x70 G:/devkitPro/libctru/lib\libctru.a(archive_dev.o)
 .text.sdmc_statvfs
                0x0000000000112cf8       0xe8 G:/devkitPro/libctru/lib\libctru.a(archive_dev.o)
 .text.archive_ftruncate
                0x0000000000112de0       0x80 G:/devkitPro/libctru/lib\libctru.a(archive_dev.o)
 .text.archive_chdir
                0x0000000000112e60       0xfc G:/devkitPro/libctru/lib\libctru.a(archive_dev.o)
 .text.archive_read
                0x0000000000112f5c       0xb0 G:/devkitPro/libctru/lib\libctru.a(archive_dev.o)
 .text.archive_unlink
                0x000000000011300c       0xac G:/devkitPro/libctru/lib\libctru.a(archive_dev.o)
 .text.archive_rmdir
                0x00000000001130b8       0xc8 G:/devkitPro/libctru/lib\libctru.a(archive_dev.o)
 .text.archive_mkdir
                0x0000000000113180       0xec G:/devkitPro/libctru/lib\libctru.a(archive_dev.o)
 .text.archive_stat
                0x000000000011326c      0x1a8 G:/devkitPro/libctru/lib\libctru.a(archive_dev.o)
 .text.archive_rename
                0x0000000000113414      0x184 G:/devkitPro/libctru/lib\libctru.a(archive_dev.o)
 .text.archive_dirnext
                0x0000000000113598      0x168 G:/devkitPro/libctru/lib\libctru.a(archive_dev.o)
 .text.archive_write
                0x0000000000113700      0x12c G:/devkitPro/libctru/lib\libctru.a(archive_dev.o)
 .text.archive_open
                0x000000000011382c      0x1f0 G:/devkitPro/libctru/lib\libctru.a(archive_dev.o)
 .text.archiveMountSdmc
                0x0000000000113a1c      0x1a4 G:/devkitPro/libctru/lib\libctru.a(archive_dev.o)
                0x0000000000113a1c                archiveMountSdmc
 .text.archiveUnmountAll
                0x0000000000113bc0       0x54 G:/devkitPro/libctru/lib\libctru.a(archive_dev.o)
                0x0000000000113bc0                archiveUnmountAll
 *fill*         0x0000000000113c14        0x4 
 .text.cosf     0x0000000000113c18      0x22c g:/devkitpro/devkitarm/bin/../lib/gcc/arm-none-eabi/11.1.0/../../../../arm-none-eabi/lib/armv6k/fpu\libm.a(lib_a-cosf.o)
                0x0000000000113c18                cosf
 .text.with_errnof
                0x0000000000113e44       0x24 g:/devkitpro/devkitarm/bin/../lib/gcc/arm-none-eabi/11.1.0/../../../../arm-none-eabi/lib/armv6k/fpu\libm.a(lib_a-math_errf.o)
 .text.__math_invalidf
                0x0000000000113e68       0x1c g:/devkitpro/devkitarm/bin/../lib/gcc/arm-none-eabi/11.1.0/../../../../arm-none-eabi/lib/armv6k/fpu\libm.a(lib_a-math_errf.o)
                0x0000000000113e68                __math_invalidf
 .text.ceilf    0x0000000000113e84       0xb8 g:/devkitpro/devkitarm/bin/../lib/gcc/arm-none-eabi/11.1.0/../../../../arm-none-eabi/lib/armv6k/fpu\libm.a(lib_a-sf_ceil.o)
                0x0000000000113e84                ceilf
 *fill*         0x0000000000113f3c        0x4 
 .text.sinf     0x0000000000113f40      0x26c g:/devkitpro/devkitarm/bin/../lib/gcc/arm-none-eabi/11.1.0/../../../../arm-none-eabi/lib/armv6k/fpu\libm.a(lib_a-sinf.o)
                0x0000000000113f40                sinf
 .text.__udivmoddi4
                0x00000000001141ac      0x120 g:/devkitpro/devkitarm/bin/../lib/gcc/arm-none-eabi/11.1.0/armv6k/fpu\libgcc.a(_udivmoddi4.o)
                0x00000000001141ac                __udivmoddi4
 .text.bsearch  0x00000000001142cc       0x78 g:/devkitpro/devkitarm/bin/../lib/gcc/arm-none-eabi/11.1.0/../../../../arm-none-eabi/lib/armv6k/fpu\libg.a(lib_a-bsearch.o)
                0x00000000001142cc                bsearch
 .text.calloc   0x0000000000114344       0x28 g:/devkitpro/devkitarm/bin/../lib/gcc/arm-none-eabi/11.1.0/../../../../arm-none-eabi/lib/armv6k/fpu\libg.a(lib_a-calloc.o)
                0x0000000000114344                calloc
 .text._calloc_r
                0x000000000011436c       0xbc g:/devkitpro/devkitarm/bin/../lib/gcc/arm-none-eabi/11.1.0/../../../../arm-none-eabi/lib/armv6k/fpu\libg.a(lib_a-callocr.o)
                0x000000000011436c                _calloc_r
 .text.__errno  0x0000000000114428        0xc g:/devkitpro/devkitarm/bin/../lib/gcc/arm-none-eabi/11.1.0/../../../../arm-none-eabi/lib/armv6k/fpu\libg.a(lib_a-errno.o)
                0x0000000000114428                __errno
 .text.exit     0x0000000000114434       0x34 g:/devkitpro/devkitarm/bin/../lib/gcc/arm-none-eabi/11.1.0/../../../../arm-none-eabi/lib/armv6k/fpu\libg.a(lib_a-exit.o)
                0x0000000000114434                exit
 .text._fclose_r
                0x0000000000114468      0x160 g:/devkitpro/devkitarm/bin/../lib/gcc/arm-none-eabi/11.1.0/../../../../arm-none-eabi/lib/armv6k/fpu\libg.a(lib_a-fclose.o)
                0x0000000000114468                _fclose_r
 .text.fclose   0x00000000001145c8       0x20 g:/devkitpro/devkitarm/bin/../lib/gcc/arm-none-eabi/11.1.0/../../../../arm-none-eabi/lib/armv6k/fpu\libg.a(lib_a-fclose.o)
                0x00000000001145c8                fclose
 .text.__sflush_r
                0x00000000001145e8      0x258 g:/devkitpro/devkitarm/bin/../lib/gcc/arm-none-eabi/11.1.0/../../../../arm-none-eabi/lib/armv6k/fpu\libg.a(lib_a-fflush.o)
                0x00000000001145e8                __sflush_r
 .text._fflush_r
                0x0000000000114840       0x94 g:/devkitpro/devkitarm/bin/../lib/gcc/arm-none-eabi/11.1.0/../../../../arm-none-eabi/lib/armv6k/fpu\libg.a(lib_a-fflush.o)
                0x0000000000114840                _fflush_r
 .text.fflush   0x00000000001148d4       0x38 g:/devkitpro/devkitarm/bin/../lib/gcc/arm-none-eabi/11.1.0/../../../../arm-none-eabi/lib/armv6k/fpu\libg.a(lib_a-fflush.o)
                0x00000000001148d4                fflush
 .text._cleanup_r
                0x000000000011490c        0xc g:/devkitpro/devkitarm/bin/../lib/gcc/arm-none-eabi/11.1.0/../../../../arm-none-eabi/lib/armv6k/fpu\libg.a(lib_a-findfp.o)
                0x000000000011490c                _cleanup_r
 .text.__sinit  0x0000000000114918      0x184 g:/devkitpro/devkitarm/bin/../lib/gcc/arm-none-eabi/11.1.0/../../../../arm-none-eabi/lib/armv6k/fpu\libg.a(lib_a-findfp.o)
                0x0000000000114918                __sinit
 .text.__sfp    0x0000000000114a9c      0x134 g:/devkitpro/devkitarm/bin/../lib/gcc/arm-none-eabi/11.1.0/../../../../arm-none-eabi/lib/armv6k/fpu\libg.a(lib_a-findfp.o)
                0x0000000000114a9c                __sfp
 .text.__sfp_lock_acquire
                0x0000000000114bd0        0xc g:/devkitpro/devkitarm/bin/../lib/gcc/arm-none-eabi/11.1.0/../../../../arm-none-eabi/lib/armv6k/fpu\libg.a(lib_a-findfp.o)
                0x0000000000114bd0                __sfp_lock_acquire
 .text.__sfp_lock_release
                0x0000000000114bdc        0xc g:/devkitpro/devkitarm/bin/../lib/gcc/arm-none-eabi/11.1.0/../../../../arm-none-eabi/lib/armv6k/fpu\libg.a(lib_a-findfp.o)
                0x0000000000114bdc                __sfp_lock_release
 .text.__libc_fini_array
                0x0000000000114be8       0x3c g:/devkitpro/devkitarm/bin/../lib/gcc/arm-none-eabi/11.1.0/../../../../arm-none-eabi/lib/armv6k/fpu\libg.a(lib_a-fini.o)
                0x0000000000114be8                __libc_fini_array
 .text._fopen_r
                0x0000000000114c24      0x140 g:/devkitpro/devkitarm/bin/../lib/gcc/arm-none-eabi/11.1.0/../../../../arm-none-eabi/lib/armv6k/fpu\libg.a(lib_a-fopen.o)
                0x0000000000114c24                _fopen_r
 .text.fopen    0x0000000000114d64       0x28 g:/devkitpro/devkitarm/bin/../lib/gcc/arm-none-eabi/11.1.0/../../../../arm-none-eabi/lib/armv6k/fpu\libg.a(lib_a-fopen.o)
                0x0000000000114d64                fopen
 .text._fread_r
                0x0000000000114d8c      0x2d4 g:/devkitpro/devkitarm/bin/../lib/gcc/arm-none-eabi/11.1.0/../../../../arm-none-eabi/lib/armv6k/fpu\libg.a(lib_a-fread.o)
                0x0000000000114d8c                _fread_r
 .text.fread    0x0000000000115060       0x38 g:/devkitpro/devkitarm/bin/../lib/gcc/arm-none-eabi/11.1.0/../../../../arm-none-eabi/lib/armv6k/fpu\libg.a(lib_a-fread.o)
                0x0000000000115060                fread
 .text._malloc_trim_r
                0x0000000000115098       0xf8 g:/devkitpro/devkitarm/bin/../lib/gcc/arm-none-eabi/11.1.0/../../../../arm-none-eabi/lib/armv6k/fpu\libg.a(lib_a-freer.o)
                0x0000000000115098                _malloc_trim_r
 .text._free_r  0x0000000000115190      0x2e4 g:/devkitpro/devkitarm/bin/../lib/gcc/arm-none-eabi/11.1.0/../../../../arm-none-eabi/lib/armv6k/fpu\libg.a(lib_a-freer.o)
                0x0000000000115190                _free_r
 .text._fseek_r
                0x0000000000115474       0x1c g:/devkitpro/devkitarm/bin/../lib/gcc/arm-none-eabi/11.1.0/../../../../arm-none-eabi/lib/armv6k/fpu\libg.a(lib_a-fseek.o)
                0x0000000000115474                _fseek_r
 .text._fseeko_r
                0x0000000000115490      0x598 g:/devkitpro/devkitarm/bin/../lib/gcc/arm-none-eabi/11.1.0/../../../../arm-none-eabi/lib/armv6k/fpu\libg.a(lib_a-fseeko.o)
                0x0000000000115490                _fseeko_r
 .text._fwalk   0x0000000000115a28       0x68 g:/devkitpro/devkitarm/bin/../lib/gcc/arm-none-eabi/11.1.0/../../../../arm-none-eabi/lib/armv6k/fpu\libg.a(lib_a-fwalk.o)
                0x0000000000115a28                _fwalk
 .text._fwalk_reent
                0x0000000000115a90       0x70 g:/devkitpro/devkitarm/bin/../lib/gcc/arm-none-eabi/11.1.0/../../../../arm-none-eabi/lib/armv6k/fpu\libg.a(lib_a-fwalk.o)
                0x0000000000115a90                _fwalk_reent
 .text.__libc_init_array
                0x0000000000115b00       0x7c g:/devkitpro/devkitarm/bin/../lib/gcc/arm-none-eabi/11.1.0/../../../../arm-none-eabi/lib/armv6k/fpu\libg.a(lib_a-init.o)
                0x0000000000115b00                __libc_init_array
 .text.__smakebuf_r
                0x0000000000115b7c      0x138 g:/devkitpro/devkitarm/bin/../lib/gcc/arm-none-eabi/11.1.0/../../../../arm-none-eabi/lib/armv6k/fpu\libg.a(lib_a-makebuf.o)
                0x0000000000115b7c                __smakebuf_r
 .text.__swhatbuf_r
                0x0000000000115cb4       0x8c g:/devkitpro/devkitarm/bin/../lib/gcc/arm-none-eabi/11.1.0/../../../../arm-none-eabi/lib/armv6k/fpu\libg.a(lib_a-makebuf.o)
                0x0000000000115cb4                __swhatbuf_r
 .text.memalign
                0x0000000000115d40       0x28 g:/devkitpro/devkitarm/bin/../lib/gcc/arm-none-eabi/11.1.0/../../../../arm-none-eabi/lib/armv6k/fpu\libg.a(lib_a-malign.o)
                0x0000000000115d40                memalign
 .text._memalign_r
                0x0000000000115d68      0x150 g:/devkitpro/devkitarm/bin/../lib/gcc/arm-none-eabi/11.1.0/../../../../arm-none-eabi/lib/armv6k/fpu\libg.a(lib_a-malignr.o)
                0x0000000000115d68                _memalign_r
 .text.malloc   0x0000000000115eb8       0x20 g:/devkitpro/devkitarm/bin/../lib/gcc/arm-none-eabi/11.1.0/../../../../arm-none-eabi/lib/armv6k/fpu\libg.a(lib_a-malloc.o)
                0x0000000000115eb8                malloc
 .text.free     0x0000000000115ed8       0x20 g:/devkitpro/devkitarm/bin/../lib/gcc/arm-none-eabi/11.1.0/../../../../arm-none-eabi/lib/armv6k/fpu\libg.a(lib_a-malloc.o)
                0x0000000000115ed8                free
 .text._malloc_r
                0x0000000000115ef8      0x7e0 g:/devkitpro/devkitarm/bin/../lib/gcc/arm-none-eabi/11.1.0/../../../../arm-none-eabi/lib/armv6k/fpu\libg.a(lib_a-mallocr.o)
                0x0000000000115ef8                _malloc_r
 .text.memcmp   0x00000000001166d8       0xa8 g:/devkitpro/devkitarm/bin/../lib/gcc/arm-none-eabi/11.1.0/../../../../arm-none-eabi/lib/armv6k/fpu\libg.a(lib_a-memcmp.o)
                0x00000000001166d8                memcmp
 .text.memcpy   0x0000000000116780      0x11c g:/devkitpro/devkitarm/bin/../lib/gcc/arm-none-eabi/11.1.0/../../../../arm-none-eabi/lib/armv6k/fpu\libg.a(lib_a-memcpy-stub.o)
                0x0000000000116780                memcpy
 .text.memset   0x000000000011689c      0x118 g:/devkitpro/devkitarm/bin/../lib/gcc/arm-none-eabi/11.1.0/../../../../arm-none-eabi/lib/armv6k/fpu\libg.a(lib_a-memset.o)
                0x000000000011689c                memset
 .text.__malloc_lock
                0x00000000001169b4        0xc g:/devkitpro/devkitarm/bin/../lib/gcc/arm-none-eabi/11.1.0/../../../../arm-none-eabi/lib/armv6k/fpu\libg.a(lib_a-mlock.o)
                0x00000000001169b4                __malloc_lock
 .text.__malloc_unlock
                0x00000000001169c0        0xc g:/devkitpro/devkitarm/bin/../lib/gcc/arm-none-eabi/11.1.0/../../../../arm-none-eabi/lib/armv6k/fpu\libg.a(lib_a-mlock.o)
                0x00000000001169c0                __malloc_unlock
 .text.qsort    0x00000000001169cc      0x958 g:/devkitpro/devkitarm/bin/../lib/gcc/arm-none-eabi/11.1.0/../../../../arm-none-eabi/lib/armv6k/fpu\libg.a(lib_a-qsort.o)
                0x00000000001169cc                qsort
 .text._realloc_r
                0x0000000000117324      0x558 g:/devkitpro/devkitarm/bin/../lib/gcc/arm-none-eabi/11.1.0/../../../../arm-none-eabi/lib/armv6k/fpu\libg.a(lib_a-reallocr.o)
                0x0000000000117324                _realloc_r
 .text.lflush   0x000000000011787c       0x1c g:/devkitpro/devkitarm/bin/../lib/gcc/arm-none-eabi/11.1.0/../../../../arm-none-eabi/lib/armv6k/fpu\libg.a(lib_a-refill.o)
 .text.__srefill_r
                0x0000000000117898      0x1ac g:/devkitpro/devkitarm/bin/../lib/gcc/arm-none-eabi/11.1.0/../../../../arm-none-eabi/lib/armv6k/fpu\libg.a(lib_a-refill.o)
                0x0000000000117898                __srefill_r
 .text.setvbuf  0x0000000000117a44      0x260 g:/devkitpro/devkitarm/bin/../lib/gcc/arm-none-eabi/11.1.0/../../../../arm-none-eabi/lib/armv6k/fpu\libg.a(lib_a-setvbuf.o)
                0x0000000000117a44                setvbuf
 .text.snprintf
                0x0000000000117ca4       0xcc g:/devkitpro/devkitarm/bin/../lib/gcc/arm-none-eabi/11.1.0/../../../../arm-none-eabi/lib/armv6k/fpu\libg.a(lib_a-snprintf.o)
                0x0000000000117ca4                snprintf
 .text.__sread  0x0000000000117d70       0x44 g:/devkitpro/devkitarm/bin/../lib/gcc/arm-none-eabi/11.1.0/../../../../arm-none-eabi/lib/armv6k/fpu\libg.a(lib_a-stdio.o)
                0x0000000000117d70                __sread
 .text.__swrite
                0x0000000000117db4       0x68 g:/devkitpro/devkitarm/bin/../lib/gcc/arm-none-eabi/11.1.0/../../../../arm-none-eabi/lib/armv6k/fpu\libg.a(lib_a-stdio.o)
                0x0000000000117db4                __swrite
 .text.__sseek  0x0000000000117e1c       0x48 g:/devkitpro/devkitarm/bin/../lib/gcc/arm-none-eabi/11.1.0/../../../../arm-none-eabi/lib/armv6k/fpu\libg.a(lib_a-stdio.o)
                0x0000000000117e1c                __sseek
 .text.__sclose
                0x0000000000117e64        0x8 g:/devkitpro/devkitarm/bin/../lib/gcc/arm-none-eabi/11.1.0/../../../../arm-none-eabi/lib/armv6k/fpu\libg.a(lib_a-stdio.o)
                0x0000000000117e64                __sclose
 .text.strchr   0x0000000000117e6c      0x12c g:/devkitpro/devkitarm/bin/../lib/gcc/arm-none-eabi/11.1.0/../../../../arm-none-eabi/lib/armv6k/fpu\libg.a(lib_a-strchr.o)
                0x0000000000117e6c                strchr
 .text.strlen   0x0000000000117f98       0x5c g:/devkitpro/devkitarm/bin/../lib/gcc/arm-none-eabi/11.1.0/../../../../arm-none-eabi/lib/armv6k/fpu\libg.a(lib_a-strlen-stub.o)
                0x0000000000117f98                strlen
 .text.strncat  0x0000000000117ff4       0xec g:/devkitpro/devkitarm/bin/../lib/gcc/arm-none-eabi/11.1.0/../../../../arm-none-eabi/lib/armv6k/fpu\libg.a(lib_a-strncat.o)
                0x0000000000117ff4                strncat
 .text.strncmp  0x00000000001180e0       0xdc g:/devkitpro/devkitarm/bin/../lib/gcc/arm-none-eabi/11.1.0/../../../../arm-none-eabi/lib/armv6k/fpu\libg.a(lib_a-strncmp.o)
                0x00000000001180e0                strncmp
 .text.strncpy  0x00000000001181bc       0xc0 g:/devkitpro/devkitarm/bin/../lib/gcc/arm-none-eabi/11.1.0/../../../../arm-none-eabi/lib/armv6k/fpu\libg.a(lib_a-strncpy.o)
                0x00000000001181bc                strncpy
 .text.strnlen  0x000000000011827c       0x48 g:/devkitpro/devkitarm/bin/../lib/gcc/arm-none-eabi/11.1.0/../../../../arm-none-eabi/lib/armv6k/fpu\libg.a(lib_a-strnlen.o)
                0x000000000011827c                strnlen
 .text.get_arg  0x00000000001182c4      0x628 g:/devkitpro/devkitarm/bin/../lib/gcc/arm-none-eabi/11.1.0/../../../../arm-none-eabi/lib/armv6k/fpu\libg.a(lib_a-svfprintf.o)
 *fill*         0x00000000001188ec        0x4 
 .text._svfprintf_r
                0x00000000001188f0     0x35b8 g:/devkitpro/devkitarm/bin/../lib/gcc/arm-none-eabi/11.1.0/../../../../arm-none-eabi/lib/armv6k/fpu\libg.a(lib_a-svfprintf.o)
                0x00000000001188f0                _svfprintf_r
 .text.time     0x000000000011bea8       0x3c g:/devkitpro/devkitarm/bin/../lib/gcc/arm-none-eabi/11.1.0/../../../../arm-none-eabi/lib/armv6k/fpu\libg.a(lib_a-time.o)
                0x000000000011bea8                time
 .text._wcrtomb_r
                0x000000000011bee4       0x54 g:/devkitpro/devkitarm/bin/../lib/gcc/arm-none-eabi/11.1.0/../../../../arm-none-eabi/lib/armv6k/fpu\libg.a(lib_a-wcrtomb.o)
                0x000000000011bee4                _wcrtomb_r
 .text._wcsrtombs_r
                0x000000000011bf38       0x28 g:/devkitpro/devkitarm/bin/../lib/gcc/arm-none-eabi/11.1.0/../../../../arm-none-eabi/lib/armv6k/fpu\libg.a(lib_a-wcsrtombs.o)
                0x000000000011bf38                _wcsrtombs_r
 .text.__call_exitprocs
                0x000000000011bf60      0x114 g:/devkitpro/devkitarm/bin/../lib/gcc/arm-none-eabi/11.1.0/../../../../arm-none-eabi/lib/armv6k/fpu\libg.a(lib_a-__call_atexit.o)
                0x000000000011bf60                __call_exitprocs
 .text.quorem   0x000000000011c074      0x1ac g:/devkitpro/devkitarm/bin/../lib/gcc/arm-none-eabi/11.1.0/../../../../arm-none-eabi/lib/armv6k/fpu\libg.a(lib_a-dtoa.o)
 .text._dtoa_r  0x000000000011c220     0x12cc g:/devkitpro/devkitarm/bin/../lib/gcc/arm-none-eabi/11.1.0/../../../../arm-none-eabi/lib/armv6k/fpu\libg.a(lib_a-dtoa.o)
                0x000000000011c220                _dtoa_r
 .text.__sflags
                0x000000000011d4ec       0xcc g:/devkitpro/devkitarm/bin/../lib/gcc/arm-none-eabi/11.1.0/../../../../arm-none-eabi/lib/armv6k/fpu\libg.a(lib_a-flags.o)
                0x000000000011d4ec                __sflags
 .text._localeconv_r
                0x000000000011d5b8        0xc g:/devkitpro/devkitarm/bin/../lib/gcc/arm-none-eabi/11.1.0/../../../../arm-none-eabi/lib/armv6k/fpu\libg.a(lib_a-localeconv.o)
                0x000000000011d5b8                _localeconv_r
 .text.__locale_mb_cur_max
                0x000000000011d5c4       0x10 g:/devkitpro/devkitarm/bin/../lib/gcc/arm-none-eabi/11.1.0/../../../../arm-none-eabi/lib/armv6k/fpu\libg.a(lib_a-locale.o)
                0x000000000011d5c4                __locale_mb_cur_max
 .text.__utf8_mbtowc
                0x000000000011d5d4      0x2e4 g:/devkitpro/devkitarm/bin/../lib/gcc/arm-none-eabi/11.1.0/../../../../arm-none-eabi/lib/armv6k/fpu\libg.a(lib_a-mbtowc_r.o)
                0x000000000011d5d4                __utf8_mbtowc
 .text.memchr   0x000000000011d8b8       0xe0 g:/devkitpro/devkitarm/bin/../lib/gcc/arm-none-eabi/11.1.0/../../../../arm-none-eabi/lib/armv6k/fpu\libg.a(lib_a-memchr-stub.o)
                0x000000000011d8b8                memchr
 .text.memmove  0x000000000011d998      0x154 g:/devkitpro/devkitarm/bin/../lib/gcc/arm-none-eabi/11.1.0/../../../../arm-none-eabi/lib/armv6k/fpu\libg.a(lib_a-memmove.o)
                0x000000000011d998                memmove
 .text._Balloc  0x000000000011daec       0x88 g:/devkitpro/devkitarm/bin/../lib/gcc/arm-none-eabi/11.1.0/../../../../arm-none-eabi/lib/armv6k/fpu\libg.a(lib_a-mprec.o)
                0x000000000011daec                _Balloc
 .text._Bfree   0x000000000011db74       0x1c g:/devkitpro/devkitarm/bin/../lib/gcc/arm-none-eabi/11.1.0/../../../../arm-none-eabi/lib/armv6k/fpu\libg.a(lib_a-mprec.o)
                0x000000000011db74                _Bfree
 .text.__multadd
                0x000000000011db90       0xf4 g:/devkitpro/devkitarm/bin/../lib/gcc/arm-none-eabi/11.1.0/../../../../arm-none-eabi/lib/armv6k/fpu\libg.a(lib_a-mprec.o)
                0x000000000011db90                __multadd
 .text.__hi0bits
                0x000000000011dc84       0x58 g:/devkitpro/devkitarm/bin/../lib/gcc/arm-none-eabi/11.1.0/../../../../arm-none-eabi/lib/armv6k/fpu\libg.a(lib_a-mprec.o)
                0x000000000011dc84                __hi0bits
 .text.__lo0bits
                0x000000000011dcdc       0x94 g:/devkitpro/devkitarm/bin/../lib/gcc/arm-none-eabi/11.1.0/../../../../arm-none-eabi/lib/armv6k/fpu\libg.a(lib_a-mprec.o)
                0x000000000011dcdc                __lo0bits
 .text.__i2b    0x000000000011dd70       0xa4 g:/devkitpro/devkitarm/bin/../lib/gcc/arm-none-eabi/11.1.0/../../../../arm-none-eabi/lib/armv6k/fpu\libg.a(lib_a-mprec.o)
                0x000000000011dd70                __i2b
 .text.__multiply
                0x000000000011de14      0x204 g:/devkitpro/devkitarm/bin/../lib/gcc/arm-none-eabi/11.1.0/../../../../arm-none-eabi/lib/armv6k/fpu\libg.a(lib_a-mprec.o)
                0x000000000011de14                __multiply
 .text.__pow5mult
                0x000000000011e018      0x120 g:/devkitpro/devkitarm/bin/../lib/gcc/arm-none-eabi/11.1.0/../../../../arm-none-eabi/lib/armv6k/fpu\libg.a(lib_a-mprec.o)
                0x000000000011e018                __pow5mult
 .text.__lshift
                0x000000000011e138      0x13c g:/devkitpro/devkitarm/bin/../lib/gcc/arm-none-eabi/11.1.0/../../../../arm-none-eabi/lib/armv6k/fpu\libg.a(lib_a-mprec.o)
                0x000000000011e138                __lshift
 .text.__mcmp   0x000000000011e274       0x58 g:/devkitpro/devkitarm/bin/../lib/gcc/arm-none-eabi/11.1.0/../../../../arm-none-eabi/lib/armv6k/fpu\libg.a(lib_a-mprec.o)
                0x000000000011e274                __mcmp
 .text.__mdiff  0x000000000011e2cc      0x1cc g:/devkitpro/devkitarm/bin/../lib/gcc/arm-none-eabi/11.1.0/../../../../arm-none-eabi/lib/armv6k/fpu\libg.a(lib_a-mprec.o)
                0x000000000011e2cc                __mdiff
 .text.__d2b    0x000000000011e498      0x124 g:/devkitpro/devkitarm/bin/../lib/gcc/arm-none-eabi/11.1.0/../../../../arm-none-eabi/lib/armv6k/fpu\libg.a(lib_a-mprec.o)
                0x000000000011e498                __d2b
 *fill*         0x000000000011e5bc        0x4 
 .text.frexp    0x000000000011e5c0       0xa8 g:/devkitpro/devkitarm/bin/../lib/gcc/arm-none-eabi/11.1.0/../../../../arm-none-eabi/lib/armv6k/fpu\libg.a(lib_a-s_frexp.o)
                0x000000000011e5c0                frexp
 .text.__ssprint_r
                0x000000000011e668      0x190 g:/devkitpro/devkitarm/bin/../lib/gcc/arm-none-eabi/11.1.0/../../../../arm-none-eabi/lib/armv6k/fpu\libg.a(lib_a-svfiprintf.o)
                0x000000000011e668                __ssprint_r
 .text._wcsnrtombs_l
                0x000000000011e7f8      0x190 g:/devkitpro/devkitarm/bin/../lib/gcc/arm-none-eabi/11.1.0/../../../../arm-none-eabi/lib/armv6k/fpu\libg.a(lib_a-wcsnrtombs.o)
                0x000000000011e7f8                _wcsnrtombs_l
 .text._wcsnrtombs_r
                0x000000000011e988       0x4c g:/devkitpro/devkitarm/bin/../lib/gcc/arm-none-eabi/11.1.0/../../../../arm-none-eabi/lib/armv6k/fpu\libg.a(lib_a-wcsnrtombs.o)
                0x000000000011e988                _wcsnrtombs_r
 .text.__utf8_wctomb
                0x000000000011e9d4       0xf0 g:/devkitpro/devkitarm/bin/../lib/gcc/arm-none-eabi/11.1.0/../../../../arm-none-eabi/lib/armv6k/fpu\libg.a(lib_a-wctomb_r.o)